Vivado Simulator v2026.1
Copyright 1986-2022 Xilinx, Inc. All Rights Reserved.
Copyright 2022-2026 Advanced Micro Devices, Inc. All Rights Reserved.
Running: D:/AMDdesign/2026.1/Vivado/bin/unwrapped/win64.o/xelab.exe --incr --debug typical --relax --mt 2 -L xil_defaultlib -L microblaze_v11_0_17 -L axi_lite_ipif_v3_1_0 -L axi_timer_v2_0_38 -L interrupt_control_v3_2_0 -L axi_gpio_v2_0_38 -L lmb_v10_v3_0_16 -L lmb_bram_if_cntlr_v4_0_28 -L blk_mem_gen_v8_4_13 -L smartconnect_v1_0 -L proc_sys_reset_v5_0_17 -L axi_infrastructure_v1_1_0 -L axi_register_slice_v2_1_37 -L axi_vip_v1_1_23 -L axi_intc_v4_1_23 -L mdm_v3_2_30 -L uvm -L xilinx_vip -L unisims_ver -L unimacro_ver -L secureip -L xpm --snapshot MicroBlaze_tb_behav xil_defaultlib.MicroBlaze_tb xil_defaultlib.glbl -log elaborate.log 
INFO: [XSIM 43-3493] Using 2 slave threads.
Starting static elaboration
Pass Through NonSizing Optimizer
WARNING: [VRFC 10-5021] port 'generateout0' is not connected on this instance [D:/Learn/robotdreams/Homework_004/MicroBlaze/MicroBlaze.gen/sources_1/bd/MicroBlaze/sim/MicroBlaze.v:160]
WARNING: [VRFC 10-5021] port 'peripheral_reset' is not connected on this instance [D:/Learn/robotdreams/Homework_004/MicroBlaze/MicroBlaze.gen/sources_1/bd/MicroBlaze/sim/MicroBlaze.v:377]
WARNING: [VRFC 10-5021] port 'lmb_rst' is not connected on this instance [D:/Learn/robotdreams/Homework_004/MicroBlaze/MicroBlaze.gen/sources_1/bd/MicroBlaze/sim/MicroBlaze.v:513]
WARNING: [VRFC 10-5021] port 'lmb_rst' is not connected on this instance [D:/Learn/robotdreams/Homework_004/MicroBlaze/MicroBlaze.gen/sources_1/bd/MicroBlaze/sim/MicroBlaze.v:559]
Completed static elaboration
Starting simulation data flow analysis
Completed simulation data flow analysis
Time Resolution for simulation is 1ps
Compiling package std.standard
Compiling package std.textio
Compiling package ieee.std_logic_1164
Compiling package ieee.numeric_std
Compiling package ieee.std_logic_arith
Compiling package ieee.std_logic_unsigned
Compiling package synopsys.attributes
Compiling package ieee.std_logic_misc
Compiling package axi_lite_ipif_v3_1_0.ipif_pkg
Compiling package xpm.vcomponents
Compiling package axi_timer_v2_0_38.tc_types
Compiling package unisim.vcomponents
Compiling package ieee.vital_timing
Compiling package ieee.vital_primitives
Compiling package unisim.vpkg
Compiling package mdm_v3_2_30.mdm_funcs
Compiling package microblaze_v11_0_17.microblaze_types
Compiling package microblaze_v11_0_17.microblaze_isa
Compiling package ieee.math_real
Compiling package lmb_bram_if_cntlr_v4_0_28.lmb_bram_if_funcs
Compiling package smartconnect_v1_0.sc_util_v1_0_4_pkg
Compiling architecture imp of entity axi_lite_ipif_v3_1_0.pselect_f [\pselect_f(c_ab=2,c_aw=2,c_bar="...]
Compiling architecture imp of entity axi_lite_ipif_v3_1_0.pselect_f [\pselect_f(c_ab=2,c_aw=2,c_bar="...]
Compiling architecture imp of entity axi_lite_ipif_v3_1_0.pselect_f [\pselect_f(c_ab=2,c_aw=2,c_bar="...]
Compiling architecture imp of entity axi_lite_ipif_v3_1_0.pselect_f [\pselect_f(c_ab=2,c_aw=2,c_bar="...]
Compiling architecture imp of entity axi_lite_ipif_v3_1_0.address_decoder [\address_decoder(c_bus_awidth=9,...]
Compiling architecture imp of entity axi_lite_ipif_v3_1_0.slave_attachment [\slave_attachment(c_ard_addr_ran...]
Compiling architecture imp of entity axi_lite_ipif_v3_1_0.axi_lite_ipif [\axi_lite_ipif(c_s_axi_addr_widt...]
Compiling module xpm.xpm_cdc_array_single(DEST_SYNC_F...
Compiling architecture imp of entity axi_gpio_v2_0_38.GPIO_Core [\GPIO_Core(c_aw=9,c_gpio_width=4...]
Compiling architecture imp of entity axi_gpio_v2_0_38.axi_gpio [\axi_gpio(c_family="zynq",c_gpio...]
Compiling architecture microblaze_axi_gpio_0_0_arch of entity xil_defaultlib.MicroBlaze_axi_gpio_0_0 [microblaze_axi_gpio_0_0_default]
Compiling architecture muxcy_v of entity unisim.MUXCY [muxcy_default]
Compiling architecture imp of entity axi_timer_v2_0_38.mux_onehot_f [\mux_onehot_f(c_nb=6,c_family="z...]
Compiling architecture fdre_v of entity unisim.FDRE [fdre_default]
Compiling architecture imp of entity axi_timer_v2_0_38.counter_f [\counter_f(c_num_bits=32,c_famil...]
Compiling architecture imp of entity axi_timer_v2_0_38.count_module [\count_module(c_family="zynq")(1...]
Compiling architecture lut4_v of entity unisim.LUT4 [\LUT4(init="1111111111001010")(0...]
Compiling architecture fdrse_v of entity unisim.FDRSE [fdrse_default]
Compiling module xpm.xpm_cdc_single(DEST_SYNC_FF=4,IN...
Compiling architecture imp of entity axi_timer_v2_0_38.timer_control [\timer_control(c_ard_num_ce_arra...]
Compiling architecture lut2_v of entity unisim.LUT2 [\LUT2(init="1110")(0,3)\]
Compiling architecture fdrs_v of entity unisim.FDRS [fdrs_default]
Compiling architecture imp of entity axi_timer_v2_0_38.tc_core [\tc_core(c_family="zynq",c_ard_n...]
Compiling architecture imp of entity axi_lite_ipif_v3_1_0.pselect_f [\pselect_f(c_ab=3,c_aw=3,c_bar="...]
Compiling architecture imp of entity axi_lite_ipif_v3_1_0.pselect_f [\pselect_f(c_ab=3,c_aw=3,c_bar="...]
Compiling architecture imp of entity axi_lite_ipif_v3_1_0.pselect_f [\pselect_f(c_ab=3,c_aw=3,c_bar="...]
Compiling architecture imp of entity axi_lite_ipif_v3_1_0.pselect_f [\pselect_f(c_ab=3,c_aw=3,c_bar="...]
Compiling architecture imp of entity axi_lite_ipif_v3_1_0.pselect_f [\pselect_f(c_ab=3,c_aw=3,c_bar="...]
Compiling architecture imp of entity axi_lite_ipif_v3_1_0.pselect_f [\pselect_f(c_ab=3,c_aw=3,c_bar="...]
Compiling architecture imp of entity axi_lite_ipif_v3_1_0.pselect_f [\pselect_f(c_ab=3,c_aw=3,c_bar="...]
Compiling architecture imp of entity axi_lite_ipif_v3_1_0.pselect_f [\pselect_f(c_ab=3,c_aw=3,c_bar="...]
Compiling architecture imp of entity axi_lite_ipif_v3_1_0.address_decoder [\address_decoder(c_bus_awidth=5,...]
Compiling architecture imp of entity axi_lite_ipif_v3_1_0.slave_attachment [\slave_attachment(c_ard_addr_ran...]
Compiling architecture imp of entity axi_lite_ipif_v3_1_0.axi_lite_ipif [\axi_lite_ipif(c_s_axi_addr_widt...]
Compiling architecture imp of entity axi_timer_v2_0_38.axi_timer [\axi_timer(c_family="zynq")(1,4)...]
Compiling architecture microblaze_axi_timer_0_0_arch of entity xil_defaultlib.MicroBlaze_axi_timer_0_0 [microblaze_axi_timer_0_0_default]
Compiling module unisims_ver.IBUF
Compiling module unisims_ver.MMCME2_ADV(CLKFBOUT_MULT_F=20.0,...
Compiling module unisims_ver.BUFG
Compiling module xil_defaultlib.MicroBlaze_clk_wiz_0_0_clk_wiz
Compiling module xil_defaultlib.MicroBlaze_clk_wiz_0_0
Compiling architecture bscane2_v of entity unisim.BSCANE2 [\BSCANE2(jtag_chain=2)(1,5)\]
Compiling architecture imp of entity mdm_v3_2_30.MB_BSCANE2 [\MB_BSCANE2(c_target=zynq,jtag_c...]
Compiling architecture lut1_v of entity unisim.LUT1 [\LUT1(init="10")(0,1)\]
Compiling architecture imp of entity mdm_v3_2_30.MB_LUT1 [\MB_LUT1(c_target=zynq,init="10"...]
Compiling architecture bufg_v of entity unisim.BUFG [bufg_default]
Compiling architecture imp of entity mdm_v3_2_30.MB_BUFG [\MB_BUFG(c_target=zynq)\]
Compiling architecture imp of entity mdm_v3_2_30.xil_scan_reset_control [xil_scan_reset_control_default]
Compiling architecture fdce_v of entity unisim.FDCE [fdce_default]
Compiling architecture fdc_1_v of entity unisim.FDC_1 [fdc_1_default]
Compiling architecture imp of entity mdm_v3_2_30.MB_FDC_1 [\MB_FDC_1(c_target=zynq)\]
Compiling architecture fdre_1_v of entity unisim.FDRE_1 [fdre_1_default]
Compiling architecture imp of entity mdm_v3_2_30.MB_FDRE_1 [\MB_FDRE_1(c_target=zynq)\]
Compiling architecture srl16e_v of entity unisim.SRL16E [\SRL16E(init="0000000101100111")...]
Compiling architecture imp of entity mdm_v3_2_30.MB_SRL16E [\MB_SRL16E(c_target=zynq,c_stati...]
Compiling architecture srl16e_v of entity unisim.SRL16E [\SRL16E(init="0100001010000111")...]
Compiling architecture imp of entity mdm_v3_2_30.MB_SRL16E [\MB_SRL16E(c_target=zynq,c_stati...]
Compiling architecture srl16e_v of entity unisim.SRL16E [\SRL16E(init="0100010001000011")...]
Compiling architecture imp of entity mdm_v3_2_30.MB_SRL16E [\MB_SRL16E(c_target=zynq,c_stati...]
Compiling architecture srl16e_v of entity unisim.SRL16E [\SRL16E(init="0101100001001101")...]
Compiling architecture imp of entity mdm_v3_2_30.MB_SRL16E [\MB_SRL16E(c_target=zynq,c_stati...]
Compiling architecture imp of entity mdm_v3_2_30.JTAG_CONTROL [\JTAG_CONTROL(c_target=zynq,c_us...]
Compiling architecture imp of entity mdm_v3_2_30.MDM_Core [\MDM_Core(c_target=zynq,c_jtag_c...]
Compiling architecture imp of entity mdm_v3_2_30.MDM [\MDM(c_family="zynq",c_device="x...]
Compiling architecture microblaze_mdm_1_0_arch of entity xil_defaultlib.MicroBlaze_mdm_1_0 [microblaze_mdm_1_0_default]
Compiling architecture imp of entity microblaze_v11_0_17.mb_sync_bit [mb_sync_bit_default]
Compiling architecture imp of entity microblaze_v11_0_17.DAXI_interface [\DAXI_interface(c_data_size=32,c...]
Compiling architecture srl16e_v of entity unisim.SRL16E [\SRL16E(init="1111111111111111")...]
Compiling architecture imp of entity microblaze_v11_0_17.MB_SRL16E [\MB_SRL16E(c_target=zynq,c_use_s...]
Compiling architecture srl16e_v of entity unisim.SRL16E [\SRL16E(init="0011111111111111")...]
Compiling architecture imp of entity microblaze_v11_0_17.MB_SRL16E [\MB_SRL16E(c_target=zynq,c_use_s...]
Compiling architecture srl16e_v of entity unisim.SRL16E [\SRL16E(15,0)\]
Compiling architecture imp of entity microblaze_v11_0_17.MB_SRL16E [\MB_SRL16E(c_target=zynq,c_use_s...]
Compiling architecture srl16e_v of entity unisim.SRL16E [\SRL16E(init="0000000000011011")...]
Compiling architecture imp of entity microblaze_v11_0_17.MB_SRL16E [\MB_SRL16E(c_target=zynq,c_use_s...]
Compiling architecture srl16e_v of entity unisim.SRL16E [\SRL16E(init="0000000000111000")...]
Compiling architecture imp of entity microblaze_v11_0_17.MB_SRL16E [\MB_SRL16E(c_target=zynq,c_use_s...]
Compiling architecture srl16e_v of entity unisim.SRL16E [\SRL16E(init="0001000001100000")...]
Compiling architecture imp of entity microblaze_v11_0_17.MB_SRL16E [\MB_SRL16E(c_target=zynq,c_use_s...]
Compiling architecture srl16e_v of entity unisim.SRL16E [\SRL16E(init="0010010100000000")...]
Compiling architecture imp of entity microblaze_v11_0_17.MB_SRL16E [\MB_SRL16E(c_target=zynq,c_use_s...]
Compiling architecture imp of entity microblaze_v11_0_17.mb_sync_bit [\mb_sync_bit(c_levels=1,c_reset_...]
Compiling architecture imp of entity microblaze_v11_0_17.mb_sync_vec [\mb_sync_vec(c_levels=1,c_reset_...]
Compiling architecture imp of entity microblaze_v11_0_17.mb_sync_bit [\mb_sync_bit(c_levels=1)\]
Compiling architecture imp of entity microblaze_v11_0_17.mb_sync_vec [\mb_sync_vec(c_width=10)\]
Compiling architecture srlc16e_v of entity unisim.SRLC16E [\SRLC16E(0,15)\]
Compiling architecture imp of entity microblaze_v11_0_17.MB_SRLC16E [\MB_SRLC16E(c_target=zynq,c_use_...]
Compiling architecture imp of entity microblaze_v11_0_17.address_hit [\address_hit(c_target=zynq,c_use...]
Compiling architecture imp of entity microblaze_v11_0_17.xil_scan_reset_control [xil_scan_reset_control_default]
Compiling architecture imp of entity microblaze_v11_0_17.Debug [\Debug(c_data_size=32,c_instr_si...]
Compiling architecture imp of entity microblaze_v11_0_17.interrupt_mode_converter [\interrupt_mode_converter(c_edge...]
Compiling architecture imp of entity microblaze_v11_0_17.MB_MUXCY [\MB_MUXCY(c_target=zynq)\]
Compiling architecture lut5_v of entity unisim.LUT5 [\LUT5(init="00000000000000000000...]
Compiling architecture imp of entity microblaze_v11_0_17.MB_LUT5 [\MB_LUT5(c_target=zynq,init="000...]
Compiling architecture lut5_v of entity unisim.LUT5 [\LUT5(init="00000000000000000000...]
Compiling architecture imp of entity microblaze_v11_0_17.MB_LUT5 [\MB_LUT5(c_target=zynq,init="000...]
Compiling architecture lut4_v of entity unisim.LUT4 [\LUT4(init="0010000000000000")(0...]
Compiling architecture imp of entity microblaze_v11_0_17.MB_LUT4 [\MB_LUT4(c_target=zynq,init="001...]
Compiling architecture lut4_v of entity unisim.LUT4 [\LUT4(init="0000001000000000")(0...]
Compiling architecture imp of entity microblaze_v11_0_17.MB_LUT4 [\MB_LUT4(c_target=zynq,init="000...]
Compiling architecture lut3_v of entity unisim.LUT3 [\LUT3(init="00000100")(0,7)\]
Compiling architecture imp of entity microblaze_v11_0_17.MB_LUT3 [\MB_LUT3(c_target=zynq,init="000...]
Compiling architecture lut3_v of entity unisim.LUT3 [\LUT3(init="00010101")(0,7)\]
Compiling architecture imp of entity microblaze_v11_0_17.MB_LUT3 [\MB_LUT3(c_target=zynq,init="000...]
Compiling architecture lut4_v of entity unisim.LUT4 [\LUT4(init="1000010000100001")(0...]
Compiling architecture imp of entity microblaze_v11_0_17.MB_LUT4 [\MB_LUT4(c_target=zynq,init="100...]
Compiling architecture lut3_v of entity unisim.LUT3 [\LUT3(init="10010000")(0,7)\]
Compiling architecture imp of entity microblaze_v11_0_17.MB_LUT3 [\MB_LUT3(c_target=zynq,init="100...]
Compiling architecture lut4_v of entity unisim.LUT4 [\LUT4(init="1000000000000000")(0...]
Compiling architecture imp of entity microblaze_v11_0_17.MB_LUT4 [\MB_LUT4(c_target=zynq,init="100...]
Compiling architecture imp of entity microblaze_v11_0_17.MB_FDRE [\MB_FDRE(c_target=zynq)\]
Compiling architecture lut4_v of entity unisim.LUT4 [\LUT4(init="0000000011110000")(0...]
Compiling architecture imp of entity microblaze_v11_0_17.MB_LUT4 [\MB_LUT4(c_target=zynq,init="000...]
Compiling architecture lut2_v of entity unisim.LUT2 [\LUT2(init="1000")(0,3)\]
Compiling architecture mult_and_v of entity unisim.MULT_AND [mult_and_default]
Compiling architecture imp of entity microblaze_v11_0_17.MB_MULT_AND [\MB_MULT_AND(c_target=zynq)\]
Compiling architecture imp of entity microblaze_v11_0_17.MB_FDRSE [\MB_FDRSE(c_target=zynq)\]
Compiling architecture imp of entity microblaze_v11_0_17.MB_FDSE [\MB_FDSE(c_target=zynq)\]
Compiling architecture lut3_v of entity unisim.LUT3 [\LUT3(init="10110100")(0,7)\]
Compiling architecture imp of entity microblaze_v11_0_17.MB_LUT3 [\MB_LUT3(c_target=zynq,init="101...]
Compiling architecture lut4_v of entity unisim.LUT4 [\LUT4(init="1010101010111010")(0...]
Compiling architecture imp of entity microblaze_v11_0_17.MB_LUT4 [\MB_LUT4(c_target=zynq,init="101...]
Compiling architecture srl16e_v of entity unisim.SRL16E [\SRL16E(0,15)\]
Compiling architecture imp of entity microblaze_v11_0_17.MB_SRL16E [\MB_SRL16E(c_target=zynq,c_use_s...]
Compiling architecture muxcy_l_v of entity unisim.MUXCY_L [muxcy_l_default]
Compiling architecture xorcy_v of entity unisim.XORCY [xorcy_default]
Compiling architecture imp of entity microblaze_v11_0_17.MB_MUXCY_XORCY [\MB_MUXCY_XORCY(c_target=zynq)\]
Compiling architecture fdse_v of entity unisim.FDSE [fdse_default]
Compiling architecture fds_v of entity unisim.FDS [fds_default]
Compiling architecture imp of entity microblaze_v11_0_17.MB_FDS [\MB_FDS(c_target=zynq)\]
Compiling architecture fdr_v of entity unisim.FDR [fdr_default]
Compiling architecture imp of entity microblaze_v11_0_17.MB_FDR [\MB_FDR(c_target=zynq)\]
Compiling architecture imp of entity microblaze_v11_0_17.PreFetch_Buffer [\PreFetch_Buffer(c_instr_size=32...]
Compiling architecture lut4_v of entity unisim.LUT4 [\LUT4(init="1111100000000000")(0...]
Compiling architecture imp of entity microblaze_v11_0_17.MB_LUT4 [\MB_LUT4(c_target=zynq,init="111...]
Compiling architecture imp of entity microblaze_v11_0_17.Decode [\Decode(c_data_size=32,c_instr_s...]
Compiling architecture lut6_2_v of entity unisim.LUT6_2 [\LUT6_2(init="111111110000000011...]
Compiling architecture imp of entity microblaze_v11_0_17.MB_LUT6_2 [\MB_LUT6_2(c_target=zynq,init="1...]
Compiling architecture imp of entity microblaze_v11_0_17.barrel_shift [\barrel_shift(c_data_size=32,c_a...]
Compiling architecture ram32x1d_v of entity unisim.RAM32X1D [ram32x1d_default]
Compiling architecture imp of entity microblaze_v11_0_17.MB_RAM32X1D [\MB_RAM32X1D(c_target=zynq,c_use...]
Compiling architecture imp of entity microblaze_v11_0_17.Register_File_Bit [\Register_File_Bit(c_target=zynq...]
Compiling architecture imp of entity microblaze_v11_0_17.Register_File [\Register_File(c_data_size=32,c_...]
Compiling architecture lut6_2_v of entity unisim.LUT6_2 [\LUT6_2(init="111111110000000011...]
Compiling architecture imp of entity microblaze_v11_0_17.MB_LUT6_2 [\MB_LUT6_2(c_target=zynq,init="1...]
Compiling architecture fde_v of entity unisim.FDE [fde_default]
Compiling architecture imp of entity microblaze_v11_0_17.MB_FDE [\MB_FDE(c_target=zynq)\]
Compiling architecture imp of entity microblaze_v11_0_17.Operand_Select_Bit [\Operand_Select_Bit(c_target=zyn...]
Compiling architecture imp of entity microblaze_v11_0_17.Operand_Select_Bit [\Operand_Select_Bit(c_target=zyn...]
Compiling architecture imp of entity microblaze_v11_0_17.Operand_Select_Bit [\Operand_Select_Bit(c_target=zyn...]
Compiling architecture imp of entity microblaze_v11_0_17.Operand_Select_Bit [\Operand_Select_Bit(c_target=zyn...]
Compiling architecture imp of entity microblaze_v11_0_17.Operand_Select_Bit [\Operand_Select_Bit(c_target=zyn...]
Compiling architecture imp of entity microblaze_v11_0_17.Operand_Select_Bit [\Operand_Select_Bit(c_target=zyn...]
Compiling architecture imp of entity microblaze_v11_0_17.Operand_Select_Bit [\Operand_Select_Bit(c_target=zyn...]
Compiling architecture imp of entity microblaze_v11_0_17.Operand_Select [\Operand_Select(c_data_size=32,c...]
Compiling architecture lut3_v of entity unisim.LUT3 [\LUT3(0,7)\]
Compiling architecture imp of entity microblaze_v11_0_17.MB_LUT3 [\MB_LUT3(c_target=zynq)(0,7)\]
Compiling architecture lut6_2_v of entity unisim.LUT6_2 [\LUT6_2(init="011000000111101010...]
Compiling architecture imp of entity microblaze_v11_0_17.MB_LUT6_2 [\MB_LUT6_2(c_target=zynq,init="0...]
Compiling architecture imp of entity microblaze_v11_0_17.ALU_Bit [\ALU_Bit(c_target=zynq,c_allow_l...]
Compiling architecture lut6_v of entity unisim.LUT6 [\LUT6(init="01100000011110101010...]
Compiling architecture imp of entity microblaze_v11_0_17.MB_LUT6 [\MB_LUT6(c_target=zynq,init="011...]
Compiling architecture lut4_v of entity unisim.LUT4 [\LUT4(init="1111101000001010")(0...]
Compiling architecture imp of entity microblaze_v11_0_17.MB_LUT4 [\MB_LUT4(c_target=zynq,init="111...]
Compiling architecture imp of entity microblaze_v11_0_17.ALU_Bit [\ALU_Bit(c_target=zynq,c_allow_l...]
Compiling architecture imp of entity microblaze_v11_0_17.ALU [\ALU(c_data_size=32,c_area_optim...]
Compiling architecture lut4_v of entity unisim.LUT4 [\LUT4(init="0100011010001110")(0...]
Compiling architecture imp of entity microblaze_v11_0_17.MB_LUT4 [\MB_LUT4(c_target=zynq,init="010...]
Compiling architecture lut4_v of entity unisim.LUT4 [\LUT4(init="1111110010101010")(0...]
Compiling architecture imp of entity microblaze_v11_0_17.MB_LUT4 [\MB_LUT4(c_target=zynq,init="111...]
Compiling architecture muxf7_v of entity unisim.MUXF7 [muxf7_default]
Compiling architecture imp of entity microblaze_v11_0_17.MB_MUXF7 [\MB_MUXF7(c_target=zynq)\]
Compiling architecture imp of entity microblaze_v11_0_17.Shift_Logic_Bit [\Shift_Logic_Bit(c_target=zynq)\]
Compiling architecture imp of entity microblaze_v11_0_17.carry_equal [\carry_equal(c_target=zynq,size=...]
Compiling architecture lut4_v of entity unisim.LUT4 [\LUT4(init="0000000000000010")(0...]
Compiling architecture imp of entity microblaze_v11_0_17.MB_LUT4 [\MB_LUT4(c_target=zynq,init="000...]
Compiling architecture lut4_v of entity unisim.LUT4 [\LUT4(init="0000000011111100")(0...]
Compiling architecture imp of entity microblaze_v11_0_17.MB_LUT4 [\MB_LUT4(c_target=zynq,init="000...]
Compiling architecture lut4_v of entity unisim.LUT4 [\LUT4(init="1111111100001100")(0...]
Compiling architecture imp of entity microblaze_v11_0_17.MB_LUT4 [\MB_LUT4(c_target=zynq,init="111...]
Compiling architecture lut4_v of entity unisim.LUT4 [\LUT4(init="0111111111111111")(0...]
Compiling architecture imp of entity microblaze_v11_0_17.MB_LUT4 [\MB_LUT4(c_target=zynq,init="011...]
Compiling architecture lut4_v of entity unisim.LUT4 [\LUT4(init="1111000011101110")(0...]
Compiling architecture imp of entity microblaze_v11_0_17.MB_LUT4 [\MB_LUT4(c_target=zynq,init="111...]
Compiling architecture imp of entity microblaze_v11_0_17.count_leading_zeros [count_leading_zeros_default]
Compiling architecture imp of entity microblaze_v11_0_17.MB_LUT2 [\MB_LUT2(c_target=zynq,init="111...]
Compiling architecture imp of entity microblaze_v11_0_17.Shift_Logic_Module [\Shift_Logic_Module(c_data_size=...]
Compiling architecture imp of entity microblaze_v11_0_17.mul_unit [\mul_unit(c_data_size=32,c_targe...]
Compiling architecture lut4_v of entity unisim.LUT4 [\LUT4(init="1110111111100000")(0...]
Compiling architecture imp of entity microblaze_v11_0_17.MB_LUT4 [\MB_LUT4(c_target=zynq,init="111...]
Compiling architecture lut6_v of entity unisim.LUT6 [\LUT6(init="11100000010000001110...]
Compiling architecture imp of entity microblaze_v11_0_17.MB_LUT6 [\MB_LUT6(c_target=zynq,init="111...]
Compiling architecture fd_v of entity unisim.FD [fd_default]
Compiling architecture imp of entity microblaze_v11_0_17.MB_FD [\MB_FD(c_target=zynq)\]
Compiling architecture imp of entity microblaze_v11_0_17.Result_Mux_Bit [\Result_Mux_Bit(c_target=zynq)\]
Compiling architecture imp of entity microblaze_v11_0_17.Result_Mux [\Result_Mux(c_data_size=32,c_tar...]
Compiling architecture imp of entity microblaze_v11_0_17.Zero_Detect [\Zero_Detect(c_data_size=32,c_ta...]
Compiling architecture imp of entity microblaze_v11_0_17.MSR_Reg_Bit [\MSR_Reg_Bit(c_target=zynq)\]
Compiling architecture imp of entity microblaze_v11_0_17.MSR_Reg [\MSR_Reg(c_target=zynq,c_data_si...]
Compiling architecture lut4_v of entity unisim.LUT4 [\LUT4(init="1111000001100110")(0...]
Compiling architecture imp of entity microblaze_v11_0_17.MB_LUT4 [\MB_LUT4(c_target=zynq,init="111...]
Compiling architecture lut4_v of entity unisim.LUT4 [\LUT4(init="1010101011001010")(0...]
Compiling architecture imp of entity microblaze_v11_0_17.MB_LUT4 [\MB_LUT4(c_target=zynq,init="101...]
Compiling architecture imp of entity microblaze_v11_0_17.PC_Bit [\PC_Bit(c_target=zynq,c_reset_va...]
Compiling architecture imp of entity microblaze_v11_0_17.PC_Bit [\PC_Bit(c_target=zynq,c_ex_reset...]
Compiling architecture imp of entity microblaze_v11_0_17.PC_Module [\PC_Module(c_data_size=32,c_addr...]
Compiling architecture imp of entity microblaze_v11_0_17.PVR [\PVR(c_data_size=32,c_daddr_size...]
Compiling architecture imp of entity microblaze_v11_0_17.Data_Flow [\Data_Flow(c_data_size=32,c_inst...]
Compiling architecture lut6_2_v of entity unisim.LUT6_2 [\LUT6_2(init="100001110111100010...]
Compiling architecture imp of entity microblaze_v11_0_17.MB_LUT6_2 [\MB_LUT6_2(c_target=zynq,init="1...]
Compiling architecture lut6_2_v of entity unisim.LUT6_2 [\LUT6_2(init="011110001000011110...]
Compiling architecture imp of entity microblaze_v11_0_17.MB_LUT6_2 [\MB_LUT6_2(c_target=zynq,init="0...]
Compiling architecture lut6_2_v of entity unisim.LUT6_2 [\LUT6_2(init="001010100010111100...]
Compiling architecture imp of entity microblaze_v11_0_17.MB_LUT6_2 [\MB_LUT6_2(c_target=zynq,init="0...]
Compiling architecture lut6_2_v of entity unisim.LUT6_2 [\LUT6_2(init="000101010001111100...]
Compiling architecture imp of entity microblaze_v11_0_17.MB_LUT6_2 [\MB_LUT6_2(c_target=zynq,init="0...]
Compiling architecture lut6_2_v of entity unisim.LUT6_2 [\LUT6_2(init="000011001100000000...]
Compiling architecture imp of entity microblaze_v11_0_17.MB_LUT6_2 [\MB_LUT6_2(c_target=zynq,init="0...]
Compiling architecture lut3_v of entity unisim.LUT3 [\LUT3(init="10101011")(0,7)\]
Compiling architecture imp of entity microblaze_v11_0_17.MB_LUT3 [\MB_LUT3(c_target=zynq,init="101...]
Compiling architecture lut2_v of entity unisim.LUT2 [\LUT2(init="1011")(0,3)\]
Compiling architecture imp of entity microblaze_v11_0_17.MB_LUT2 [\MB_LUT2(c_target=zynq,init="101...]
Compiling architecture lut6_2_v of entity unisim.LUT6_2 [\LUT6_2(init="000100010001000100...]
Compiling architecture imp of entity microblaze_v11_0_17.MB_LUT6_2 [\MB_LUT6_2(c_target=zynq,init="0...]
Compiling architecture imp of entity microblaze_v11_0_17.mux4_8 [\mux4_8(c_allow_lut6=true,c_targ...]
Compiling architecture imp of entity microblaze_v11_0_17.Byte_Doublet_Handle [\Byte_Doublet_Handle(c_data_size...]
Compiling architecture imp of entity microblaze_v11_0_17.mux_bus [\mux_bus(c_target=zynq,c_allow_l...]
Compiling architecture imp of entity microblaze_v11_0_17.instr_mux [\instr_mux(c_instr_size=32,c_lmb...]
Compiling architecture imp of entity microblaze_v11_0_17.MicroBlaze_Area [\MicroBlaze_Area(c_num_sync_ff_c...]
Compiling architecture imp of entity microblaze_v11_0_17.mb_sync_bit [\mb_sync_bit(c_reset_value='1')\]
Compiling architecture imp of entity microblaze_v11_0_17.MicroBlaze_Core [\MicroBlaze_Core(c_freq=10000000...]
Compiling architecture imp of entity microblaze_v11_0_17.MicroBlaze [\MicroBlaze(c_freq=100000000,g_t...]
Compiling architecture microblaze_microblaze_0_0_arch of entity xil_defaultlib.MicroBlaze_microblaze_0_0 [microblaze_microblaze_0_0_defaul...]
Compiling architecture byte_data_ram_a of entity axi_intc_v4_1_23.shared_ram_ivar [shared_ram_ivar_default]
Compiling architecture imp of entity axi_intc_v4_1_23.intc_core [\intc_core(c_family="zynq",c_kin...]
Compiling architecture imp of entity axi_lite_ipif_v3_1_0.pselect_f [\pselect_f(c_ab=3,c_aw=9,c_bar="...]
Compiling architecture imp of entity axi_lite_ipif_v3_1_0.pselect_f [\pselect_f(c_ab=4,c_aw=4,c_bar="...]
Compiling architecture imp of entity axi_lite_ipif_v3_1_0.pselect_f [\pselect_f(c_ab=4,c_aw=4,c_bar="...]
Compiling architecture imp of entity axi_lite_ipif_v3_1_0.pselect_f [\pselect_f(c_ab=4,c_aw=4,c_bar="...]
Compiling architecture imp of entity axi_lite_ipif_v3_1_0.pselect_f [\pselect_f(c_ab=4,c_aw=4,c_bar="...]
Compiling architecture imp of entity axi_lite_ipif_v3_1_0.pselect_f [\pselect_f(c_ab=4,c_aw=4,c_bar="...]
Compiling architecture imp of entity axi_lite_ipif_v3_1_0.pselect_f [\pselect_f(c_ab=4,c_aw=4,c_bar="...]
Compiling architecture imp of entity axi_lite_ipif_v3_1_0.pselect_f [\pselect_f(c_ab=4,c_aw=4,c_bar="...]
Compiling architecture imp of entity axi_lite_ipif_v3_1_0.pselect_f [\pselect_f(c_ab=4,c_aw=4,c_bar="...]
Compiling architecture imp of entity axi_lite_ipif_v3_1_0.pselect_f [\pselect_f(c_ab=4,c_aw=4,c_bar="...]
Compiling architecture imp of entity axi_lite_ipif_v3_1_0.pselect_f [\pselect_f(c_ab=4,c_aw=4,c_bar="...]
Compiling architecture imp of entity axi_lite_ipif_v3_1_0.pselect_f [\pselect_f(c_ab=4,c_aw=4,c_bar="...]
Compiling architecture imp of entity axi_lite_ipif_v3_1_0.pselect_f [\pselect_f(c_ab=4,c_aw=4,c_bar="...]
Compiling architecture imp of entity axi_lite_ipif_v3_1_0.pselect_f [\pselect_f(c_ab=4,c_aw=4,c_bar="...]
Compiling architecture imp of entity axi_lite_ipif_v3_1_0.pselect_f [\pselect_f(c_ab=4,c_aw=4,c_bar="...]
Compiling architecture imp of entity axi_lite_ipif_v3_1_0.pselect_f [\pselect_f(c_ab=4,c_aw=4,c_bar="...]
Compiling architecture imp of entity axi_lite_ipif_v3_1_0.pselect_f [\pselect_f(c_ab=4,c_aw=4,c_bar="...]
Compiling architecture imp of entity axi_lite_ipif_v3_1_0.pselect_f [\pselect_f(c_ab=2,c_aw=9,c_bar="...]
Compiling architecture imp of entity axi_lite_ipif_v3_1_0.pselect_f [\pselect_f(c_ab=1,c_aw=9,c_bar="...]
Compiling architecture imp of entity axi_lite_ipif_v3_1_0.pselect_f [\pselect_f(c_ab=1,c_aw=1,c_bar="...]
Compiling architecture imp of entity axi_lite_ipif_v3_1_0.pselect_f [\pselect_f(c_ab=1,c_aw=1,c_bar="...]
Compiling architecture imp of entity axi_lite_ipif_v3_1_0.address_decoder [\address_decoder(c_bus_awidth=9,...]
Compiling architecture imp of entity axi_lite_ipif_v3_1_0.slave_attachment [\slave_attachment(c_ard_addr_ran...]
Compiling architecture imp of entity axi_lite_ipif_v3_1_0.axi_lite_ipif [\axi_lite_ipif(c_s_axi_addr_widt...]
Compiling architecture imp of entity axi_intc_v4_1_23.axi_intc [\axi_intc(c_family="zynq",c_inst...]
Compiling architecture microblaze_microblaze_0_axi_intc_0_arch of entity xil_defaultlib.MicroBlaze_microblaze_0_axi_intc_0 [microblaze_microblaze_0_axi_intc...]
Compiling module xpm.xpm_cdc_sync_rst(DEST_SYNC_FF=2,...
Compiling module xil_defaultlib.bd_3fc3_sc_ul_0
Compiling module xil_defaultlib.bd_3fc3
Compiling module xil_defaultlib.MicroBlaze_microblaze_0_axi_peri...
Compiling architecture imp of entity lmb_bram_if_cntlr_v4_0_28.pselect_mask [\pselect_mask(c_bar="00000000000...]
Compiling architecture imp of entity lmb_bram_if_cntlr_v4_0_28.lmb_mux [\lmb_mux(c_target=zynq,c_baseadd...]
Compiling architecture imp of entity lmb_bram_if_cntlr_v4_0_28.lmb_bram_if_cntlr [\lmb_bram_if_cntlr(c_family="zyn...]
Compiling architecture microblaze_dlmb_bram_if_cntlr_0_arch of entity xil_defaultlib.MicroBlaze_dlmb_bram_if_cntlr_0 [microblaze_dlmb_bram_if_cntlr_0_...]
Compiling architecture imp of entity lmb_v10_v3_0_16.lmb_v10 [\lmb_v10(c_lmb_num_slaves=1)\]
Compiling architecture microblaze_dlmb_v10_0_arch of entity xil_defaultlib.MicroBlaze_dlmb_v10_0 [microblaze_dlmb_v10_0_default]
Compiling architecture imp of entity lmb_bram_if_cntlr_v4_0_28.pselect_mask [\pselect_mask(c_bar="00000000000...]
Compiling architecture imp of entity lmb_bram_if_cntlr_v4_0_28.lmb_mux [\lmb_mux(c_target=zynq,c_baseadd...]
Compiling architecture imp of entity lmb_bram_if_cntlr_v4_0_28.lmb_bram_if_cntlr [\lmb_bram_if_cntlr(c_family="zyn...]
Compiling architecture microblaze_ilmb_bram_if_cntlr_0_arch of entity xil_defaultlib.MicroBlaze_ilmb_bram_if_cntlr_0 [microblaze_ilmb_bram_if_cntlr_0_...]
Compiling architecture microblaze_ilmb_v10_0_arch of entity xil_defaultlib.MicroBlaze_ilmb_v10_0 [microblaze_ilmb_v10_0_default]
Compiling module blk_mem_gen_v8_4_13.BLK_MEM_GEN_v8_4_output_stage(C_...
Compiling module blk_mem_gen_v8_4_13.BLK_MEM_GEN_v8_4_softecc_output_...
Compiling module blk_mem_gen_v8_4_13.BLK_MEM_GEN_v8_4_mem_module(C_FA...
Compiling module blk_mem_gen_v8_4_13.blk_mem_gen_v8_4_13(C_FAMILY="zy...
Compiling module xil_defaultlib.MicroBlaze_lmb_bram_0
Compiling module xil_defaultlib.microblaze_0_local_memory_imp_1D...
Compiling architecture fdre_v of entity unisim.FDRE [\FDRE(init='1')\]
Compiling architecture srl16e_v of entity unisim.SRL16E [\SRL16E(init="1111111111111111")...]
Compiling architecture srl16_v of entity unisim.SRL16 [\SRL16(init="1111111111111111")(...]
Compiling architecture imp of entity proc_sys_reset_v5_0_17.lpf [\lpf(c_ext_rst_width=4,c_aux_rst...]
Compiling architecture imp of entity proc_sys_reset_v5_0_17.upcnt_n [\upcnt_n(c_size=6)\]
Compiling architecture imp of entity proc_sys_reset_v5_0_17.sequence_psr [sequence_psr_default]
Compiling architecture imp of entity proc_sys_reset_v5_0_17.proc_sys_reset [\proc_sys_reset(c_family="zynq",...]
Compiling architecture microblaze_rst_clk_wiz_0_100m_0_arch of entity xil_defaultlib.MicroBlaze_rst_clk_wiz_0_100M_0 [microblaze_rst_clk_wiz_0_100m_0_...]
Compiling module xil_defaultlib.MicroBlaze
Compiling module xil_defaultlib.MicroBlaze_wrapper
Compiling module xil_defaultlib.MicroBlaze_tb
Compiling module xil_defaultlib.glbl
Built simulation snapshot MicroBlaze_tb_behav
