Time resolution is 1 ps
Block Memory Generator module MicroBlaze_tb.dut.MicroBlaze_i.microblaze_0_local_memory.lmb_bram.inst.native_mem_mapped_module.blk_mem_gen_v8_4_13_inst is using a behavioral model for simulation which will not precisely model memory collision behavior.
                   0 ns : LED = 0000
            16560000 ns : LED = 0001
           148370000 ns : LED = 0010
           248390000 ns : LED = 0100
           348430000 ns : LED = 1000
           448440000 ns : LED = 0001
           548450000 ns : LED = 0010
           648470000 ns : LED = 0100
           748500000 ns : LED = 1000
           808510000 ns : LED = 0001
           868530000 ns : LED = 0010
           928570000 ns : LED = 0100
           988580000 ns : LED = 1000
          1048590000 ns : LED = 0001
          1108620000 ns : LED = 1000
          1168620000 ns : LED = 0100
          1228660000 ns : LED = 0010
          1288660000 ns : LED = 0001
          1348700000 ns : LED = 1000
          1408700000 ns : LED = 0100
$finish called at time : 1621 us : File "D:/Learn/robotdreams/Homework_004/MicroBlaze/MicroBlaze.srcs/sim_1/new/MicroBlaze_tb.v" Line 44
INFO: xsimkernel Simulation Memory Usage: 40872 KB (Peak: 40872 KB), Simulation CPU Usage: 89202 ms
