
*** Running vivado
    with args -log zynq_PS_wrapper.vdi -applog -m64 -product Vivado -messageDb vivado.pb -mode batch -source zynq_PS_wrapper.tcl -notrace


INFO: [Common 17-3922] A valid Vivado Design Suite BASIC license has been detected. Your current license is active and will expire on 03-aug-2027.
#-----------------------------------------------------------
# Vivado v2026.1 (64-bit)
# SW Build 6511674 on Tue Jun 16 11:02:23 MDT 2026
# IP Build 6504888 on Tue Jun 09 09:05:25 MDT 2026
# SharedData Build 6501428 on Mon Jun 08 17:34:18 MDT 2026
# Start of session at: Thu Oct  1 21:18:41 2026
# Process ID         : 56072
# Current directory  : D:/Learn/robotdreams/Homework_004/Zynq_PS/Zynq_PS.runs/impl_1
# Command line       : vivado.exe -log zynq_PS_wrapper.vdi -applog -product Vivado -messageDb vivado.pb -mode batch -source zynq_PS_wrapper.tcl -notrace
# Log file           : D:/Learn/robotdreams/Homework_004/Zynq_PS/Zynq_PS.runs/impl_1/zynq_PS_wrapper.vdi
# Journal file       : D:/Learn/robotdreams/Homework_004/Zynq_PS/Zynq_PS.runs/impl_1\vivado.jou
# Running On         : DESKTOP-IOFH4PG
# Platform           : Windows 11
# Operating System   : 26200
# Processor Detail   : 13th Gen Intel(R) Core(TM) i7-13650HX
# CPU Frequency      : 2803 MHz
# CPU Physical cores : 14
# CPU Logical cores  : 20
# Host memory        : 34053 MB
# Swap memory        : 18253 MB
# Total Virtual      : 52307 MB
# Available Virtual  : 11089 MB
#-----------------------------------------------------------

****** Vivado v2026.1 (64-bit)
  **** SW Build 6511674 on Tue Jun 16 11:02:23 MDT 2026
  **** IP Build 6504888 on Tue Jun 09 09:05:25 MDT 2026
  **** SharedData Build 6501428 on Mon Jun 08 17:34:18 MDT 2026
  **** Start of session at: Thu Oct  1 21:18:41 2026
    ** Copyright 1986-2022 Xilinx, Inc. All Rights Reserved.
    ** Copyright 2022-2026 Advanced Micro Devices, Inc. All Rights Reserved.

source zynq_PS_wrapper.tcl -notrace
create_project: Time (s): cpu = 00:00:19 ; elapsed = 00:00:13 . Memory (MB): peak = 610.891 ; gain = 269.605
INFO: [IP_Flow 19-234] Refreshing IP repositories
INFO: [IP_Flow 19-1704] No user IP repositories specified
INFO: [IP_Flow 19-2313] Loaded Vivado IP repository 'D:/AMDdesign/2026.1/Vivado/data/ip'.
Command: link_design -top zynq_PS_wrapper -part xc7z010clg400-2
Design is defaulting to srcset: sources_1
Design is defaulting to constrset: constrs_1
INFO: [Device 21-403] Loading part xc7z010clg400-2
INFO: [Project 1-5699] Read binary netlist with skipMacroContent - 1
INFO: [Project 1-454] Reading design checkpoint 'd:/Learn/robotdreams/Homework_004/Zynq_PS/Zynq_PS.gen/sources_1/bd/zynq_PS/ip/zynq_PS_axi_gpio_0_0/zynq_PS_axi_gpio_0_0.dcp' for cell 'zynq_PS_i/axi_gpio_0'
INFO: [Project 1-454] Reading design checkpoint 'd:/Learn/robotdreams/Homework_004/Zynq_PS/Zynq_PS.gen/sources_1/bd/zynq_PS/ip/zynq_PS_axi_smc_0/zynq_PS_axi_smc_0.dcp' for cell 'zynq_PS_i/axi_smc'
INFO: [Project 1-454] Reading design checkpoint 'd:/Learn/robotdreams/Homework_004/Zynq_PS/Zynq_PS.gen/sources_1/bd/zynq_PS/ip/zynq_PS_axi_timer_0_0/zynq_PS_axi_timer_0_0.dcp' for cell 'zynq_PS_i/axi_timer_0'
INFO: [Project 1-454] Reading design checkpoint 'd:/Learn/robotdreams/Homework_004/Zynq_PS/Zynq_PS.gen/sources_1/bd/zynq_PS/ip/zynq_PS_processing_system7_0_0/zynq_PS_processing_system7_0_0.dcp' for cell 'zynq_PS_i/processing_system7_0'
INFO: [Project 1-454] Reading design checkpoint 'd:/Learn/robotdreams/Homework_004/Zynq_PS/Zynq_PS.gen/sources_1/bd/zynq_PS/ip/zynq_PS_rst_ps7_0_50M_0/zynq_PS_rst_ps7_0_50M_0.dcp' for cell 'zynq_PS_i/rst_ps7_0_50M'
Netlist sorting complete. Time (s): cpu = 00:00:00 ; elapsed = 00:00:00.016 . Memory (MB): peak = 874.102 ; gain = 0.000
INFO: [Netlist 29-17] Analyzing 71 Unisim elements for replacement
INFO: [Netlist 29-28] Unisim Transformation completed in 0 CPU seconds
INFO: [Project 1-479] Netlist was created with Vivado 2026.1
INFO: [Project 1-570] Preparing netlist for logic optimization
Parsing XDC File [d:/Learn/robotdreams/Homework_004/Zynq_PS/Zynq_PS.gen/sources_1/bd/zynq_PS/ip/zynq_PS_processing_system7_0_0/zynq_PS_processing_system7_0_0.xdc] for cell 'zynq_PS_i/processing_system7_0/inst'
Finished Parsing XDC File [d:/Learn/robotdreams/Homework_004/Zynq_PS/Zynq_PS.gen/sources_1/bd/zynq_PS/ip/zynq_PS_processing_system7_0_0/zynq_PS_processing_system7_0_0.xdc] for cell 'zynq_PS_i/processing_system7_0/inst'
Parsing XDC File [d:/Learn/robotdreams/Homework_004/Zynq_PS/Zynq_PS.gen/sources_1/bd/zynq_PS/ip/zynq_PS_axi_gpio_0_0/zynq_PS_axi_gpio_0_0_board.xdc] for cell 'zynq_PS_i/axi_gpio_0/U0'
Finished Parsing XDC File [d:/Learn/robotdreams/Homework_004/Zynq_PS/Zynq_PS.gen/sources_1/bd/zynq_PS/ip/zynq_PS_axi_gpio_0_0/zynq_PS_axi_gpio_0_0_board.xdc] for cell 'zynq_PS_i/axi_gpio_0/U0'
Parsing XDC File [d:/Learn/robotdreams/Homework_004/Zynq_PS/Zynq_PS.gen/sources_1/bd/zynq_PS/ip/zynq_PS_axi_smc_0/bd_0/ip/ip_0/bd_19d0_sc_ul_0_cdc.xdc] for cell 'zynq_PS_i/axi_smc/inst/sc_ul/inst'
WARNING: [Vivado_Tcl 4-921] Waiver ID 'CDC-7' -to list should not be empty. [d:/Learn/robotdreams/Homework_004/Zynq_PS/Zynq_PS.gen/sources_1/bd/zynq_PS/ip/zynq_PS_axi_smc_0/bd_0/ip/ip_0/bd_19d0_sc_ul_0_cdc.xdc:22]
Finished Parsing XDC File [d:/Learn/robotdreams/Homework_004/Zynq_PS/Zynq_PS.gen/sources_1/bd/zynq_PS/ip/zynq_PS_axi_smc_0/bd_0/ip/ip_0/bd_19d0_sc_ul_0_cdc.xdc] for cell 'zynq_PS_i/axi_smc/inst/sc_ul/inst'
Parsing XDC File [d:/Learn/robotdreams/Homework_004/Zynq_PS/Zynq_PS.gen/sources_1/bd/zynq_PS/ip/zynq_PS_axi_smc_0/smartconnect.xdc] for cell 'zynq_PS_i/axi_smc/inst'
Finished Parsing XDC File [d:/Learn/robotdreams/Homework_004/Zynq_PS/Zynq_PS.gen/sources_1/bd/zynq_PS/ip/zynq_PS_axi_smc_0/smartconnect.xdc] for cell 'zynq_PS_i/axi_smc/inst'
Parsing XDC File [d:/Learn/robotdreams/Homework_004/Zynq_PS/Zynq_PS.gen/sources_1/bd/zynq_PS/ip/zynq_PS_rst_ps7_0_50M_0/zynq_PS_rst_ps7_0_50M_0_board.xdc] for cell 'zynq_PS_i/rst_ps7_0_50M/U0'
Finished Parsing XDC File [d:/Learn/robotdreams/Homework_004/Zynq_PS/Zynq_PS.gen/sources_1/bd/zynq_PS/ip/zynq_PS_rst_ps7_0_50M_0/zynq_PS_rst_ps7_0_50M_0_board.xdc] for cell 'zynq_PS_i/rst_ps7_0_50M/U0'
Parsing XDC File [D:/Learn/robotdreams/Homework_004/Zynq_PS/Zynq_PS.srcs/constrs_1/new/pinout.xdc]
Finished Parsing XDC File [D:/Learn/robotdreams/Homework_004/Zynq_PS/Zynq_PS.srcs/constrs_1/new/pinout.xdc]
INFO: [Project 1-1714] 8 XPM XDC files have been applied to the design.
INFO: [Opt 31-138] Pushed 0 inverter(s) to 0 load pin(s).
INFO: [Project 1-1687] 4 scoped IP constraints or related sub-commands were skipped due to synthesis logic optimizations usually triggered by constant connectivity or unconnected output pins. To review the skipped constraints and messages, run the command 'set_param netlist.IPMsgFiltering false' before opening the design.
Netlist sorting complete. Time (s): cpu = 00:00:00 ; elapsed = 00:00:00.001 . Memory (MB): peak = 1566.035 ; gain = 0.000
INFO: [Project 1-111] Unisim Transformation Summary:
No Unisim elements were transformed.

18 Infos, 1 Warnings, 0 Critical Warnings and 0 Errors encountered.
link_design completed successfully
link_design: Time (s): cpu = 00:00:09 ; elapsed = 00:00:10 . Memory (MB): peak = 1566.035 ; gain = 920.820
Command: opt_design
Attempting to get a license for feature 'Vivado_Implementation' and/or device 'xc7z010'
INFO: [Common 17-349] Got license for feature 'Vivado_Implementation' and/or device 'xc7z010'
Running DRC as a precondition to command opt_design

Starting DRC Task
INFO: [DRC 23-27] Running DRC with 2 threads
INFO: [Project 1-461] DRC finished with 0 Errors
INFO: [Project 1-462] Please refer to the DRC report (report_drc) for more information.

Time (s): cpu = 00:00:01 ; elapsed = 00:00:00.548 . Memory (MB): peak = 1566.035 ; gain = 0.000

Starting Cache Timing Information Task
INFO: [Timing 38-35] Done setting XDC timing constraints.
Ending Cache Timing Information Task | Checksum: 25fcf1e0d

Time (s): cpu = 00:00:00 ; elapsed = 00:00:00.067 . Memory (MB): peak = 1566.035 ; gain = 0.000

Starting Logic Optimization Task

Phase 1 Initialization

Phase 1.1 Core Generation And Design Setup
Phase 1.1 Core Generation And Design Setup | Checksum: 25fcf1e0d

Time (s): cpu = 00:00:00 ; elapsed = 00:00:00.003 . Memory (MB): peak = 2036.062 ; gain = 0.000

Phase 1.2 Setup Constraints And Sort Netlist
Phase 1.2 Setup Constraints And Sort Netlist | Checksum: 25fcf1e0d

Time (s): cpu = 00:00:00 ; elapsed = 00:00:00.006 . Memory (MB): peak = 2036.062 ; gain = 0.000
Phase 1 Initialization | Checksum: 25fcf1e0d

Time (s): cpu = 00:00:00 ; elapsed = 00:00:00.007 . Memory (MB): peak = 2036.062 ; gain = 0.000

Phase 2 Timer Update And Timing Data Collection

Phase 2.1 Detect if minReqCache needed
Phase 2.1 Detect if minReqCache needed | Checksum: 25fcf1e0d

Time (s): cpu = 00:00:00 ; elapsed = 00:00:00.011 . Memory (MB): peak = 2036.066 ; gain = 0.004

Phase 2.2 Timer Update
Phase 2.2 Timer Update | Checksum: 25fcf1e0d

Time (s): cpu = 00:00:00 ; elapsed = 00:00:00.034 . Memory (MB): peak = 2036.066 ; gain = 0.004

Phase 2.3 Timing Data Collection
Phase 2.3 Timing Data Collection | Checksum: 25fcf1e0d

Time (s): cpu = 00:00:00 ; elapsed = 00:00:00.036 . Memory (MB): peak = 2036.066 ; gain = 0.004
Phase 2 Timer Update And Timing Data Collection | Checksum: 25fcf1e0d

Time (s): cpu = 00:00:00 ; elapsed = 00:00:00.037 . Memory (MB): peak = 2036.066 ; gain = 0.004

Phase 3 Retarget
INFO: [Opt 31-1851] Number of loadless carry chains removed were: 0
INFO: [Opt 31-1834] Total Chains To Be Transformed Were: 0 AND Number of Transformed insts Created are: 0
INFO: [Opt 31-138] Pushed 0 inverter(s) to 0 load pin(s).
INFO: [Opt 31-49] Retargeted 0 cell(s).
Phase 3 Retarget | Checksum: 2169cfd7b

Time (s): cpu = 00:00:00 ; elapsed = 00:00:00.089 . Memory (MB): peak = 2036.066 ; gain = 0.004
Retarget | Checksum: 2169cfd7b
INFO: [Opt 31-389] Phase Retarget created 2 cells and removed 27 cells
INFO: [Opt 31-1021] In phase Retarget, 2 netlist objects are constrained preventing optimization. Please run opt_design with -debug_log to get more detail. 

Phase 4 Constant propagation
INFO: [Opt 31-138] Pushed 3 inverter(s) to 8 load pin(s).
Phase 4 Constant propagation | Checksum: 24399ae68

Time (s): cpu = 00:00:01 ; elapsed = 00:00:00.146 . Memory (MB): peak = 2036.066 ; gain = 0.004
Constant propagation | Checksum: 24399ae68
INFO: [Opt 31-389] Phase Constant propagation created 103 cells and removed 157 cells

Phase 5 Sweep
INFO: [Constraints 18-11670] Building netlist checker database with flags, 0x8
Done building netlist checker database: Time (s): cpu = 00:00:00 ; elapsed = 00:00:00.001 . Memory (MB): peak = 2036.066 ; gain = 0.000
INFO: [Constraints 18-11670] Building netlist checker database with flags, 0x8
Done building netlist checker database: Time (s): cpu = 00:00:00 ; elapsed = 00:00:00.001 . Memory (MB): peak = 2036.066 ; gain = 0.000
Phase 5 Sweep | Checksum: 24ffed64c

Time (s): cpu = 00:00:01 ; elapsed = 00:00:00.261 . Memory (MB): peak = 2036.066 ; gain = 0.004
Sweep | Checksum: 24ffed64c
INFO: [Opt 31-389] Phase Sweep created 8 cells and removed 64 cells

Phase 6 BUFG optimization
Phase 6 BUFG optimization | Checksum: 24ffed64c

Time (s): cpu = 00:00:01 ; elapsed = 00:00:00.281 . Memory (MB): peak = 2036.066 ; gain = 0.004
BUFG optimization | Checksum: 24ffed64c
INFO: [Opt 31-662] Phase BUFG optimization created 0 cells of which 0 are BUFGs and removed 0 cells.

Phase 7 Shift Register Optimization
INFO: [Opt 31-1064] SRL Remap converted 0 SRLs to 0 registers and converted 0 registers of register chains to 0 SRLs
Phase 7 Shift Register Optimization | Checksum: 24ffed64c

Time (s): cpu = 00:00:01 ; elapsed = 00:00:00.285 . Memory (MB): peak = 2036.066 ; gain = 0.004
Shift Register Optimization | Checksum: 24ffed64c
INFO: [Opt 31-389] Phase Shift Register Optimization created 0 cells and removed 0 cells

Phase 8 Post Processing Netlist
Phase 8 Post Processing Netlist | Checksum: 24def649b

Time (s): cpu = 00:00:01 ; elapsed = 00:00:00.294 . Memory (MB): peak = 2036.066 ; gain = 0.004
Post Processing Netlist | Checksum: 24def649b
INFO: [Opt 31-389] Phase Post Processing Netlist created 0 cells and removed 0 cells

Phase 9 Finalization

Phase 9.1 Finalizing Design Cores and Updating Shapes
Phase 9.1 Finalizing Design Cores and Updating Shapes | Checksum: 2820be0e4

Time (s): cpu = 00:00:01 ; elapsed = 00:00:00.350 . Memory (MB): peak = 2036.066 ; gain = 0.004

Phase 9.2 Verifying Netlist Connectivity

Starting Connectivity Check Task

Time (s): cpu = 00:00:00 ; elapsed = 00:00:00.007 . Memory (MB): peak = 2036.066 ; gain = 0.000
Phase 9.2 Verifying Netlist Connectivity | Checksum: 2820be0e4

Time (s): cpu = 00:00:01 ; elapsed = 00:00:00.358 . Memory (MB): peak = 2036.066 ; gain = 0.004
Phase 9 Finalization | Checksum: 2820be0e4

Time (s): cpu = 00:00:01 ; elapsed = 00:00:00.359 . Memory (MB): peak = 2036.066 ; gain = 0.004
Opt_design Change Summary
=========================


-------------------------------------------------------------------------------------------------------------------------
|  Phase                        |  #Cells created  |  #Cells Removed  |  #Constrained objects preventing optimizations  |
-------------------------------------------------------------------------------------------------------------------------
|  Retarget                     |               2  |              27  |                                              2  |
|  Constant propagation         |             103  |             157  |                                              0  |
|  Sweep                        |               8  |              64  |                                              0  |
|  BUFG optimization            |               0  |               0  |                                              0  |
|  Shift Register Optimization  |               0  |               0  |                                              0  |
|  Post Processing Netlist      |               0  |               0  |                                              0  |
-------------------------------------------------------------------------------------------------------------------------


Ending Logic Optimization Task | Checksum: 2820be0e4

Time (s): cpu = 00:00:01 ; elapsed = 00:00:00.361 . Memory (MB): peak = 2036.066 ; gain = 0.004

Starting Power Optimization Task
INFO: [Pwropt 34-132] Skipping clock gating for clocks with a period < 2.00 ns.
Ending Power Optimization Task | Checksum: 2820be0e4

Time (s): cpu = 00:00:00 ; elapsed = 00:00:00.009 . Memory (MB): peak = 2036.066 ; gain = 0.000

Starting Final Cleanup Task
Ending Final Cleanup Task | Checksum: 2820be0e4

Time (s): cpu = 00:00:00 ; elapsed = 00:00:00.001 . Memory (MB): peak = 2036.066 ; gain = 0.000
Netlist sorting complete. Time (s): cpu = 00:00:00 ; elapsed = 00:00:00.001 . Memory (MB): peak = 2036.066 ; gain = 0.000
INFO: [Common 17-83] Releasing license: Vivado_Implementation
40 Infos, 1 Warnings, 0 Critical Warnings and 0 Errors encountered.
opt_design completed successfully
INFO: [Vivado 12-24828] Executing command : report_drc -file zynq_PS_wrapper_drc_opted.rpt -pb zynq_PS_wrapper_drc_opted.pb -rpx zynq_PS_wrapper_drc_opted.rpx
Command: report_drc -file zynq_PS_wrapper_drc_opted.rpt -pb zynq_PS_wrapper_drc_opted.pb -rpx zynq_PS_wrapper_drc_opted.rpx
INFO: [IP_Flow 19-1839] IP Catalog is up to date.
INFO: [DRC 23-27] Running DRC with 2 threads
INFO: [Vivado_Tcl 2-168] The results of DRC are in file D:/Learn/robotdreams/Homework_004/Zynq_PS/Zynq_PS.runs/impl_1/zynq_PS_wrapper_drc_opted.rpt.
report_drc completed successfully
INFO: [Timing 38-480] Writing timing data to binary archive.
Wrote PlaceDB: Time (s): cpu = 00:00:00 ; elapsed = 00:00:00 . Memory (MB): peak = 2036.066 ; gain = 0.000
Wrote PulsedLatchDB: Time (s): cpu = 00:00:00 ; elapsed = 00:00:00 . Memory (MB): peak = 2036.066 ; gain = 0.000
Writing XDEF routing.
Write ShapeDB Complete: Time (s): cpu = 00:00:00 ; elapsed = 00:00:00.008 . Memory (MB): peak = 2036.066 ; gain = 0.000
Writing XDEF routing logical nets.
Writing XDEF routing special nets.
Wrote RouteStorage: Time (s): cpu = 00:00:00 ; elapsed = 00:00:00.014 . Memory (MB): peak = 2036.066 ; gain = 0.000
Wrote PlaceStorage: Time (s): cpu = 00:00:00 ; elapsed = 00:00:00.006 . Memory (MB): peak = 2036.066 ; gain = 0.000
Wrote Netlist Cache: Time (s): cpu = 00:00:00 ; elapsed = 00:00:00.001 . Memory (MB): peak = 2036.066 ; gain = 0.000
Wrote Device Cache: Time (s): cpu = 00:00:00 ; elapsed = 00:00:00.006 . Memory (MB): peak = 2036.066 ; gain = 0.000
Write Physdb Complete: Time (s): cpu = 00:00:00 ; elapsed = 00:00:00.036 . Memory (MB): peak = 2036.066 ; gain = 0.000
INFO: [Common 17-1381] The checkpoint 'D:/Learn/robotdreams/Homework_004/Zynq_PS/Zynq_PS.runs/impl_1/zynq_PS_wrapper_opt.dcp' has been generated.
Command: place_design
Attempting to get a license for feature 'Vivado_Implementation' and/or device 'xc7z010'
INFO: [Common 17-349] Got license for feature 'Vivado_Implementation' and/or device 'xc7z010'
INFO: [Common 17-83] Releasing license: Vivado_Implementation
INFO: [Timing 38-35] Done setting XDC timing constraints.
Running DRC as a precondition to command place_design
INFO: [DRC 23-27] Running DRC with 2 threads
INFO: [Vivado_Tcl 4-198] DRC finished with 0 Errors
INFO: [Vivado_Tcl 4-199] Please refer to the DRC report (report_drc) for more information.
INFO: [Place 30-611] Multithreading enabled for place_design using a maximum of 2 CPUs

Starting Placer Task

Phase 1 Placer Initialization

Phase 1.1 Placer Initialization Netlist Sorting
Netlist sorting complete. Time (s): cpu = 00:00:00 ; elapsed = 00:00:00.001 . Memory (MB): peak = 2036.066 ; gain = 0.000
Phase 1.1 Placer Initialization Netlist Sorting | Checksum: 1d13e330d

Time (s): cpu = 00:00:00 ; elapsed = 00:00:00.003 . Memory (MB): peak = 2036.066 ; gain = 0.000
Netlist sorting complete. Time (s): cpu = 00:00:00 ; elapsed = 00:00:00 . Memory (MB): peak = 2036.066 ; gain = 0.000

Phase 1.2 IO Placement/ Clock Placement/ Build Placer Device
Phase 1.2 IO Placement/ Clock Placement/ Build Placer Device | Checksum: 112161d95

Time (s): cpu = 00:00:00 ; elapsed = 00:00:00.288 . Memory (MB): peak = 2036.066 ; gain = 0.000

Phase 1.3 Build Placer Netlist Model
Phase 1.3 Build Placer Netlist Model | Checksum: 16b68990d

Time (s): cpu = 00:00:00 ; elapsed = 00:00:00.535 . Memory (MB): peak = 2036.066 ; gain = 0.000

Phase 1.4 Constrain Clocks/Macros
Phase 1.4 Constrain Clocks/Macros | Checksum: 16b68990d

Time (s): cpu = 00:00:00 ; elapsed = 00:00:00.539 . Memory (MB): peak = 2036.066 ; gain = 0.000
Phase 1 Placer Initialization | Checksum: 16b68990d

Time (s): cpu = 00:00:00 ; elapsed = 00:00:00.543 . Memory (MB): peak = 2036.066 ; gain = 0.000

Phase 2 Global Placement

Phase 2.1 Floorplanning
Phase 2.1 Floorplanning | Checksum: 122f7b1fb

Time (s): cpu = 00:00:01 ; elapsed = 00:00:00.666 . Memory (MB): peak = 2036.066 ; gain = 0.000

Phase 2.2 Update Timing before SLR Path Opt
Phase 2.2 Update Timing before SLR Path Opt | Checksum: 14b85b698

Time (s): cpu = 00:00:01 ; elapsed = 00:00:00.742 . Memory (MB): peak = 2036.066 ; gain = 0.000

Phase 2.3 Post-Processing in Floorplanning
Phase 2.3 Post-Processing in Floorplanning | Checksum: 14b85b698

Time (s): cpu = 00:00:01 ; elapsed = 00:00:00.745 . Memory (MB): peak = 2036.066 ; gain = 0.000

Phase 2.4 Global Place Phase1
Phase 2.4 Global Place Phase1 | Checksum: 138d3a198

Time (s): cpu = 00:00:02 ; elapsed = 00:00:01 . Memory (MB): peak = 2036.066 ; gain = 0.000

Phase 2.5 Global Place Phase2

Phase 2.5.1 UpdateTiming Before Physical Synthesis
Phase 2.5.1 UpdateTiming Before Physical Synthesis | Checksum: 138d3a198

Time (s): cpu = 00:00:02 ; elapsed = 00:00:01 . Memory (MB): peak = 2036.066 ; gain = 0.000

Phase 2.5.2 Physical Synthesis In Placer
INFO: [Physopt 32-1035] Found 0 LUTNM shape to break, 69 LUT instances to create LUTNM shape
INFO: [Physopt 32-1044] Break lutnm for timing: one critical 0, two critical 0, total 0, new lutff created 0
INFO: [Physopt 32-1138] End 1 Pass. Optimized 27 nets or LUTs. Breaked 0 LUT, combined 27 existing LUTs and moved 0 existing LUT
INFO: [Physopt 32-65] No nets found for high-fanout optimization.
INFO: [Physopt 32-232] Optimized 0 net. Created 0 new instance.
INFO: [Physopt 32-775] End 1 Pass. Optimized 0 net or cell. Created 0 new cell, deleted 0 existing cell and moved 0 existing cell
INFO: [Physopt 32-670] No setup violation found.  DSP Register Optimization was not performed.
INFO: [Physopt 32-670] No setup violation found.  Shift Register to Pipeline Optimization was not performed.
INFO: [Physopt 32-670] No setup violation found.  Shift Register Optimization was not performed.
INFO: [Physopt 32-670] No setup violation found.  BRAM Register Optimization was not performed.
INFO: [Physopt 32-670] No setup violation found.  URAM Register Optimization was not performed.
INFO: [Physopt 32-949] No candidate nets found for dynamic/static region interface net replication
INFO: [Physopt 32-775] End 1 Pass. Optimized 0 net or cell. Created 0 new cell, deleted 0 existing cell and moved 0 existing cell
Netlist sorting complete. Time (s): cpu = 00:00:00 ; elapsed = 00:00:00 . Memory (MB): peak = 2036.066 ; gain = 0.000

Summary of Physical Synthesis Optimizations
============================================


-----------------------------------------------------------------------------------------------------------------------------------------------------------
|  Optimization                                     |  Added Cells  |  Removed Cells  |  Optimized Cells/Nets  |  Dont Touch  |  Iterations  |  Elapsed   |
-----------------------------------------------------------------------------------------------------------------------------------------------------------
|  LUT Combining                                    |            0  |             27  |                    27  |           0  |           1  |  00:00:00  |
|  Retime                                           |            0  |              0  |                     0  |           0  |           1  |  00:00:00  |
|  Very High Fanout                                 |            0  |              0  |                     0  |           0  |           1  |  00:00:00  |
|  DSP Register                                     |            0  |              0  |                     0  |           0  |           0  |  00:00:00  |
|  Shift Register to Pipeline                       |            0  |              0  |                     0  |           0  |           0  |  00:00:00  |
|  Shift Register                                   |            0  |              0  |                     0  |           0  |           0  |  00:00:00  |
|  BRAM Register                                    |            0  |              0  |                     0  |           0  |           0  |  00:00:00  |
|  URAM Register                                    |            0  |              0  |                     0  |           0  |           0  |  00:00:00  |
|  Dynamic/Static Region Interface Net Replication  |            0  |              0  |                     0  |           0  |           1  |  00:00:00  |
|  Total                                            |            0  |             27  |                    27  |           0  |           4  |  00:00:00  |
-----------------------------------------------------------------------------------------------------------------------------------------------------------


Phase 2.5.2 Physical Synthesis In Placer | Checksum: 1b1642d57

Time (s): cpu = 00:00:02 ; elapsed = 00:00:01 . Memory (MB): peak = 2036.066 ; gain = 0.000
Phase 2.5 Global Place Phase2 | Checksum: 18d0244c5

Time (s): cpu = 00:00:02 ; elapsed = 00:00:01 . Memory (MB): peak = 2036.066 ; gain = 0.000
Phase 2 Global Placement | Checksum: 18d0244c5

Time (s): cpu = 00:00:02 ; elapsed = 00:00:01 . Memory (MB): peak = 2036.066 ; gain = 0.000

Phase 3 Detail Placement

Phase 3.1 Commit Multi Column Macros
Phase 3.1 Commit Multi Column Macros | Checksum: 20c519e10

Time (s): cpu = 00:00:02 ; elapsed = 00:00:02 . Memory (MB): peak = 2036.066 ; gain = 0.000

Phase 3.2 Commit Most Macros & LUTRAMs
Phase 3.2 Commit Most Macros & LUTRAMs | Checksum: 2c65cd8bd

Time (s): cpu = 00:00:02 ; elapsed = 00:00:02 . Memory (MB): peak = 2036.066 ; gain = 0.000

Phase 3.3 Area Swap Optimization
Phase 3.3 Area Swap Optimization | Checksum: 1fc5c347c

Time (s): cpu = 00:00:02 ; elapsed = 00:00:02 . Memory (MB): peak = 2036.066 ; gain = 0.000

Phase 3.4 Pipeline Register Optimization
Phase 3.4 Pipeline Register Optimization | Checksum: 242a6a877

Time (s): cpu = 00:00:03 ; elapsed = 00:00:02 . Memory (MB): peak = 2036.066 ; gain = 0.000

Phase 3.5 Small Shape Detail Placement
Phase 3.5 Small Shape Detail Placement | Checksum: 30d942589

Time (s): cpu = 00:00:03 ; elapsed = 00:00:02 . Memory (MB): peak = 2036.066 ; gain = 0.000

Phase 3.6 Re-assign LUT pins
Phase 3.6 Re-assign LUT pins | Checksum: 2d8415573

Time (s): cpu = 00:00:03 ; elapsed = 00:00:02 . Memory (MB): peak = 2036.066 ; gain = 0.000

Phase 3.7 Pipeline Register Optimization
Phase 3.7 Pipeline Register Optimization | Checksum: 29e4be176

Time (s): cpu = 00:00:03 ; elapsed = 00:00:02 . Memory (MB): peak = 2036.066 ; gain = 0.000
Phase 3 Detail Placement | Checksum: 29e4be176

Time (s): cpu = 00:00:03 ; elapsed = 00:00:02 . Memory (MB): peak = 2036.066 ; gain = 0.000

Phase 4 Post Placement Optimization and Clean-Up

Phase 4.1 Post Commit Optimization
INFO: [Timing 38-35] Done setting XDC timing constraints.

Phase 4.1.1 Post Placement Optimization
Post Placement Optimization Initialization | Checksum: 240a17d37

Phase 4.1.1.1 BUFG Insertion

Starting Physical Synthesis Task

Phase 1 Physical Synthesis Initialization
INFO: [Physopt 32-721] Multithreading enabled for phys_opt_design using a maximum of 2 CPUs
INFO: [Physopt 32-619] Estimated Timing Summary | WNS=13.686 | TNS=0.000 |
Phase 1 Physical Synthesis Initialization | Checksum: 1c927f519

Time (s): cpu = 00:00:00 ; elapsed = 00:00:00.022 . Memory (MB): peak = 2036.066 ; gain = 0.000
INFO: [Place 46-56] BUFG insertion identified 0 candidate nets. Inserted BUFG: 0, Replicated BUFG Driver: 0, Skipped due to Placement/Routing Conflicts: 0, Skipped due to Timing Degradation: 0, Skipped due to netlist editing failed: 0.
Ending Physical Synthesis Task | Checksum: 29b97f24d

Time (s): cpu = 00:00:00 ; elapsed = 00:00:00.027 . Memory (MB): peak = 2036.066 ; gain = 0.000
Phase 4.1.1.1 BUFG Insertion | Checksum: 240a17d37

Time (s): cpu = 00:00:04 ; elapsed = 00:00:03 . Memory (MB): peak = 2036.066 ; gain = 0.000

Phase 4.1.1.2 Post Placement Timing Optimization
INFO: [Place 30-746] Post Placement Timing Summary WNS=13.686. For the most accurate timing information please run report_timing.
Phase 4.1.1.2 Post Placement Timing Optimization | Checksum: 23296e6cb

Time (s): cpu = 00:00:04 ; elapsed = 00:00:03 . Memory (MB): peak = 2036.066 ; gain = 0.000

Time (s): cpu = 00:00:04 ; elapsed = 00:00:03 . Memory (MB): peak = 2036.066 ; gain = 0.000
Phase 4.1 Post Commit Optimization | Checksum: 23296e6cb

Time (s): cpu = 00:00:04 ; elapsed = 00:00:03 . Memory (MB): peak = 2036.066 ; gain = 0.000

Phase 4.2 Post Placement Cleanup
Phase 4.2 Post Placement Cleanup | Checksum: 23296e6cb

Time (s): cpu = 00:00:04 ; elapsed = 00:00:03 . Memory (MB): peak = 2036.066 ; gain = 0.000

Phase 4.3 Placer Reporting

Phase 4.3.1 Print Estimated Congestion
INFO: [Place 30-612] Post-Placement Estimated Congestion 
 ____________________________________________________
|           | Global Congestion | Short Congestion  |
| Direction | Region Size       | Region Size       |
|___________|___________________|___________________|
|      North|                1x1|                1x1|
|___________|___________________|___________________|
|      South|                1x1|                1x1|
|___________|___________________|___________________|
|       East|                1x1|                1x1|
|___________|___________________|___________________|
|       West|                1x1|                1x1|
|___________|___________________|___________________|

Phase 4.3.1 Print Estimated Congestion | Checksum: 23296e6cb

Time (s): cpu = 00:00:04 ; elapsed = 00:00:03 . Memory (MB): peak = 2036.066 ; gain = 0.000
Phase 4.3 Placer Reporting | Checksum: 23296e6cb

Time (s): cpu = 00:00:04 ; elapsed = 00:00:03 . Memory (MB): peak = 2036.066 ; gain = 0.000

Phase 4.4 Final Placement Cleanup
Netlist sorting complete. Time (s): cpu = 00:00:00 ; elapsed = 00:00:00.001 . Memory (MB): peak = 2036.066 ; gain = 0.000

Time (s): cpu = 00:00:04 ; elapsed = 00:00:03 . Memory (MB): peak = 2036.066 ; gain = 0.000
Phase 4 Post Placement Optimization and Clean-Up | Checksum: 1a2a85f1a

Time (s): cpu = 00:00:04 ; elapsed = 00:00:03 . Memory (MB): peak = 2036.066 ; gain = 0.000
Ending Placer Task | Checksum: 15adbbcc5

Time (s): cpu = 00:00:04 ; elapsed = 00:00:03 . Memory (MB): peak = 2036.066 ; gain = 0.000
72 Infos, 1 Warnings, 0 Critical Warnings and 0 Errors encountered.
place_design completed successfully
INFO: [Vivado 12-24838] Running report commands "report_control_sets, report_io, report_utilization" in parallel.
Running report generation with 2 threads.
INFO: [Vivado 12-24828] Executing command : report_io -file zynq_PS_wrapper_io_placed.rpt
report_io: Time (s): cpu = 00:00:00 ; elapsed = 00:00:00.082 . Memory (MB): peak = 2036.066 ; gain = 0.000
INFO: [Vivado 12-24828] Executing command : report_control_sets -verbose -file zynq_PS_wrapper_control_sets_placed.rpt
report_control_sets: Time (s): cpu = 00:00:00 ; elapsed = 00:00:00.006 . Memory (MB): peak = 2036.066 ; gain = 0.000
INFO: [Vivado 12-24828] Executing command : report_utilization -file zynq_PS_wrapper_utilization_placed.rpt -pb zynq_PS_wrapper_utilization_placed.pb
INFO: [Timing 38-480] Writing timing data to binary archive.
Wrote PlaceDB: Time (s): cpu = 00:00:00 ; elapsed = 00:00:00 . Memory (MB): peak = 2036.066 ; gain = 0.000
Wrote PulsedLatchDB: Time (s): cpu = 00:00:00 ; elapsed = 00:00:00 . Memory (MB): peak = 2036.066 ; gain = 0.000
Writing XDEF routing.
Write ShapeDB Complete: Time (s): cpu = 00:00:00 ; elapsed = 00:00:00.008 . Memory (MB): peak = 2036.066 ; gain = 0.000
Writing XDEF routing logical nets.
Writing XDEF routing special nets.
Wrote RouteStorage: Time (s): cpu = 00:00:00 ; elapsed = 00:00:00.018 . Memory (MB): peak = 2036.066 ; gain = 0.000
Wrote PlaceStorage: Time (s): cpu = 00:00:00 ; elapsed = 00:00:00.059 . Memory (MB): peak = 2036.066 ; gain = 0.000
Wrote Netlist Cache: Time (s): cpu = 00:00:00 ; elapsed = 00:00:00.003 . Memory (MB): peak = 2036.066 ; gain = 0.000
Wrote Device Cache: Time (s): cpu = 00:00:00 ; elapsed = 00:00:00.006 . Memory (MB): peak = 2036.066 ; gain = 0.000
Write Physdb Complete: Time (s): cpu = 00:00:00 ; elapsed = 00:00:00.096 . Memory (MB): peak = 2036.066 ; gain = 0.000
INFO: [Common 17-1381] The checkpoint 'D:/Learn/robotdreams/Homework_004/Zynq_PS/Zynq_PS.runs/impl_1/zynq_PS_wrapper_placed.dcp' has been generated.
Command: phys_opt_design
Attempting to get a license for feature 'Vivado_Implementation' and/or device 'xc7z010'
INFO: [Common 17-349] Got license for feature 'Vivado_Implementation' and/or device 'xc7z010'

Starting Initial Update Timing Task

Time (s): cpu = 00:00:00 ; elapsed = 00:00:00.150 . Memory (MB): peak = 2036.066 ; gain = 0.000
INFO: [Vivado_Tcl 4-2279] Estimated Timing Summary | WNS= 13.686 | TNS= 0.000 | 
INFO: [Vivado_Tcl 4-383] Design worst setup slack (WNS) is greater than or equal to 0.000 ns. All physical synthesis setup optimizations will be skipped.
INFO: [Vivado_Tcl 4-232] No setup violation found. The netlist was not modified.
INFO: [Common 17-83] Releasing license: Vivado_Implementation
83 Infos, 1 Warnings, 0 Critical Warnings and 0 Errors encountered.
phys_opt_design completed successfully
Wrote PlaceDB: Time (s): cpu = 00:00:00 ; elapsed = 00:00:00 . Memory (MB): peak = 2036.066 ; gain = 0.000
INFO: [Timing 38-480] Writing timing data to binary archive.
Wrote PulsedLatchDB: Time (s): cpu = 00:00:00 ; elapsed = 00:00:00 . Memory (MB): peak = 2036.066 ; gain = 0.000
Writing XDEF routing.
Write ShapeDB Complete: Time (s): cpu = 00:00:00 ; elapsed = 00:00:00.010 . Memory (MB): peak = 2036.066 ; gain = 0.000
Writing XDEF routing logical nets.
Writing XDEF routing special nets.
Wrote RouteStorage: Time (s): cpu = 00:00:00 ; elapsed = 00:00:00.017 . Memory (MB): peak = 2036.066 ; gain = 0.000
Wrote PlaceStorage: Time (s): cpu = 00:00:00 ; elapsed = 00:00:00.048 . Memory (MB): peak = 2036.066 ; gain = 0.000
Wrote Netlist Cache: Time (s): cpu = 00:00:00 ; elapsed = 00:00:00.002 . Memory (MB): peak = 2036.066 ; gain = 0.000
Wrote Device Cache: Time (s): cpu = 00:00:00 ; elapsed = 00:00:00.006 . Memory (MB): peak = 2036.066 ; gain = 0.000
Write Physdb Complete: Time (s): cpu = 00:00:00 ; elapsed = 00:00:00.080 . Memory (MB): peak = 2036.066 ; gain = 0.000
INFO: [Common 17-1381] The checkpoint 'D:/Learn/robotdreams/Homework_004/Zynq_PS/Zynq_PS.runs/impl_1/zynq_PS_wrapper_physopt.dcp' has been generated.
Command: route_design
Attempting to get a license for feature 'Vivado_Implementation' and/or device 'xc7z010'
INFO: [Common 17-349] Got license for feature 'Vivado_Implementation' and/or device 'xc7z010'


Starting Routing Task
INFO: [Route 35-254] Multithreading enabled for route_design using a maximum of 2 CPUs

Phase 1 Build RT Design
Checksum: PlaceDB: 75489c71 ConstDB: 0 ShapeSum: 7bfac929 RouteDB: 6998572b
Post Restoration Checksum: NetGraph: 74c0aa54 | NumContArr: 8a4a6678 | Constraints: c2a8fa9d | Timing: c2a8fa9d
Phase 1 Build RT Design | Checksum: 2845d0606

Time (s): cpu = 00:00:10 ; elapsed = 00:00:09 . Memory (MB): peak = 2036.066 ; gain = 0.000

Phase 2 Router Initialization

Phase 2.1 Fix Topology Constraints
Phase 2.1 Fix Topology Constraints | Checksum: 2845d0606

Time (s): cpu = 00:00:10 ; elapsed = 00:00:09 . Memory (MB): peak = 2036.066 ; gain = 0.000

Phase 2.2 Pre Route Cleanup
Phase 2.2 Pre Route Cleanup | Checksum: 2845d0606

Time (s): cpu = 00:00:10 ; elapsed = 00:00:09 . Memory (MB): peak = 2036.066 ; gain = 0.000
 Number of Nodes with overlaps = 0

Phase 2.3 Update Timing
Phase 2.3 Update Timing | Checksum: 26e418800

Time (s): cpu = 00:00:10 ; elapsed = 00:00:09 . Memory (MB): peak = 2036.066 ; gain = 0.000
INFO: [Route 35-416] Intermediate Timing Summary | WNS=13.758 | TNS=0.000  | WHS=-0.155 | THS=-25.803|


Phase 2.4 Soft Constraint Pins - Fast Budgeting
Phase 2.4 Soft Constraint Pins - Fast Budgeting | Checksum: 24cde28f8

Time (s): cpu = 00:00:10 ; elapsed = 00:00:09 . Memory (MB): peak = 2036.066 ; gain = 0.000

Router Utilization Summary
  Global Vertical Routing Utilization    = 0 %
  Global Horizontal Routing Utilization  = 0 %
  Routable Net Status*
  *Does not include unroutable nets such as driverless and loadless.
  Run report_route_status for detailed report.
  Number of Failed Nets               = 1544
    (Failed Nets is the sum of unrouted and partially routed nets)
  Number of Unrouted Nets             = 1544
  Number of Partially Routed Nets     = 0
  Number of Node Overlaps             = 0

Phase 2 Router Initialization | Checksum: 21e7a7f6f

Time (s): cpu = 00:00:10 ; elapsed = 00:00:10 . Memory (MB): peak = 2036.066 ; gain = 0.000

Phase 3 Global Routing
Phase 3 Global Routing | Checksum: 21e7a7f6f

Time (s): cpu = 00:00:10 ; elapsed = 00:00:10 . Memory (MB): peak = 2036.066 ; gain = 0.000

Phase 4 Initial Routing

Phase 4.1 Initial Net Routing Pass
Phase 4.1 Initial Net Routing Pass | Checksum: 27a75020e

Time (s): cpu = 00:00:11 ; elapsed = 00:00:10 . Memory (MB): peak = 2036.066 ; gain = 0.000
Phase 4 Initial Routing | Checksum: 27a75020e

Time (s): cpu = 00:00:11 ; elapsed = 00:00:10 . Memory (MB): peak = 2036.066 ; gain = 0.000

Phase 5 Rip-up And Reroute

Phase 5.1 Global Iteration 0
 Number of Nodes with overlaps = 84
 Number of Nodes with overlaps = 0
INFO: [Route 35-416] Intermediate Timing Summary | WNS=13.289 | TNS=0.000  | WHS=N/A    | THS=N/A    |

Phase 5.1 Global Iteration 0 | Checksum: 254867ef3

Time (s): cpu = 00:00:11 ; elapsed = 00:00:10 . Memory (MB): peak = 2036.066 ; gain = 0.000
Phase 5 Rip-up And Reroute | Checksum: 254867ef3

Time (s): cpu = 00:00:11 ; elapsed = 00:00:10 . Memory (MB): peak = 2036.066 ; gain = 0.000

Phase 6 Delay and Skew Optimization

Phase 6.1 Delay CleanUp

Phase 6.1.1 Update Timing
Phase 6.1.1 Update Timing | Checksum: 2a820083f

Time (s): cpu = 00:00:11 ; elapsed = 00:00:10 . Memory (MB): peak = 2036.066 ; gain = 0.000
INFO: [Route 35-416] Intermediate Timing Summary | WNS=13.386 | TNS=0.000  | WHS=N/A    | THS=N/A    |

Phase 6.1 Delay CleanUp | Checksum: 2a820083f

Time (s): cpu = 00:00:11 ; elapsed = 00:00:10 . Memory (MB): peak = 2036.066 ; gain = 0.000

Phase 6.2 Clock Skew Optimization
Phase 6.2 Clock Skew Optimization | Checksum: 2a820083f

Time (s): cpu = 00:00:11 ; elapsed = 00:00:10 . Memory (MB): peak = 2036.066 ; gain = 0.000
Phase 6 Delay and Skew Optimization | Checksum: 2a820083f

Time (s): cpu = 00:00:11 ; elapsed = 00:00:10 . Memory (MB): peak = 2036.066 ; gain = 0.000

Phase 7 Post Hold Fix

Phase 7.1 Hold Fix Iter
INFO: [Route 35-416] Intermediate Timing Summary | WNS=13.386 | TNS=0.000  | WHS=0.100  | THS=0.000  |

Phase 7.1 Hold Fix Iter | Checksum: 22cca3f74

Time (s): cpu = 00:00:11 ; elapsed = 00:00:10 . Memory (MB): peak = 2036.066 ; gain = 0.000
Phase 7 Post Hold Fix | Checksum: 22cca3f74

Time (s): cpu = 00:00:11 ; elapsed = 00:00:10 . Memory (MB): peak = 2036.066 ; gain = 0.000

Phase 8 Route finalize

Router Utilization Summary
  Global Vertical Routing Utilization    = 0.532517 %
  Global Horizontal Routing Utilization  = 0.815257 %
  Routable Net Status*
  *Does not include unroutable nets such as driverless and loadless.
  Run report_route_status for detailed report.
  Number of Failed Nets               = 0
    (Failed Nets is the sum of unrouted and partially routed nets)
  Number of Unrouted Nets             = 0
  Number of Partially Routed Nets     = 0
  Number of Node Overlaps             = 0

Phase 8 Route finalize | Checksum: 22cca3f74

Time (s): cpu = 00:00:11 ; elapsed = 00:00:10 . Memory (MB): peak = 2036.066 ; gain = 0.000

Phase 9 Verifying routed nets

 Verification completed successfully
Phase 9 Verifying routed nets | Checksum: 22cca3f74

Time (s): cpu = 00:00:11 ; elapsed = 00:00:10 . Memory (MB): peak = 2036.066 ; gain = 0.000

Phase 10 Depositing Routes
Phase 10 Depositing Routes | Checksum: 19c51b5de

Time (s): cpu = 00:00:11 ; elapsed = 00:00:10 . Memory (MB): peak = 2036.066 ; gain = 0.000

Phase 11 Post Process Routing
Phase 11 Post Process Routing | Checksum: 19c51b5de

Time (s): cpu = 00:00:11 ; elapsed = 00:00:10 . Memory (MB): peak = 2036.066 ; gain = 0.000

Phase 12 Post Router Timing
INFO: [Route 35-57] Estimated Timing Summary | WNS=13.386 | TNS=0.000  | WHS=0.100  | THS=0.000  |

INFO: [Route 35-327] The final timing numbers are based on the router estimated timing analysis. For a complete and accurate timing signoff, please run report_timing_summary.
Phase 12 Post Router Timing | Checksum: 19c51b5de

Time (s): cpu = 00:00:11 ; elapsed = 00:00:10 . Memory (MB): peak = 2036.066 ; gain = 0.000
Total Elapsed time in route_design: 10.14 secs

Phase 13 Post-Route Event Processing
Phase 13 Post-Route Event Processing | Checksum: c2e42779

Time (s): cpu = 00:00:11 ; elapsed = 00:00:10 . Memory (MB): peak = 2036.066 ; gain = 0.000
INFO: [Route 35-16] Router Completed Successfully
Ending Routing Task | Checksum: c2e42779

Time (s): cpu = 00:00:11 ; elapsed = 00:00:10 . Memory (MB): peak = 2036.066 ; gain = 0.000

Routing Is Done.
INFO: [Common 17-83] Releasing license: Vivado_Implementation
95 Infos, 1 Warnings, 0 Critical Warnings and 0 Errors encountered.
route_design completed successfully
route_design: Time (s): cpu = 00:00:11 ; elapsed = 00:00:10 . Memory (MB): peak = 2036.066 ; gain = 0.000
INFO: [Vivado 12-24828] Executing command : report_drc -file zynq_PS_wrapper_drc_routed.rpt -pb zynq_PS_wrapper_drc_routed.pb -rpx zynq_PS_wrapper_drc_routed.rpx
Command: report_drc -file zynq_PS_wrapper_drc_routed.rpt -pb zynq_PS_wrapper_drc_routed.pb -rpx zynq_PS_wrapper_drc_routed.rpx
INFO: [IP_Flow 19-1839] IP Catalog is up to date.
INFO: [DRC 23-27] Running DRC with 2 threads
INFO: [Vivado_Tcl 2-168] The results of DRC are in file D:/Learn/robotdreams/Homework_004/Zynq_PS/Zynq_PS.runs/impl_1/zynq_PS_wrapper_drc_routed.rpt.
report_drc completed successfully
INFO: [Vivado 12-24828] Executing command : report_methodology -file zynq_PS_wrapper_methodology_drc_routed.rpt -pb zynq_PS_wrapper_methodology_drc_routed.pb -rpx zynq_PS_wrapper_methodology_drc_routed.rpx
Command: report_methodology -file zynq_PS_wrapper_methodology_drc_routed.rpt -pb zynq_PS_wrapper_methodology_drc_routed.pb -rpx zynq_PS_wrapper_methodology_drc_routed.rpx
INFO: [Timing 38-35] Done setting XDC timing constraints.
INFO: [DRC 23-133] Running Methodology with 2 threads
INFO: [Vivado_Tcl 2-1520] The results of Report Methodology are in file D:/Learn/robotdreams/Homework_004/Zynq_PS/Zynq_PS.runs/impl_1/zynq_PS_wrapper_methodology_drc_routed.rpt.
report_methodology completed successfully
INFO: [Vivado 12-24828] Executing command : report_timing_summary -max_paths 10 -routable_nets -report_unconstrained -file zynq_PS_wrapper_timing_summary_routed.rpt -pb zynq_PS_wrapper_timing_summary_routed.pb -rpx zynq_PS_wrapper_timing_summary_routed.rpx -warn_on_violation 
INFO: [Timing 38-35] Done setting XDC timing constraints.
INFO: [Timing 38-91] UpdateTimingParams: Speed grade: -2, Delay Type: min_max.
INFO: [Timing 38-191] Multithreading enabled for timing update using a maximum of 2 CPUs
INFO: [Vivado 12-24838] Running report commands "report_incremental_reuse, report_route_status" in parallel.
Running report generation with 2 threads.
INFO: [Vivado 12-24828] Executing command : report_incremental_reuse -file zynq_PS_wrapper_incremental_reuse_routed.rpt
INFO: [Vivado_Tcl 4-1062] Incremental flow is disabled. No incremental reuse Info to report.
INFO: [Vivado 12-24828] Executing command : report_route_status -file zynq_PS_wrapper_route_status.rpt -pb zynq_PS_wrapper_route_status.pb
INFO: [Vivado 12-24828] Executing command : report_power -file zynq_PS_wrapper_power_routed.rpt -pb zynq_PS_wrapper_power_summary_routed.pb -rpx zynq_PS_wrapper_power_routed.rpx
Command: report_power -file zynq_PS_wrapper_power_routed.rpt -pb zynq_PS_wrapper_power_summary_routed.pb -rpx zynq_PS_wrapper_power_routed.rpx
Running Vector-less Activity Propagation...

Finished Running Vector-less Activity Propagation
112 Infos, 1 Warnings, 0 Critical Warnings and 0 Errors encountered.
report_power completed successfully
INFO: [Vivado 12-24828] Executing command : report_clock_utilization -file zynq_PS_wrapper_clock_utilization_routed.rpt
INFO: [Vivado 12-24828] Executing command : report_bus_skew -warn_on_violation -file zynq_PS_wrapper_bus_skew_routed.rpt -pb zynq_PS_wrapper_bus_skew_routed.pb -rpx zynq_PS_wrapper_bus_skew_routed.rpx
INFO: [Timing 38-91] UpdateTimingParams: Speed grade: -2, Delay Type: min_max.
INFO: [Timing 38-191] Multithreading enabled for timing update using a maximum of 2 CPUs
Wrote PlaceDB: Time (s): cpu = 00:00:00 ; elapsed = 00:00:00 . Memory (MB): peak = 2036.066 ; gain = 0.000
INFO: [Timing 38-480] Writing timing data to binary archive.
Wrote PulsedLatchDB: Time (s): cpu = 00:00:00 ; elapsed = 00:00:00.001 . Memory (MB): peak = 2036.066 ; gain = 0.000
Writing XDEF routing.
Write ShapeDB Complete: Time (s): cpu = 00:00:00 ; elapsed = 00:00:00.012 . Memory (MB): peak = 2036.066 ; gain = 0.000
Writing XDEF routing logical nets.
Writing XDEF routing special nets.
Wrote RouteStorage: Time (s): cpu = 00:00:00 ; elapsed = 00:00:00.026 . Memory (MB): peak = 2036.066 ; gain = 0.000
Wrote PlaceStorage: Time (s): cpu = 00:00:00 ; elapsed = 00:00:00.037 . Memory (MB): peak = 2036.066 ; gain = 0.000
Wrote Netlist Cache: Time (s): cpu = 00:00:00 ; elapsed = 00:00:00.002 . Memory (MB): peak = 2036.066 ; gain = 0.000
Wrote Device Cache: Time (s): cpu = 00:00:00 ; elapsed = 00:00:00.006 . Memory (MB): peak = 2036.066 ; gain = 0.000
Write Physdb Complete: Time (s): cpu = 00:00:00 ; elapsed = 00:00:00.081 . Memory (MB): peak = 2036.066 ; gain = 0.000
INFO: [Common 17-1381] The checkpoint 'D:/Learn/robotdreams/Homework_004/Zynq_PS/Zynq_PS.runs/impl_1/zynq_PS_wrapper_routed.dcp' has been generated.
INFO: [Common 17-206] Exiting Vivado at Thu Oct  1 21:19:38 2026...

*** Running vivado
    with args -log zynq_PS_wrapper.vdi -applog -m64 -product Vivado -messageDb vivado.pb -mode batch -source zynq_PS_wrapper.tcl -notrace


INFO: [Common 17-3922] A valid Vivado Design Suite BASIC license has been detected. Your current license is active and will expire on 03-aug-2027.
#-----------------------------------------------------------
# Vivado v2026.1 (64-bit)
# SW Build 6511674 on Tue Jun 16 11:02:23 MDT 2026
# IP Build 6504888 on Tue Jun 09 09:05:25 MDT 2026
# SharedData Build 6501428 on Mon Jun 08 17:34:18 MDT 2026
# Start of session at: Thu Oct  1 21:20:41 2026
# Process ID         : 52104
# Current directory  : D:/Learn/robotdreams/Homework_004/Zynq_PS/Zynq_PS.runs/impl_1
# Command line       : vivado.exe -log zynq_PS_wrapper.vdi -applog -product Vivado -messageDb vivado.pb -mode batch -source zynq_PS_wrapper.tcl -notrace
# Log file           : D:/Learn/robotdreams/Homework_004/Zynq_PS/Zynq_PS.runs/impl_1/zynq_PS_wrapper.vdi
# Journal file       : D:/Learn/robotdreams/Homework_004/Zynq_PS/Zynq_PS.runs/impl_1\vivado.jou
# Running On         : DESKTOP-IOFH4PG
# Platform           : Windows 11
# Operating System   : 26200
# Processor Detail   : 13th Gen Intel(R) Core(TM) i7-13650HX
# CPU Frequency      : 2803 MHz
# CPU Physical cores : 14
# CPU Logical cores  : 20
# Host memory        : 34053 MB
# Swap memory        : 18253 MB
# Total Virtual      : 52307 MB
# Available Virtual  : 10994 MB
#-----------------------------------------------------------

****** Vivado v2026.1 (64-bit)
  **** SW Build 6511674 on Tue Jun 16 11:02:23 MDT 2026
  **** IP Build 6504888 on Tue Jun 09 09:05:25 MDT 2026
  **** SharedData Build 6501428 on Mon Jun 08 17:34:18 MDT 2026
  **** Start of session at: Thu Oct  1 21:20:41 2026
    ** Copyright 1986-2022 Xilinx, Inc. All Rights Reserved.
    ** Copyright 2022-2026 Advanced Micro Devices, Inc. All Rights Reserved.

source zynq_PS_wrapper.tcl -notrace
Command: open_checkpoint zynq_PS_wrapper_routed.dcp
INFO: [Device 21-403] Loading part xc7z010clg400-2
Netlist sorting complete. Time (s): cpu = 00:00:00 ; elapsed = 00:00:00.015 . Memory (MB): peak = 837.777 ; gain = 0.000
INFO: [Netlist 29-17] Analyzing 70 Unisim elements for replacement
INFO: [Netlist 29-28] Unisim Transformation completed in 0 CPU seconds
INFO: [Project 1-479] Netlist was created with Vivado 2026.1
INFO: [Project 1-570] Preparing netlist for logic optimization
Read ShapeDB Complete: Time (s): cpu = 00:00:00 ; elapsed = 00:00:00.008 . Memory (MB): peak = 938.523 ; gain = 0.691
INFO: [Timing 38-478] Restoring timing data from binary archive.
INFO: [Timing 38-479] Binary timing data restore complete.
INFO: [Project 1-856] Restoring constraints from binary archive.
INFO: [Project 1-853] Binary constraint restore complete.
INFO: [Designutils 20-5722] Start Reading Physical Databases.
Reading placement.
Read Netlist Cache: Time (s): cpu = 00:00:00 ; elapsed = 00:00:00.006 . Memory (MB): peak = 1531.418 ; gain = 0.000
Reading placer database...
Read Device Cache: Time (s): cpu = 00:00:00 ; elapsed = 00:00:00.029 . Memory (MB): peak = 1531.418 ; gain = 0.000
Read PlaceDB: Time (s): cpu = 00:00:00 ; elapsed = 00:00:00 . Memory (MB): peak = 1531.418 ; gain = 0.000
Read placeStorage: Time (s): cpu = 00:00:00 ; elapsed = 00:00:00.234 . Memory (MB): peak = 1542.188 ; gain = 10.770
Read PulsedLatchDB: Time (s): cpu = 00:00:00 ; elapsed = 00:00:00 . Memory (MB): peak = 1542.188 ; gain = 0.000
Reading routing.
Read RouteStorage: Time (s): cpu = 00:00:01 ; elapsed = 00:00:00.065 . Memory (MB): peak = 1542.188 ; gain = 0.000
Read Physdb Files: Time (s): cpu = 00:00:01 ; elapsed = 00:00:00.367 . Memory (MB): peak = 1542.188 ; gain = 10.770
Restored from archive | CPU: 1.000000 secs | Memory: 0.000000 MB |
Finished XDEF File Restore: Time (s): cpu = 00:00:01 ; elapsed = 00:00:00.462 . Memory (MB): peak = 1542.188 ; gain = 17.996
Netlist sorting complete. Time (s): cpu = 00:00:00 ; elapsed = 00:00:00.002 . Memory (MB): peak = 1542.188 ; gain = 0.000
INFO: [Project 1-111] Unisim Transformation Summary:
No Unisim elements were transformed.

INFO: [Project 1-604] Checkpoint was created with Vivado v2026.1 (64-bit) build 6511674
open_checkpoint: Time (s): cpu = 00:00:17 ; elapsed = 00:00:16 . Memory (MB): peak = 1542.188 ; gain = 1200.980
Command: write_bitstream -force zynq_PS_wrapper.bit
Attempting to get a license for feature 'Vivado_Implementation' and/or device 'xc7z010'
INFO: [Common 17-349] Got license for feature 'Vivado_Implementation' and/or device 'xc7z010'
Running DRC as a precondition to command write_bitstream
INFO: [IP_Flow 19-234] Refreshing IP repositories
INFO: [IP_Flow 19-1704] No user IP repositories specified
INFO: [IP_Flow 19-2313] Loaded Vivado IP repository 'D:/AMDdesign/2026.1/Vivado/data/ip'.
INFO: [DRC 23-27] Running DRC with 2 threads
INFO: [Vivado 12-3199] DRC finished with 0 Errors
INFO: [Vivado 12-3200] Please refer to the DRC report (report_drc) for more information.
Integrating Hard IP ELF/MEM with the PDI.
INFO: [Designutils 20-2272] Running write_bitstream with 2 threads.
Initializing bitstream generation complete. Time (s): cpu = 00:00:01 ; elapsed = 00:00:02 . Memory (MB): peak = 1789.359 ; gain = 87.012
Loading data files...
Loading site data...
Loading route data...
Processing options...
Creating bitmap...
Creating bitstream...
Writing bitstream ./zynq_PS_wrapper.bit...
Generate Bitstream complete. Time (s): cpu = 00:00:14 ; elapsed = 00:00:13 . Memory (MB): peak = 2032.133 ; gain = 329.785
INFO: [Vivado 12-1842] Bitgen Completed Successfully.
INFO: [Common 17-83] Releasing license: Vivado_Implementation
22 Infos, 0 Warnings, 0 Critical Warnings and 0 Errors encountered.
write_bitstream completed successfully
write_bitstream: Time (s): cpu = 00:00:22 ; elapsed = 00:00:30 . Memory (MB): peak = 2032.133 ; gain = 489.945
INFO: [Common 17-206] Exiting Vivado at Thu Oct  1 21:21:30 2026...
