#-----------------------------------------------------------
# Vivado v2026.1 (64-bit)
# SW Build 6511674 on Tue Jun 16 11:02:23 MDT 2026
# IP Build 6504888 on Tue Jun 09 09:05:25 MDT 2026
# SharedData Build 6501428 on Mon Jun 08 17:34:18 MDT 2026
# Start of session at: Thu Oct  1 20:41:05 2026
# Process ID         : 59908
# Current directory  : D:/Learn/robotdreams/Homework_004/Zynq_PS/Zynq_PS.runs/impl_1
# Command line       : vivado.exe -log zynq_PS_wrapper.vdi -applog -product Vivado -messageDb vivado.pb -mode batch -source zynq_PS_wrapper.tcl -notrace
# Log file           : D:/Learn/robotdreams/Homework_004/Zynq_PS/Zynq_PS.runs/impl_1/zynq_PS_wrapper.vdi
# Journal file       : D:/Learn/robotdreams/Homework_004/Zynq_PS/Zynq_PS.runs/impl_1\vivado.jou
# Running On         : DESKTOP-IOFH4PG
# Platform           : Windows 11
# Operating System   : 26200
# Processor Detail   : 13th Gen Intel(R) Core(TM) i7-13650HX
# CPU Frequency      : 2803 MHz
# CPU Physical cores : 14
# CPU Logical cores  : 20
# Host memory        : 34053 MB
# Swap memory        : 18253 MB
# Total Virtual      : 52307 MB
# Available Virtual  : 11030 MB
#-----------------------------------------------------------
source zynq_PS_wrapper.tcl -notrace
