
*** Running vivado
    with args -log MicroBlaze_dlmb_v10_0.vds -m64 -product Vivado -mode batch -messageDb vivado.pb -notrace -source MicroBlaze_dlmb_v10_0.tcl


INFO: [Common 17-3922] A valid Vivado Design Suite BASIC license has been detected. Your current license is active and will expire on 03-aug-2027.
#-----------------------------------------------------------
# Vivado v2026.1 (64-bit)
# SW Build 6511674 on Tue Jun 16 11:02:23 MDT 2026
# IP Build 6504888 on Tue Jun 09 09:05:25 MDT 2026
# SharedData Build 6501428 on Mon Jun 08 17:34:18 MDT 2026
# Start of session at: Fri Oct  2 13:01:37 2026
# Process ID         : 42416
# Current directory  : D:/Learn/robotdreams/Homework_004/MicroBlaze/MicroBlaze.runs/MicroBlaze_dlmb_v10_0_synth_1
# Command line       : vivado.exe -log MicroBlaze_dlmb_v10_0.vds -product Vivado -mode batch -messageDb vivado.pb -notrace -source MicroBlaze_dlmb_v10_0.tcl
# Log file           : D:/Learn/robotdreams/Homework_004/MicroBlaze/MicroBlaze.runs/MicroBlaze_dlmb_v10_0_synth_1/MicroBlaze_dlmb_v10_0.vds
# Journal file       : D:/Learn/robotdreams/Homework_004/MicroBlaze/MicroBlaze.runs/MicroBlaze_dlmb_v10_0_synth_1\vivado.jou
# Running On         : DESKTOP-IOFH4PG
# Platform           : Windows 11
# Operating System   : 26200
# Processor Detail   : 13th Gen Intel(R) Core(TM) i7-13650HX
# CPU Frequency      : 2803 MHz
# CPU Physical cores : 14
# CPU Logical cores  : 20
# Host memory        : 34053 MB
# Swap memory        : 18253 MB
# Total Virtual      : 52307 MB
# Available Virtual  : 8638 MB
#-----------------------------------------------------------

****** Vivado v2026.1 (64-bit)
  **** SW Build 6511674 on Tue Jun 16 11:02:23 MDT 2026
  **** IP Build 6504888 on Tue Jun 09 09:05:25 MDT 2026
  **** SharedData Build 6501428 on Mon Jun 08 17:34:18 MDT 2026
  **** Start of session at: Fri Oct  2 13:01:37 2026
    ** Copyright 1986-2022 Xilinx, Inc. All Rights Reserved.
    ** Copyright 2022-2026 Advanced Micro Devices, Inc. All Rights Reserved.

source MicroBlaze_dlmb_v10_0.tcl -notrace
create_project: Time (s): cpu = 00:00:12 ; elapsed = 00:00:12 . Memory (MB): peak = 611.301 ; gain = 269.043
Command: synth_design -top MicroBlaze_dlmb_v10_0 -part xc7z010clg400-2 -incremental_mode off -mode out_of_context
Starting synth_design
Attempting to get a license for feature 'Vivado_Synthesis' and/or device 'xc7z010'
INFO: [Common 17-349] Got license for feature 'Vivado_Synthesis' and/or device 'xc7z010'
INFO: [Device 21-403] Loading part xc7z010clg400-2
INFO: [Designutils 20-5008] Incremental synthesis strategy off
INFO: [Synth 8-7079] Multithreading enabled for synth_design using a maximum of 2 processes.
INFO: [Synth 8-7078] Launching helper process for spawning children vivado processes
INFO: [Synth 8-7075] Helper process launched with PID 12324
---------------------------------------------------------------------------------
Starting RTL Elaboration : Time (s): cpu = 00:00:07 ; elapsed = 00:00:08 . Memory (MB): peak = 1404.254 ; gain = 577.094
---------------------------------------------------------------------------------
INFO: [Synth 8-638] synthesizing module 'MicroBlaze_dlmb_v10_0' [d:/Learn/robotdreams/Homework_004/MicroBlaze/MicroBlaze.gen/sources_1/bd/MicroBlaze/ip/MicroBlaze_dlmb_v10_0/synth/MicroBlaze_dlmb_v10_0.vhd:89]
	Parameter C_LMB_NUM_SLAVES bound to: 1 - type: integer 
	Parameter C_LMB_DWIDTH bound to: 32 - type: integer 
	Parameter C_LMB_AWIDTH bound to: 32 - type: integer 
	Parameter C_LMB_PROTOCOL bound to: 0 - type: integer 
	Parameter C_LMB_HAS_PROT bound to: 0 - type: integer 
	Parameter C_EXT_RESET_HIGH bound to: 1 - type: integer 
INFO: [Synth 8-3491] module 'lmb_v10' declared at 'd:/Learn/robotdreams/Homework_004/MicroBlaze/MicroBlaze.gen/sources_1/bd/MicroBlaze/ipshared/dac4/hdl/lmb_v10_v3_0_vh_rfs.vhd:91' bound to instance 'U0' of component 'lmb_v10' [d:/Learn/robotdreams/Homework_004/MicroBlaze/MicroBlaze.gen/sources_1/bd/MicroBlaze/ip/MicroBlaze_dlmb_v10_0/synth/MicroBlaze_dlmb_v10_0.vhd:172]
INFO: [Synth 8-638] synthesizing module 'lmb_v10' [d:/Learn/robotdreams/Homework_004/MicroBlaze/MicroBlaze.gen/sources_1/bd/MicroBlaze/ipshared/dac4/hdl/lmb_v10_v3_0_vh_rfs.vhd:143]
INFO: [Synth 8-3491] module 'FDS' declared at 'D:/AMDdesign/2026.1/Vivado/scripts/rt/data/unisim_comp.v:49519' bound to instance 'POR_FF_I' of component 'FDS' [d:/Learn/robotdreams/Homework_004/MicroBlaze/MicroBlaze.gen/sources_1/bd/MicroBlaze/ipshared/dac4/hdl/lmb_v10_v3_0_vh_rfs.vhd:173]
INFO: [Synth 8-6157] synthesizing module 'FDS' [D:/AMDdesign/2026.1/Vivado/scripts/rt/data/unisim_comp.v:49519]
INFO: [Synth 8-6155] done synthesizing module 'FDS' (0#1) [D:/AMDdesign/2026.1/Vivado/scripts/rt/data/unisim_comp.v:49519]
INFO: [Synth 8-256] done synthesizing module 'lmb_v10' (0#1) [d:/Learn/robotdreams/Homework_004/MicroBlaze/MicroBlaze.gen/sources_1/bd/MicroBlaze/ipshared/dac4/hdl/lmb_v10_v3_0_vh_rfs.vhd:143]
INFO: [Synth 8-256] done synthesizing module 'MicroBlaze_dlmb_v10_0' (0#1) [d:/Learn/robotdreams/Homework_004/MicroBlaze/MicroBlaze.gen/sources_1/bd/MicroBlaze/ip/MicroBlaze_dlmb_v10_0/synth/MicroBlaze_dlmb_v10_0.vhd:89]
---------------------------------------------------------------------------------
Finished RTL Elaboration : Time (s): cpu = 00:00:09 ; elapsed = 00:00:10 . Memory (MB): peak = 1529.445 ; gain = 702.285
---------------------------------------------------------------------------------
---------------------------------------------------------------------------------
Start Handling Custom Attributes
---------------------------------------------------------------------------------
---------------------------------------------------------------------------------
Finished Handling Custom Attributes : Time (s): cpu = 00:00:09 ; elapsed = 00:00:11 . Memory (MB): peak = 1529.445 ; gain = 702.285
---------------------------------------------------------------------------------
---------------------------------------------------------------------------------
Finished RTL Optimization Phase 1 : Time (s): cpu = 00:00:09 ; elapsed = 00:00:11 . Memory (MB): peak = 1529.445 ; gain = 702.285
---------------------------------------------------------------------------------
Netlist sorting complete. Time (s): cpu = 00:00:00 ; elapsed = 00:00:00.002 . Memory (MB): peak = 1529.445 ; gain = 0.000
INFO: [Netlist 29-17] Analyzing 1 Unisim elements for replacement
INFO: [Netlist 29-28] Unisim Transformation completed in 0 CPU seconds
INFO: [Project 1-570] Preparing netlist for logic optimization

Processing XDC Constraints
Initializing timing engine
Parsing XDC File [d:/Learn/robotdreams/Homework_004/MicroBlaze/MicroBlaze.gen/sources_1/bd/MicroBlaze/ip/MicroBlaze_dlmb_v10_0/MicroBlaze_dlmb_v10_0_ooc.xdc] for cell 'U0'
Finished Parsing XDC File [d:/Learn/robotdreams/Homework_004/MicroBlaze/MicroBlaze.gen/sources_1/bd/MicroBlaze/ip/MicroBlaze_dlmb_v10_0/MicroBlaze_dlmb_v10_0_ooc.xdc] for cell 'U0'
Parsing XDC File [D:/Learn/robotdreams/Homework_004/MicroBlaze/MicroBlaze.runs/MicroBlaze_dlmb_v10_0_synth_1/dont_touch.xdc]
Finished Parsing XDC File [D:/Learn/robotdreams/Homework_004/MicroBlaze/MicroBlaze.runs/MicroBlaze_dlmb_v10_0_synth_1/dont_touch.xdc]
Completed Processing XDC Constraints

Netlist sorting complete. Time (s): cpu = 00:00:00 ; elapsed = 00:00:00 . Memory (MB): peak = 1529.445 ; gain = 0.000
INFO: [Project 1-111] Unisim Transformation Summary:
  A total of 1 instances were transformed.
  FDS => FDSE: 1 instance 

Constraint Validation Runtime : Time (s): cpu = 00:00:00 ; elapsed = 00:00:00.046 . Memory (MB): peak = 1529.445 ; gain = 0.000
INFO: [Designutils 20-5008] Incremental synthesis strategy off
---------------------------------------------------------------------------------
Finished Constraint Validation : Time (s): cpu = 00:00:22 ; elapsed = 00:00:29 . Memory (MB): peak = 1529.445 ; gain = 702.285
---------------------------------------------------------------------------------
---------------------------------------------------------------------------------
Start Loading Part and Timing Information
---------------------------------------------------------------------------------
Loading part: xc7z010clg400-2
---------------------------------------------------------------------------------
Finished Loading Part and Timing Information : Time (s): cpu = 00:00:22 ; elapsed = 00:00:29 . Memory (MB): peak = 1529.445 ; gain = 702.285
---------------------------------------------------------------------------------
---------------------------------------------------------------------------------
Start Applying 'set_property' XDC Constraints
---------------------------------------------------------------------------------
---------------------------------------------------------------------------------
Finished applying 'set_property' XDC Constraints : Time (s): cpu = 00:00:22 ; elapsed = 00:00:29 . Memory (MB): peak = 1529.445 ; gain = 702.285
---------------------------------------------------------------------------------
---------------------------------------------------------------------------------
Finished RTL Optimization Phase 2 : Time (s): cpu = 00:00:22 ; elapsed = 00:00:29 . Memory (MB): peak = 1529.445 ; gain = 702.285
---------------------------------------------------------------------------------
---------------------------------------------------------------------------------
Start RTL Component Statistics 
---------------------------------------------------------------------------------
Detailed RTL Component Info : 
---------------------------------------------------------------------------------
Finished RTL Component Statistics 
---------------------------------------------------------------------------------
---------------------------------------------------------------------------------
Start Part Resource Summary
---------------------------------------------------------------------------------
Part Resources:
DSPs: 80 (col length:40)
BRAMs: 120 (col length: RAMB18 40 RAMB36 20)
---------------------------------------------------------------------------------
Finished Part Resource Summary
---------------------------------------------------------------------------------
---------------------------------------------------------------------------------
Start Cross Boundary and Area Optimization
---------------------------------------------------------------------------------
---------------------------------------------------------------------------------
Finished Cross Boundary and Area Optimization : Time (s): cpu = 00:00:24 ; elapsed = 00:00:32 . Memory (MB): peak = 1562.324 ; gain = 735.164
---------------------------------------------------------------------------------
---------------------------------------------------------------------------------
Start Applying XDC Timing Constraints
---------------------------------------------------------------------------------
---------------------------------------------------------------------------------
Finished Applying XDC Timing Constraints : Time (s): cpu = 00:00:31 ; elapsed = 00:00:40 . Memory (MB): peak = 1732.688 ; gain = 905.527
---------------------------------------------------------------------------------
---------------------------------------------------------------------------------
Start Timing Optimization
---------------------------------------------------------------------------------
---------------------------------------------------------------------------------
Finished Timing Optimization : Time (s): cpu = 00:00:31 ; elapsed = 00:00:40 . Memory (MB): peak = 1732.836 ; gain = 905.676
---------------------------------------------------------------------------------
---------------------------------------------------------------------------------
Start Technology Mapping
---------------------------------------------------------------------------------
---------------------------------------------------------------------------------
Finished Technology Mapping : Time (s): cpu = 00:00:31 ; elapsed = 00:00:40 . Memory (MB): peak = 1742.402 ; gain = 915.242
---------------------------------------------------------------------------------
---------------------------------------------------------------------------------
Start IO Insertion
---------------------------------------------------------------------------------
---------------------------------------------------------------------------------
Start Flattening Before IO Insertion
---------------------------------------------------------------------------------
---------------------------------------------------------------------------------
Finished Flattening Before IO Insertion
---------------------------------------------------------------------------------
---------------------------------------------------------------------------------
Start Final Netlist Cleanup
---------------------------------------------------------------------------------
---------------------------------------------------------------------------------
Finished Final Netlist Cleanup
---------------------------------------------------------------------------------
---------------------------------------------------------------------------------
Finished IO Insertion : Time (s): cpu = 00:00:39 ; elapsed = 00:00:50 . Memory (MB): peak = 2017.723 ; gain = 1190.562
---------------------------------------------------------------------------------
---------------------------------------------------------------------------------
Start Renaming Generated Instances
---------------------------------------------------------------------------------
---------------------------------------------------------------------------------
Finished Renaming Generated Instances : Time (s): cpu = 00:00:39 ; elapsed = 00:00:50 . Memory (MB): peak = 2017.723 ; gain = 1190.562
---------------------------------------------------------------------------------
---------------------------------------------------------------------------------
Start Rebuilding User Hierarchy
---------------------------------------------------------------------------------
---------------------------------------------------------------------------------
Finished Rebuilding User Hierarchy : Time (s): cpu = 00:00:39 ; elapsed = 00:00:50 . Memory (MB): peak = 2017.723 ; gain = 1190.562
---------------------------------------------------------------------------------
---------------------------------------------------------------------------------
Start Renaming Generated Ports
---------------------------------------------------------------------------------
---------------------------------------------------------------------------------
Finished Renaming Generated Ports : Time (s): cpu = 00:00:39 ; elapsed = 00:00:50 . Memory (MB): peak = 2017.723 ; gain = 1190.562
---------------------------------------------------------------------------------
---------------------------------------------------------------------------------
Start Handling Custom Attributes
---------------------------------------------------------------------------------
---------------------------------------------------------------------------------
Finished Handling Custom Attributes : Time (s): cpu = 00:00:39 ; elapsed = 00:00:50 . Memory (MB): peak = 2017.723 ; gain = 1190.562
---------------------------------------------------------------------------------
---------------------------------------------------------------------------------
Start Renaming Generated Nets
---------------------------------------------------------------------------------
---------------------------------------------------------------------------------
Finished Renaming Generated Nets : Time (s): cpu = 00:00:39 ; elapsed = 00:00:50 . Memory (MB): peak = 2017.723 ; gain = 1190.562
---------------------------------------------------------------------------------
---------------------------------------------------------------------------------
Start Writing Synthesis Report
---------------------------------------------------------------------------------

Report BlackBoxes: 
+-+--------------+----------+
| |BlackBox name |Instances |
+-+--------------+----------+
+-+--------------+----------+

Report Cell Usage: 
+------+-----+------+
|      |Cell |Count |
+------+-----+------+
|1     |FDS  |     1|
+------+-----+------+
---------------------------------------------------------------------------------
Finished Writing Synthesis Report : Time (s): cpu = 00:00:39 ; elapsed = 00:00:50 . Memory (MB): peak = 2017.723 ; gain = 1190.562
---------------------------------------------------------------------------------
Synthesis finished with 0 errors, 0 critical warnings and 0 warnings.
Synthesis Optimization Runtime : Time (s): cpu = 00:00:28 ; elapsed = 00:00:47 . Memory (MB): peak = 2017.723 ; gain = 1190.562
Synthesis Optimization Complete : Time (s): cpu = 00:00:39 ; elapsed = 00:00:50 . Memory (MB): peak = 2017.723 ; gain = 1190.562
INFO: [Project 1-571] Translating synthesized netlist
Netlist sorting complete. Time (s): cpu = 00:00:00 ; elapsed = 00:00:00.001 . Memory (MB): peak = 2017.723 ; gain = 0.000
INFO: [Netlist 29-17] Analyzing 1 Unisim elements for replacement
INFO: [Netlist 29-28] Unisim Transformation completed in 0 CPU seconds
INFO: [Project 1-570] Preparing netlist for logic optimization
INFO: [Opt 31-138] Pushed 0 inverter(s) to 0 load pin(s).
Netlist sorting complete. Time (s): cpu = 00:00:00 ; elapsed = 00:00:00 . Memory (MB): peak = 2028.504 ; gain = 0.000
INFO: [Project 1-111] Unisim Transformation Summary:
  A total of 1 instances were transformed.
  FDS => FDSE: 1 instance 

Synth Design complete | Checksum: 3d18fe23
INFO: [Common 17-83] Releasing license: Vivado_Synthesis
26 Infos, 0 Warnings, 0 Critical Warnings and 0 Errors encountered.
synth_design completed successfully
synth_design: Time (s): cpu = 00:00:43 ; elapsed = 00:01:15 . Memory (MB): peak = 2028.504 ; gain = 1403.488
INFO: [Common 17-1381] The checkpoint 'D:/Learn/robotdreams/Homework_004/MicroBlaze/MicroBlaze.runs/MicroBlaze_dlmb_v10_0_synth_1/MicroBlaze_dlmb_v10_0.dcp' has been generated.
INFO: [Ipptcl 7-1612] Added synthesis output to IP cache for IP MicroBlaze_dlmb_v10_0, cache-ID = 9f3582718273aa6f
INFO: [Common 17-1381] The checkpoint 'D:/Learn/robotdreams/Homework_004/MicroBlaze/MicroBlaze.runs/MicroBlaze_dlmb_v10_0_synth_1/MicroBlaze_dlmb_v10_0.dcp' has been generated.
INFO: [Vivado 12-24828] Executing command : report_utilization -file MicroBlaze_dlmb_v10_0_utilization_synth.rpt -pb MicroBlaze_dlmb_v10_0_utilization_synth.pb
INFO: [Common 17-206] Exiting Vivado at Fri Oct  2 13:03:18 2026...
