
*** Running vivado
    with args -log MicroBlaze_dlmb_bram_if_cntlr_0.vds -m64 -product Vivado -mode batch -messageDb vivado.pb -notrace -source MicroBlaze_dlmb_bram_if_cntlr_0.tcl


INFO: [Common 17-3922] A valid Vivado Design Suite BASIC license has been detected. Your current license is active and will expire on 03-aug-2027.
#-----------------------------------------------------------
# Vivado v2026.1 (64-bit)
# SW Build 6511674 on Tue Jun 16 11:02:23 MDT 2026
# IP Build 6504888 on Tue Jun 09 09:05:25 MDT 2026
# SharedData Build 6501428 on Mon Jun 08 17:34:18 MDT 2026
# Start of session at: Fri Oct  2 13:01:37 2026
# Process ID         : 55016
# Current directory  : D:/Learn/robotdreams/Homework_004/MicroBlaze/MicroBlaze.runs/MicroBlaze_dlmb_bram_if_cntlr_0_synth_1
# Command line       : vivado.exe -log MicroBlaze_dlmb_bram_if_cntlr_0.vds -product Vivado -mode batch -messageDb vivado.pb -notrace -source MicroBlaze_dlmb_bram_if_cntlr_0.tcl
# Log file           : D:/Learn/robotdreams/Homework_004/MicroBlaze/MicroBlaze.runs/MicroBlaze_dlmb_bram_if_cntlr_0_synth_1/MicroBlaze_dlmb_bram_if_cntlr_0.vds
# Journal file       : D:/Learn/robotdreams/Homework_004/MicroBlaze/MicroBlaze.runs/MicroBlaze_dlmb_bram_if_cntlr_0_synth_1\vivado.jou
# Running On         : DESKTOP-IOFH4PG
# Platform           : Windows 11
# Operating System   : 26200
# Processor Detail   : 13th Gen Intel(R) Core(TM) i7-13650HX
# CPU Frequency      : 2803 MHz
# CPU Physical cores : 14
# CPU Logical cores  : 20
# Host memory        : 34053 MB
# Swap memory        : 18253 MB
# Total Virtual      : 52307 MB
# Available Virtual  : 8568 MB
#-----------------------------------------------------------

****** Vivado v2026.1 (64-bit)
  **** SW Build 6511674 on Tue Jun 16 11:02:23 MDT 2026
  **** IP Build 6504888 on Tue Jun 09 09:05:25 MDT 2026
  **** SharedData Build 6501428 on Mon Jun 08 17:34:18 MDT 2026
  **** Start of session at: Fri Oct  2 13:01:37 2026
    ** Copyright 1986-2022 Xilinx, Inc. All Rights Reserved.
    ** Copyright 2022-2026 Advanced Micro Devices, Inc. All Rights Reserved.

source MicroBlaze_dlmb_bram_if_cntlr_0.tcl -notrace
create_project: Time (s): cpu = 00:00:12 ; elapsed = 00:00:12 . Memory (MB): peak = 610.824 ; gain = 267.508
Command: synth_design -top MicroBlaze_dlmb_bram_if_cntlr_0 -part xc7z010clg400-2 -incremental_mode off -mode out_of_context
Starting synth_design
Attempting to get a license for feature 'Vivado_Synthesis' and/or device 'xc7z010'
INFO: [Common 17-349] Got license for feature 'Vivado_Synthesis' and/or device 'xc7z010'
INFO: [Device 21-403] Loading part xc7z010clg400-2
INFO: [Designutils 20-5008] Incremental synthesis strategy off
INFO: [Synth 8-7079] Multithreading enabled for synth_design using a maximum of 2 processes.
INFO: [Synth 8-7078] Launching helper process for spawning children vivado processes
INFO: [Synth 8-7075] Helper process launched with PID 31232
---------------------------------------------------------------------------------
Starting RTL Elaboration : Time (s): cpu = 00:00:06 ; elapsed = 00:00:08 . Memory (MB): peak = 1403.762 ; gain = 576.992
---------------------------------------------------------------------------------
INFO: [Synth 8-638] synthesizing module 'MicroBlaze_dlmb_bram_if_cntlr_0' [d:/Learn/robotdreams/Homework_004/MicroBlaze/MicroBlaze.gen/sources_1/bd/MicroBlaze/ip/MicroBlaze_dlmb_bram_if_cntlr_0/synth/MicroBlaze_dlmb_bram_if_cntlr_0.vhd:84]
	Parameter C_FAMILY bound to: zynq - type: string 
	Parameter C_HIGHADDR bound to: 64'b0000000000000000000000000000000000000000000000001111111111111111 
	Parameter C_BASEADDR bound to: 64'b0000000000000000000000000000000000000000000000000000000000000000 
	Parameter C_NUM_LMB bound to: 1 - type: integer 
	Parameter C_MASK bound to: 64'b0000000000000000000000000000000001000000000000000000000000000000 
	Parameter C_MASK1 bound to: 64'b0000000000000000000000000000000000000000100000000000000000000000 
	Parameter C_MASK2 bound to: 64'b0000000000000000000000000000000000000000100000000000000000000000 
	Parameter C_MASK3 bound to: 64'b0000000000000000000000000000000000000000100000000000000000000000 
	Parameter C_MASK4 bound to: 64'b0000000000000000000000000000000000000000100000000000000000000000 
	Parameter C_MASK5 bound to: 64'b0000000000000000000000000000000000000000100000000000000000000000 
	Parameter C_MASK6 bound to: 64'b0000000000000000000000000000000000000000100000000000000000000000 
	Parameter C_MASK7 bound to: 64'b0000000000000000000000000000000000000000100000000000000000000000 
	Parameter C_PROT_CFG bound to: 8'b11111111 
	Parameter C_PROT_CFG1 bound to: 8'b11111111 
	Parameter C_PROT_CFG2 bound to: 8'b11111111 
	Parameter C_PROT_CFG3 bound to: 8'b11111111 
	Parameter C_PROT_CFG4 bound to: 8'b11111111 
	Parameter C_PROT_CFG5 bound to: 8'b11111111 
	Parameter C_PROT_CFG6 bound to: 8'b11111111 
	Parameter C_PROT_CFG7 bound to: 8'b11111111 
	Parameter C_LMB_AWIDTH bound to: 32 - type: integer 
	Parameter C_LMB_DWIDTH bound to: 32 - type: integer 
	Parameter C_LMB_PROTOCOL bound to: 0 - type: integer 
	Parameter C_LMB_HAS_PROT bound to: 0 - type: integer 
	Parameter C_ARBITRATION bound to: 0 - type: integer 
	Parameter C_ECC bound to: 0 - type: integer 
	Parameter C_INTERCONNECT bound to: 0 - type: integer 
	Parameter C_FAULT_INJECT bound to: 0 - type: integer 
	Parameter C_CE_FAILING_REGISTERS bound to: 0 - type: integer 
	Parameter C_UE_FAILING_REGISTERS bound to: 0 - type: integer 
	Parameter C_ECC_STATUS_REGISTERS bound to: 0 - type: integer 
	Parameter C_ECC_ONOFF_REGISTER bound to: 0 - type: integer 
	Parameter C_ECC_ONOFF_RESET_VALUE bound to: 1 - type: integer 
	Parameter C_CE_COUNTER_WIDTH bound to: 0 - type: integer 
	Parameter C_WRITE_ACCESS bound to: 2 - type: integer 
	Parameter C_BRAM_AWIDTH bound to: 32 - type: integer 
	Parameter C_S_AXI_CTRL_ADDR_WIDTH bound to: 32 - type: integer 
	Parameter C_S_AXI_CTRL_DATA_WIDTH bound to: 32 - type: integer 
INFO: [Synth 8-3491] module 'lmb_bram_if_cntlr' declared at 'd:/Learn/robotdreams/Homework_004/MicroBlaze/MicroBlaze.gen/sources_1/bd/MicroBlaze/ipshared/a190/hdl/lmb_bram_if_cntlr_v4_0_rfs.vhd:5108' bound to instance 'U0' of component 'lmb_bram_if_cntlr' [d:/Learn/robotdreams/Homework_004/MicroBlaze/MicroBlaze.gen/sources_1/bd/MicroBlaze/ip/MicroBlaze_dlmb_bram_if_cntlr_0/synth/MicroBlaze_dlmb_bram_if_cntlr_0.vhd:298]
INFO: [Synth 8-638] synthesizing module 'lmb_bram_if_cntlr' [d:/Learn/robotdreams/Homework_004/MicroBlaze/MicroBlaze.gen/sources_1/bd/MicroBlaze/ipshared/a190/hdl/lmb_bram_if_cntlr_v4_0_rfs.vhd:5307]
	Parameter C_TARGET bound to: 3 - type: integer 
	Parameter C_BASEADDR bound to: 64'b0000000000000000000000000000000000000000000000000000000000000000 
	Parameter C_MASK bound to: 64'b0000000000000000000000000000000001000000000000000000000000000000 
	Parameter C_MASK1 bound to: 64'b0000000000000000000000000000000000000000100000000000000000000000 
	Parameter C_MASK2 bound to: 64'b0000000000000000000000000000000000000000100000000000000000000000 
	Parameter C_MASK3 bound to: 64'b0000000000000000000000000000000000000000100000000000000000000000 
	Parameter C_MASK4 bound to: 64'b0000000000000000000000000000000000000000100000000000000000000000 
	Parameter C_MASK5 bound to: 64'b0000000000000000000000000000000000000000100000000000000000000000 
	Parameter C_MASK6 bound to: 64'b0000000000000000000000000000000000000000100000000000000000000000 
	Parameter C_MASK7 bound to: 64'b0000000000000000000000000000000000000000100000000000000000000000 
	Parameter C_PROT_CFG bound to: 8'b11111111 
	Parameter C_PROT_CFG1 bound to: 8'b11111111 
	Parameter C_PROT_CFG2 bound to: 8'b11111111 
	Parameter C_PROT_CFG3 bound to: 8'b11111111 
	Parameter C_PROT_CFG4 bound to: 8'b11111111 
	Parameter C_PROT_CFG5 bound to: 8'b11111111 
	Parameter C_PROT_CFG6 bound to: 8'b11111111 
	Parameter C_PROT_CFG7 bound to: 8'b11111111 
	Parameter C_LMB_AWIDTH bound to: 32 - type: integer 
	Parameter C_LMB_DWIDTH bound to: 32 - type: integer 
	Parameter C_ECC_WIDTH bound to: 7 - type: integer 
	Parameter C_ECC bound to: 0 - type: integer 
	Parameter C_NUM_LMB bound to: 1 - type: integer 
	Parameter C_LMB_PROTOCOL bound to: 0 - type: integer 
	Parameter C_LMB_HAS_PROT bound to: 0 - type: integer 
	Parameter C_ARBITRATION bound to: 0 - type: integer 
INFO: [Synth 8-3491] module 'lmb_mux' declared at 'd:/Learn/robotdreams/Homework_004/MicroBlaze/MicroBlaze.gen/sources_1/bd/MicroBlaze/ipshared/a190/hdl/lmb_bram_if_cntlr_v4_0_rfs.vhd:4145' bound to instance 'lmb_mux_I' of component 'lmb_mux' [d:/Learn/robotdreams/Homework_004/MicroBlaze/MicroBlaze.gen/sources_1/bd/MicroBlaze/ipshared/a190/hdl/lmb_bram_if_cntlr_v4_0_rfs.vhd:5658]
INFO: [Synth 8-638] synthesizing module 'lmb_mux' [d:/Learn/robotdreams/Homework_004/MicroBlaze/MicroBlaze.gen/sources_1/bd/MicroBlaze/ipshared/a190/hdl/lmb_bram_if_cntlr_v4_0_rfs.vhd:4309]
	Parameter C_AW bound to: 32 - type: integer 
	Parameter C_BAR bound to: 64'b0000000000000000000000000000000000000000000000000000000000000000 
	Parameter C_MASK bound to: 64'b0000000000000000000000000000000001000000000000000000000000000000 
INFO: [Synth 8-3491] module 'pselect_mask' declared at 'd:/Learn/robotdreams/Homework_004/MicroBlaze/MicroBlaze.gen/sources_1/bd/MicroBlaze/ipshared/a190/hdl/lmb_bram_if_cntlr_v4_0_rfs.vhd:3470' bound to instance 'pselect_mask_lmb' of component 'pselect_mask' [d:/Learn/robotdreams/Homework_004/MicroBlaze/MicroBlaze.gen/sources_1/bd/MicroBlaze/ipshared/a190/hdl/lmb_bram_if_cntlr_v4_0_rfs.vhd:4435]
INFO: [Synth 8-638] synthesizing module 'pselect_mask' [d:/Learn/robotdreams/Homework_004/MicroBlaze/MicroBlaze.gen/sources_1/bd/MicroBlaze/ipshared/a190/hdl/lmb_bram_if_cntlr_v4_0_rfs.vhd:3485]
INFO: [Synth 8-256] done synthesizing module 'pselect_mask' (0#1) [d:/Learn/robotdreams/Homework_004/MicroBlaze/MicroBlaze.gen/sources_1/bd/MicroBlaze/ipshared/a190/hdl/lmb_bram_if_cntlr_v4_0_rfs.vhd:3485]
INFO: [Synth 8-256] done synthesizing module 'lmb_mux' (0#1) [d:/Learn/robotdreams/Homework_004/MicroBlaze/MicroBlaze.gen/sources_1/bd/MicroBlaze/ipshared/a190/hdl/lmb_bram_if_cntlr_v4_0_rfs.vhd:4309]
INFO: [Synth 8-256] done synthesizing module 'lmb_bram_if_cntlr' (0#1) [d:/Learn/robotdreams/Homework_004/MicroBlaze/MicroBlaze.gen/sources_1/bd/MicroBlaze/ipshared/a190/hdl/lmb_bram_if_cntlr_v4_0_rfs.vhd:5307]
INFO: [Synth 8-256] done synthesizing module 'MicroBlaze_dlmb_bram_if_cntlr_0' (0#1) [d:/Learn/robotdreams/Homework_004/MicroBlaze/MicroBlaze.gen/sources_1/bd/MicroBlaze/ip/MicroBlaze_dlmb_bram_if_cntlr_0/synth/MicroBlaze_dlmb_bram_if_cntlr_0.vhd:84]
INFO: [Synth 8-7129] Port A[0] in module pselect_mask is either unconnected or has no load
INFO: [Synth 8-7129] Port A[2] in module pselect_mask is either unconnected or has no load
INFO: [Synth 8-7129] Port A[3] in module pselect_mask is either unconnected or has no load
INFO: [Synth 8-7129] Port A[4] in module pselect_mask is either unconnected or has no load
INFO: [Synth 8-7129] Port A[5] in module pselect_mask is either unconnected or has no load
INFO: [Synth 8-7129] Port A[6] in module pselect_mask is either unconnected or has no load
INFO: [Synth 8-7129] Port A[7] in module pselect_mask is either unconnected or has no load
INFO: [Synth 8-7129] Port A[8] in module pselect_mask is either unconnected or has no load
INFO: [Synth 8-7129] Port A[9] in module pselect_mask is either unconnected or has no load
INFO: [Synth 8-7129] Port A[10] in module pselect_mask is either unconnected or has no load
INFO: [Synth 8-7129] Port A[11] in module pselect_mask is either unconnected or has no load
INFO: [Synth 8-7129] Port A[12] in module pselect_mask is either unconnected or has no load
INFO: [Synth 8-7129] Port A[13] in module pselect_mask is either unconnected or has no load
INFO: [Synth 8-7129] Port A[14] in module pselect_mask is either unconnected or has no load
INFO: [Synth 8-7129] Port A[15] in module pselect_mask is either unconnected or has no load
INFO: [Synth 8-7129] Port A[16] in module pselect_mask is either unconnected or has no load
INFO: [Synth 8-7129] Port A[17] in module pselect_mask is either unconnected or has no load
INFO: [Synth 8-7129] Port A[18] in module pselect_mask is either unconnected or has no load
INFO: [Synth 8-7129] Port A[19] in module pselect_mask is either unconnected or has no load
INFO: [Synth 8-7129] Port A[20] in module pselect_mask is either unconnected or has no load
INFO: [Synth 8-7129] Port A[21] in module pselect_mask is either unconnected or has no load
INFO: [Synth 8-7129] Port A[22] in module pselect_mask is either unconnected or has no load
INFO: [Synth 8-7129] Port A[23] in module pselect_mask is either unconnected or has no load
INFO: [Synth 8-7129] Port A[24] in module pselect_mask is either unconnected or has no load
INFO: [Synth 8-7129] Port A[25] in module pselect_mask is either unconnected or has no load
INFO: [Synth 8-7129] Port A[26] in module pselect_mask is either unconnected or has no load
INFO: [Synth 8-7129] Port A[27] in module pselect_mask is either unconnected or has no load
INFO: [Synth 8-7129] Port A[28] in module pselect_mask is either unconnected or has no load
INFO: [Synth 8-7129] Port A[29] in module pselect_mask is either unconnected or has no load
INFO: [Synth 8-7129] Port A[30] in module pselect_mask is either unconnected or has no load
INFO: [Synth 8-7129] Port A[31] in module pselect_mask is either unconnected or has no load
INFO: [Synth 8-7129] Port LMB_Clk in module lmb_mux is either unconnected or has no load
INFO: [Synth 8-7129] Port LMB_Rst in module lmb_mux is either unconnected or has no load
INFO: [Synth 8-7129] Port LMB1_ABus[0] in module lmb_mux is either unconnected or has no load
INFO: [Synth 8-7129] Port LMB1_ABus[1] in module lmb_mux is either unconnected or has no load
INFO: [Synth 8-7129] Port LMB1_ABus[2] in module lmb_mux is either unconnected or has no load
INFO: [Synth 8-7129] Port LMB1_ABus[3] in module lmb_mux is either unconnected or has no load
INFO: [Synth 8-7129] Port LMB1_ABus[4] in module lmb_mux is either unconnected or has no load
INFO: [Synth 8-7129] Port LMB1_ABus[5] in module lmb_mux is either unconnected or has no load
INFO: [Synth 8-7129] Port LMB1_ABus[6] in module lmb_mux is either unconnected or has no load
INFO: [Synth 8-7129] Port LMB1_ABus[7] in module lmb_mux is either unconnected or has no load
INFO: [Synth 8-7129] Port LMB1_ABus[8] in module lmb_mux is either unconnected or has no load
INFO: [Synth 8-7129] Port LMB1_ABus[9] in module lmb_mux is either unconnected or has no load
INFO: [Synth 8-7129] Port LMB1_ABus[10] in module lmb_mux is either unconnected or has no load
INFO: [Synth 8-7129] Port LMB1_ABus[11] in module lmb_mux is either unconnected or has no load
INFO: [Synth 8-7129] Port LMB1_ABus[12] in module lmb_mux is either unconnected or has no load
INFO: [Synth 8-7129] Port LMB1_ABus[13] in module lmb_mux is either unconnected or has no load
INFO: [Synth 8-7129] Port LMB1_ABus[14] in module lmb_mux is either unconnected or has no load
INFO: [Synth 8-7129] Port LMB1_ABus[15] in module lmb_mux is either unconnected or has no load
INFO: [Synth 8-7129] Port LMB1_ABus[16] in module lmb_mux is either unconnected or has no load
INFO: [Synth 8-7129] Port LMB1_ABus[17] in module lmb_mux is either unconnected or has no load
INFO: [Synth 8-7129] Port LMB1_ABus[18] in module lmb_mux is either unconnected or has no load
INFO: [Synth 8-7129] Port LMB1_ABus[19] in module lmb_mux is either unconnected or has no load
INFO: [Synth 8-7129] Port LMB1_ABus[20] in module lmb_mux is either unconnected or has no load
INFO: [Synth 8-7129] Port LMB1_ABus[21] in module lmb_mux is either unconnected or has no load
INFO: [Synth 8-7129] Port LMB1_ABus[22] in module lmb_mux is either unconnected or has no load
INFO: [Synth 8-7129] Port LMB1_ABus[23] in module lmb_mux is either unconnected or has no load
INFO: [Synth 8-7129] Port LMB1_ABus[24] in module lmb_mux is either unconnected or has no load
INFO: [Synth 8-7129] Port LMB1_ABus[25] in module lmb_mux is either unconnected or has no load
INFO: [Synth 8-7129] Port LMB1_ABus[26] in module lmb_mux is either unconnected or has no load
INFO: [Synth 8-7129] Port LMB1_ABus[27] in module lmb_mux is either unconnected or has no load
INFO: [Synth 8-7129] Port LMB1_ABus[28] in module lmb_mux is either unconnected or has no load
INFO: [Synth 8-7129] Port LMB1_ABus[29] in module lmb_mux is either unconnected or has no load
INFO: [Synth 8-7129] Port LMB1_ABus[30] in module lmb_mux is either unconnected or has no load
INFO: [Synth 8-7129] Port LMB1_ABus[31] in module lmb_mux is either unconnected or has no load
INFO: [Synth 8-7129] Port LMB1_Prot[0] in module lmb_mux is either unconnected or has no load
INFO: [Synth 8-7129] Port LMB1_Prot[1] in module lmb_mux is either unconnected or has no load
INFO: [Synth 8-7129] Port LMB1_WriteDBus[0] in module lmb_mux is either unconnected or has no load
INFO: [Synth 8-7129] Port LMB1_WriteDBus[1] in module lmb_mux is either unconnected or has no load
INFO: [Synth 8-7129] Port LMB1_WriteDBus[2] in module lmb_mux is either unconnected or has no load
INFO: [Synth 8-7129] Port LMB1_WriteDBus[3] in module lmb_mux is either unconnected or has no load
INFO: [Synth 8-7129] Port LMB1_WriteDBus[4] in module lmb_mux is either unconnected or has no load
INFO: [Synth 8-7129] Port LMB1_WriteDBus[5] in module lmb_mux is either unconnected or has no load
INFO: [Synth 8-7129] Port LMB1_WriteDBus[6] in module lmb_mux is either unconnected or has no load
INFO: [Synth 8-7129] Port LMB1_WriteDBus[7] in module lmb_mux is either unconnected or has no load
INFO: [Synth 8-7129] Port LMB1_WriteDBus[8] in module lmb_mux is either unconnected or has no load
INFO: [Synth 8-7129] Port LMB1_WriteDBus[9] in module lmb_mux is either unconnected or has no load
INFO: [Synth 8-7129] Port LMB1_WriteDBus[10] in module lmb_mux is either unconnected or has no load
INFO: [Synth 8-7129] Port LMB1_WriteDBus[11] in module lmb_mux is either unconnected or has no load
INFO: [Synth 8-7129] Port LMB1_WriteDBus[12] in module lmb_mux is either unconnected or has no load
INFO: [Synth 8-7129] Port LMB1_WriteDBus[13] in module lmb_mux is either unconnected or has no load
INFO: [Synth 8-7129] Port LMB1_WriteDBus[14] in module lmb_mux is either unconnected or has no load
INFO: [Synth 8-7129] Port LMB1_WriteDBus[15] in module lmb_mux is either unconnected or has no load
INFO: [Synth 8-7129] Port LMB1_WriteDBus[16] in module lmb_mux is either unconnected or has no load
INFO: [Synth 8-7129] Port LMB1_WriteDBus[17] in module lmb_mux is either unconnected or has no load
INFO: [Synth 8-7129] Port LMB1_WriteDBus[18] in module lmb_mux is either unconnected or has no load
INFO: [Synth 8-7129] Port LMB1_WriteDBus[19] in module lmb_mux is either unconnected or has no load
INFO: [Synth 8-7129] Port LMB1_WriteDBus[20] in module lmb_mux is either unconnected or has no load
INFO: [Synth 8-7129] Port LMB1_WriteDBus[21] in module lmb_mux is either unconnected or has no load
INFO: [Synth 8-7129] Port LMB1_WriteDBus[22] in module lmb_mux is either unconnected or has no load
INFO: [Synth 8-7129] Port LMB1_WriteDBus[23] in module lmb_mux is either unconnected or has no load
INFO: [Synth 8-7129] Port LMB1_WriteDBus[24] in module lmb_mux is either unconnected or has no load
INFO: [Synth 8-7129] Port LMB1_WriteDBus[25] in module lmb_mux is either unconnected or has no load
INFO: [Synth 8-7129] Port LMB1_WriteDBus[26] in module lmb_mux is either unconnected or has no load
INFO: [Synth 8-7129] Port LMB1_WriteDBus[27] in module lmb_mux is either unconnected or has no load
INFO: [Synth 8-7129] Port LMB1_WriteDBus[28] in module lmb_mux is either unconnected or has no load
INFO: [Synth 8-7129] Port LMB1_WriteDBus[29] in module lmb_mux is either unconnected or has no load
INFO: [Synth 8-7129] Port LMB1_WriteDBus[30] in module lmb_mux is either unconnected or has no load
INFO: [Synth 8-7129] Port LMB1_WriteDBus[31] in module lmb_mux is either unconnected or has no load
INFO: [Synth 8-7129] Port LMB1_AddrStrobe in module lmb_mux is either unconnected or has no load
INFO: [Common 17-14] Message 'Synth 8-7129' appears 100 times and further instances of the messages will be disabled. Use the Tcl command set_msg_config to change the current settings.
---------------------------------------------------------------------------------
Finished RTL Elaboration : Time (s): cpu = 00:00:09 ; elapsed = 00:00:14 . Memory (MB): peak = 1534.445 ; gain = 707.676
---------------------------------------------------------------------------------
---------------------------------------------------------------------------------
Start Handling Custom Attributes
---------------------------------------------------------------------------------
---------------------------------------------------------------------------------
Finished Handling Custom Attributes : Time (s): cpu = 00:00:09 ; elapsed = 00:00:14 . Memory (MB): peak = 1534.445 ; gain = 707.676
---------------------------------------------------------------------------------
---------------------------------------------------------------------------------
Finished RTL Optimization Phase 1 : Time (s): cpu = 00:00:09 ; elapsed = 00:00:14 . Memory (MB): peak = 1534.445 ; gain = 707.676
---------------------------------------------------------------------------------
Netlist sorting complete. Time (s): cpu = 00:00:00 ; elapsed = 00:00:00.002 . Memory (MB): peak = 1534.445 ; gain = 0.000
INFO: [Project 1-570] Preparing netlist for logic optimization

Processing XDC Constraints
Initializing timing engine
Parsing XDC File [d:/Learn/robotdreams/Homework_004/MicroBlaze/MicroBlaze.gen/sources_1/bd/MicroBlaze/ip/MicroBlaze_dlmb_bram_if_cntlr_0/MicroBlaze_dlmb_bram_if_cntlr_0_ooc.xdc] for cell 'U0'
Finished Parsing XDC File [d:/Learn/robotdreams/Homework_004/MicroBlaze/MicroBlaze.gen/sources_1/bd/MicroBlaze/ip/MicroBlaze_dlmb_bram_if_cntlr_0/MicroBlaze_dlmb_bram_if_cntlr_0_ooc.xdc] for cell 'U0'
Parsing XDC File [D:/Learn/robotdreams/Homework_004/MicroBlaze/MicroBlaze.runs/MicroBlaze_dlmb_bram_if_cntlr_0_synth_1/dont_touch.xdc]
Finished Parsing XDC File [D:/Learn/robotdreams/Homework_004/MicroBlaze/MicroBlaze.runs/MicroBlaze_dlmb_bram_if_cntlr_0_synth_1/dont_touch.xdc]
Completed Processing XDC Constraints

Netlist sorting complete. Time (s): cpu = 00:00:00 ; elapsed = 00:00:00 . Memory (MB): peak = 1557.980 ; gain = 0.000
INFO: [Project 1-111] Unisim Transformation Summary:
No Unisim elements were transformed.

Constraint Validation Runtime : Time (s): cpu = 00:00:00 ; elapsed = 00:00:00.032 . Memory (MB): peak = 1559.918 ; gain = 0.000
INFO: [Designutils 20-5008] Incremental synthesis strategy off
---------------------------------------------------------------------------------
Finished Constraint Validation : Time (s): cpu = 00:00:22 ; elapsed = 00:00:31 . Memory (MB): peak = 1559.918 ; gain = 733.148
---------------------------------------------------------------------------------
---------------------------------------------------------------------------------
Start Loading Part and Timing Information
---------------------------------------------------------------------------------
Loading part: xc7z010clg400-2
---------------------------------------------------------------------------------
Finished Loading Part and Timing Information : Time (s): cpu = 00:00:22 ; elapsed = 00:00:31 . Memory (MB): peak = 1559.918 ; gain = 733.148
---------------------------------------------------------------------------------
---------------------------------------------------------------------------------
Start Applying 'set_property' XDC Constraints
---------------------------------------------------------------------------------
---------------------------------------------------------------------------------
Finished applying 'set_property' XDC Constraints : Time (s): cpu = 00:00:22 ; elapsed = 00:00:31 . Memory (MB): peak = 1559.918 ; gain = 733.148
---------------------------------------------------------------------------------
---------------------------------------------------------------------------------
Finished RTL Optimization Phase 2 : Time (s): cpu = 00:00:22 ; elapsed = 00:00:31 . Memory (MB): peak = 1559.918 ; gain = 733.148
---------------------------------------------------------------------------------
---------------------------------------------------------------------------------
Start RTL Component Statistics 
---------------------------------------------------------------------------------
Detailed RTL Component Info : 
+---Registers : 
	                1 Bit    Registers := 3     
+---Muxes : 
	   2 Input    1 Bit        Muxes := 1     
---------------------------------------------------------------------------------
Finished RTL Component Statistics 
---------------------------------------------------------------------------------
---------------------------------------------------------------------------------
Start Part Resource Summary
---------------------------------------------------------------------------------
Part Resources:
DSPs: 80 (col length:40)
BRAMs: 120 (col length: RAMB18 40 RAMB36 20)
---------------------------------------------------------------------------------
Finished Part Resource Summary
---------------------------------------------------------------------------------
---------------------------------------------------------------------------------
Start Cross Boundary and Area Optimization
---------------------------------------------------------------------------------
---------------------------------------------------------------------------------
Finished Cross Boundary and Area Optimization : Time (s): cpu = 00:00:24 ; elapsed = 00:00:33 . Memory (MB): peak = 1594.051 ; gain = 767.281
---------------------------------------------------------------------------------
---------------------------------------------------------------------------------
Start Applying XDC Timing Constraints
---------------------------------------------------------------------------------
---------------------------------------------------------------------------------
Finished Applying XDC Timing Constraints : Time (s): cpu = 00:00:33 ; elapsed = 00:00:45 . Memory (MB): peak = 1751.695 ; gain = 924.926
---------------------------------------------------------------------------------
---------------------------------------------------------------------------------
Start Timing Optimization
---------------------------------------------------------------------------------
---------------------------------------------------------------------------------
Finished Timing Optimization : Time (s): cpu = 00:00:33 ; elapsed = 00:00:45 . Memory (MB): peak = 1751.695 ; gain = 924.926
---------------------------------------------------------------------------------
---------------------------------------------------------------------------------
Start Technology Mapping
---------------------------------------------------------------------------------
---------------------------------------------------------------------------------
Finished Technology Mapping : Time (s): cpu = 00:00:33 ; elapsed = 00:00:45 . Memory (MB): peak = 1761.777 ; gain = 935.008
---------------------------------------------------------------------------------
---------------------------------------------------------------------------------
Start IO Insertion
---------------------------------------------------------------------------------
---------------------------------------------------------------------------------
Start Flattening Before IO Insertion
---------------------------------------------------------------------------------
---------------------------------------------------------------------------------
Finished Flattening Before IO Insertion
---------------------------------------------------------------------------------
---------------------------------------------------------------------------------
Start Final Netlist Cleanup
---------------------------------------------------------------------------------
---------------------------------------------------------------------------------
Finished Final Netlist Cleanup
---------------------------------------------------------------------------------
---------------------------------------------------------------------------------
Finished IO Insertion : Time (s): cpu = 00:00:39 ; elapsed = 00:00:52 . Memory (MB): peak = 2037.129 ; gain = 1210.359
---------------------------------------------------------------------------------
---------------------------------------------------------------------------------
Start Renaming Generated Instances
---------------------------------------------------------------------------------
---------------------------------------------------------------------------------
Finished Renaming Generated Instances : Time (s): cpu = 00:00:39 ; elapsed = 00:00:52 . Memory (MB): peak = 2037.129 ; gain = 1210.359
---------------------------------------------------------------------------------
---------------------------------------------------------------------------------
Start Rebuilding User Hierarchy
---------------------------------------------------------------------------------
---------------------------------------------------------------------------------
Finished Rebuilding User Hierarchy : Time (s): cpu = 00:00:39 ; elapsed = 00:00:52 . Memory (MB): peak = 2037.129 ; gain = 1210.359
---------------------------------------------------------------------------------
---------------------------------------------------------------------------------
Start Renaming Generated Ports
---------------------------------------------------------------------------------
---------------------------------------------------------------------------------
Finished Renaming Generated Ports : Time (s): cpu = 00:00:39 ; elapsed = 00:00:52 . Memory (MB): peak = 2037.129 ; gain = 1210.359
---------------------------------------------------------------------------------
---------------------------------------------------------------------------------
Start Handling Custom Attributes
---------------------------------------------------------------------------------
---------------------------------------------------------------------------------
Finished Handling Custom Attributes : Time (s): cpu = 00:00:39 ; elapsed = 00:00:52 . Memory (MB): peak = 2037.129 ; gain = 1210.359
---------------------------------------------------------------------------------
---------------------------------------------------------------------------------
Start Renaming Generated Nets
---------------------------------------------------------------------------------
---------------------------------------------------------------------------------
Finished Renaming Generated Nets : Time (s): cpu = 00:00:39 ; elapsed = 00:00:52 . Memory (MB): peak = 2037.129 ; gain = 1210.359
---------------------------------------------------------------------------------
---------------------------------------------------------------------------------
Start Writing Synthesis Report
---------------------------------------------------------------------------------

Report BlackBoxes: 
+-+--------------+----------+
| |BlackBox name |Instances |
+-+--------------+----------+
+-+--------------+----------+

Report Cell Usage: 
+------+-----+------+
|      |Cell |Count |
+------+-----+------+
|1     |LUT2 |     3|
|2     |LUT3 |     4|
|3     |FDRE |     2|
+------+-----+------+
---------------------------------------------------------------------------------
Finished Writing Synthesis Report : Time (s): cpu = 00:00:39 ; elapsed = 00:00:52 . Memory (MB): peak = 2037.129 ; gain = 1210.359
---------------------------------------------------------------------------------
Synthesis finished with 0 errors, 0 critical warnings and 0 warnings.
Synthesis Optimization Runtime : Time (s): cpu = 00:00:28 ; elapsed = 00:00:50 . Memory (MB): peak = 2037.129 ; gain = 1184.887
Synthesis Optimization Complete : Time (s): cpu = 00:00:39 ; elapsed = 00:00:52 . Memory (MB): peak = 2037.129 ; gain = 1210.359
INFO: [Project 1-571] Translating synthesized netlist
Netlist sorting complete. Time (s): cpu = 00:00:00 ; elapsed = 00:00:00.001 . Memory (MB): peak = 2046.238 ; gain = 0.000
INFO: [Project 1-570] Preparing netlist for logic optimization
INFO: [Opt 31-138] Pushed 0 inverter(s) to 0 load pin(s).
Netlist sorting complete. Time (s): cpu = 00:00:00 ; elapsed = 00:00:00 . Memory (MB): peak = 2049.953 ; gain = 0.000
INFO: [Project 1-111] Unisim Transformation Summary:
No Unisim elements were transformed.

Synth Design complete | Checksum: a0aa0b09
INFO: [Common 17-83] Releasing license: Vivado_Synthesis
126 Infos, 0 Warnings, 0 Critical Warnings and 0 Errors encountered.
synth_design completed successfully
synth_design: Time (s): cpu = 00:00:44 ; elapsed = 00:01:16 . Memory (MB): peak = 2049.953 ; gain = 1423.930
Write ShapeDB Complete: Time (s): cpu = 00:00:00 ; elapsed = 00:00:00 . Memory (MB): peak = 2049.953 ; gain = 0.000
INFO: [Common 17-1381] The checkpoint 'D:/Learn/robotdreams/Homework_004/MicroBlaze/MicroBlaze.runs/MicroBlaze_dlmb_bram_if_cntlr_0_synth_1/MicroBlaze_dlmb_bram_if_cntlr_0.dcp' has been generated.
INFO: [Ipptcl 7-1612] Added synthesis output to IP cache for IP MicroBlaze_dlmb_bram_if_cntlr_0, cache-ID = f0ccd75837b522d0
Write ShapeDB Complete: Time (s): cpu = 00:00:00 ; elapsed = 00:00:00.001 . Memory (MB): peak = 2049.953 ; gain = 0.000
INFO: [Common 17-1381] The checkpoint 'D:/Learn/robotdreams/Homework_004/MicroBlaze/MicroBlaze.runs/MicroBlaze_dlmb_bram_if_cntlr_0_synth_1/MicroBlaze_dlmb_bram_if_cntlr_0.dcp' has been generated.
INFO: [Vivado 12-24828] Executing command : report_utilization -file MicroBlaze_dlmb_bram_if_cntlr_0_utilization_synth.rpt -pb MicroBlaze_dlmb_bram_if_cntlr_0_utilization_synth.pb
INFO: [Common 17-206] Exiting Vivado at Fri Oct  2 13:03:20 2026...
