
*** Running vivado
    with args -log MicroBlaze_axi_timer_0_0.vds -m64 -product Vivado -mode batch -messageDb vivado.pb -notrace -source MicroBlaze_axi_timer_0_0.tcl


INFO: [Common 17-3922] A valid Vivado Design Suite BASIC license has been detected. Your current license is active and will expire on 03-aug-2027.
#-----------------------------------------------------------
# Vivado v2026.1 (64-bit)
# SW Build 6511674 on Tue Jun 16 11:02:23 MDT 2026
# IP Build 6504888 on Tue Jun 09 09:05:25 MDT 2026
# SharedData Build 6501428 on Mon Jun 08 17:34:18 MDT 2026
# Start of session at: Fri Oct  2 13:01:37 2026
# Process ID         : 27244
# Current directory  : D:/Learn/robotdreams/Homework_004/MicroBlaze/MicroBlaze.runs/MicroBlaze_axi_timer_0_0_synth_1
# Command line       : vivado.exe -log MicroBlaze_axi_timer_0_0.vds -product Vivado -mode batch -messageDb vivado.pb -notrace -source MicroBlaze_axi_timer_0_0.tcl
# Log file           : D:/Learn/robotdreams/Homework_004/MicroBlaze/MicroBlaze.runs/MicroBlaze_axi_timer_0_0_synth_1/MicroBlaze_axi_timer_0_0.vds
# Journal file       : D:/Learn/robotdreams/Homework_004/MicroBlaze/MicroBlaze.runs/MicroBlaze_axi_timer_0_0_synth_1\vivado.jou
# Running On         : DESKTOP-IOFH4PG
# Platform           : Windows 11
# Operating System   : 26200
# Processor Detail   : 13th Gen Intel(R) Core(TM) i7-13650HX
# CPU Frequency      : 2803 MHz
# CPU Physical cores : 14
# CPU Logical cores  : 20
# Host memory        : 34053 MB
# Swap memory        : 18253 MB
# Total Virtual      : 52307 MB
# Available Virtual  : 8534 MB
#-----------------------------------------------------------

****** Vivado v2026.1 (64-bit)
  **** SW Build 6511674 on Tue Jun 16 11:02:23 MDT 2026
  **** IP Build 6504888 on Tue Jun 09 09:05:25 MDT 2026
  **** SharedData Build 6501428 on Mon Jun 08 17:34:18 MDT 2026
  **** Start of session at: Fri Oct  2 13:01:37 2026
    ** Copyright 1986-2022 Xilinx, Inc. All Rights Reserved.
    ** Copyright 2022-2026 Advanced Micro Devices, Inc. All Rights Reserved.

source MicroBlaze_axi_timer_0_0.tcl -notrace
create_project: Time (s): cpu = 00:00:12 ; elapsed = 00:00:12 . Memory (MB): peak = 614.312 ; gain = 270.492
Command: synth_design -top MicroBlaze_axi_timer_0_0 -part xc7z010clg400-2 -incremental_mode off -mode out_of_context
Starting synth_design
Attempting to get a license for feature 'Vivado_Synthesis' and/or device 'xc7z010'
INFO: [Common 17-349] Got license for feature 'Vivado_Synthesis' and/or device 'xc7z010'
INFO: [Device 21-403] Loading part xc7z010clg400-2
INFO: [Designutils 20-5008] Incremental synthesis strategy off
INFO: [Synth 8-7079] Multithreading enabled for synth_design using a maximum of 2 processes.
INFO: [Synth 8-7078] Launching helper process for spawning children vivado processes
INFO: [Synth 8-7075] Helper process launched with PID 59284
---------------------------------------------------------------------------------
Starting RTL Elaboration : Time (s): cpu = 00:00:06 ; elapsed = 00:00:08 . Memory (MB): peak = 1403.539 ; gain = 577.266
---------------------------------------------------------------------------------
INFO: [Synth 8-638] synthesizing module 'MicroBlaze_axi_timer_0_0' [d:/Learn/robotdreams/Homework_004/MicroBlaze/MicroBlaze.gen/sources_1/bd/MicroBlaze/ip/MicroBlaze_axi_timer_0_0/synth/MicroBlaze_axi_timer_0_0.vhd:90]
	Parameter C_FAMILY bound to: zynq - type: string 
	Parameter C_COUNT_WIDTH bound to: 32 - type: integer 
	Parameter C_ONE_TIMER_ONLY bound to: 0 - type: integer 
	Parameter C_TRIG0_ASSERT bound to: 1'b1 
	Parameter C_TRIG1_ASSERT bound to: 1'b1 
	Parameter C_GEN0_ASSERT bound to: 1'b1 
	Parameter C_GEN1_ASSERT bound to: 1'b1 
	Parameter C_S_AXI_DATA_WIDTH bound to: 32 - type: integer 
	Parameter C_S_AXI_ADDR_WIDTH bound to: 5 - type: integer 
INFO: [Synth 8-3491] module 'axi_timer' declared at 'd:/Learn/robotdreams/Homework_004/MicroBlaze/MicroBlaze.gen/sources_1/bd/MicroBlaze/ipshared/c960/hdl/axi_timer_v2_0_rfs.vhd:1985' bound to instance 'U0' of component 'axi_timer' [d:/Learn/robotdreams/Homework_004/MicroBlaze/MicroBlaze.gen/sources_1/bd/MicroBlaze/ip/MicroBlaze_axi_timer_0_0/synth/MicroBlaze_axi_timer_0_0.vhd:173]
INFO: [Synth 8-638] synthesizing module 'axi_timer' [d:/Learn/robotdreams/Homework_004/MicroBlaze/MicroBlaze.gen/sources_1/bd/MicroBlaze/ipshared/c960/hdl/axi_timer_v2_0_rfs.vhd:2040]
INFO: [Synth 8-638] synthesizing module 'tc_core' [d:/Learn/robotdreams/Homework_004/MicroBlaze/MicroBlaze.gen/sources_1/bd/MicroBlaze/ipshared/c960/hdl/axi_timer_v2_0_rfs.vhd:1599]
INFO: [Synth 8-638] synthesizing module 'mux_onehot_f' [d:/Learn/robotdreams/Homework_004/MicroBlaze/MicroBlaze.gen/sources_1/bd/MicroBlaze/ipshared/c960/hdl/axi_timer_v2_0_rfs.vhd:267]
INFO: [Synth 8-3491] module 'MUXCY' declared at 'D:/AMDdesign/2026.1/Vivado/scripts/rt/data/unisim_comp.v:104727' bound to instance 'MUXCY_I' of component 'MUXCY' [d:/Learn/robotdreams/Homework_004/MicroBlaze/MicroBlaze.gen/sources_1/bd/MicroBlaze/ipshared/c960/hdl/axi_timer_v2_0_rfs.vhd:364]
INFO: [Synth 8-6157] synthesizing module 'MUXCY' [D:/AMDdesign/2026.1/Vivado/scripts/rt/data/unisim_comp.v:104727]
INFO: [Synth 8-6155] done synthesizing module 'MUXCY' (0#1) [D:/AMDdesign/2026.1/Vivado/scripts/rt/data/unisim_comp.v:104727]
INFO: [Synth 8-3491] module 'MUXCY' declared at 'D:/AMDdesign/2026.1/Vivado/scripts/rt/data/unisim_comp.v:104727' bound to instance 'MUXCY_I' of component 'MUXCY' [d:/Learn/robotdreams/Homework_004/MicroBlaze/MicroBlaze.gen/sources_1/bd/MicroBlaze/ipshared/c960/hdl/axi_timer_v2_0_rfs.vhd:364]
INFO: [Synth 8-3491] module 'MUXCY' declared at 'D:/AMDdesign/2026.1/Vivado/scripts/rt/data/unisim_comp.v:104727' bound to instance 'MUXCY_I' of component 'MUXCY' [d:/Learn/robotdreams/Homework_004/MicroBlaze/MicroBlaze.gen/sources_1/bd/MicroBlaze/ipshared/c960/hdl/axi_timer_v2_0_rfs.vhd:364]
INFO: [Synth 8-3491] module 'MUXCY' declared at 'D:/AMDdesign/2026.1/Vivado/scripts/rt/data/unisim_comp.v:104727' bound to instance 'MUXCY_I' of component 'MUXCY' [d:/Learn/robotdreams/Homework_004/MicroBlaze/MicroBlaze.gen/sources_1/bd/MicroBlaze/ipshared/c960/hdl/axi_timer_v2_0_rfs.vhd:364]
INFO: [Synth 8-3491] module 'MUXCY' declared at 'D:/AMDdesign/2026.1/Vivado/scripts/rt/data/unisim_comp.v:104727' bound to instance 'MUXCY_I' of component 'MUXCY' [d:/Learn/robotdreams/Homework_004/MicroBlaze/MicroBlaze.gen/sources_1/bd/MicroBlaze/ipshared/c960/hdl/axi_timer_v2_0_rfs.vhd:364]
INFO: [Synth 8-3491] module 'MUXCY' declared at 'D:/AMDdesign/2026.1/Vivado/scripts/rt/data/unisim_comp.v:104727' bound to instance 'MUXCY_I' of component 'MUXCY' [d:/Learn/robotdreams/Homework_004/MicroBlaze/MicroBlaze.gen/sources_1/bd/MicroBlaze/ipshared/c960/hdl/axi_timer_v2_0_rfs.vhd:364]
INFO: [Synth 8-3491] module 'MUXCY' declared at 'D:/AMDdesign/2026.1/Vivado/scripts/rt/data/unisim_comp.v:104727' bound to instance 'MUXCY_I' of component 'MUXCY' [d:/Learn/robotdreams/Homework_004/MicroBlaze/MicroBlaze.gen/sources_1/bd/MicroBlaze/ipshared/c960/hdl/axi_timer_v2_0_rfs.vhd:364]
INFO: [Synth 8-3491] module 'MUXCY' declared at 'D:/AMDdesign/2026.1/Vivado/scripts/rt/data/unisim_comp.v:104727' bound to instance 'MUXCY_I' of component 'MUXCY' [d:/Learn/robotdreams/Homework_004/MicroBlaze/MicroBlaze.gen/sources_1/bd/MicroBlaze/ipshared/c960/hdl/axi_timer_v2_0_rfs.vhd:364]
INFO: [Synth 8-3491] module 'MUXCY' declared at 'D:/AMDdesign/2026.1/Vivado/scripts/rt/data/unisim_comp.v:104727' bound to instance 'MUXCY_I' of component 'MUXCY' [d:/Learn/robotdreams/Homework_004/MicroBlaze/MicroBlaze.gen/sources_1/bd/MicroBlaze/ipshared/c960/hdl/axi_timer_v2_0_rfs.vhd:364]
INFO: [Synth 8-3491] module 'MUXCY' declared at 'D:/AMDdesign/2026.1/Vivado/scripts/rt/data/unisim_comp.v:104727' bound to instance 'MUXCY_I' of component 'MUXCY' [d:/Learn/robotdreams/Homework_004/MicroBlaze/MicroBlaze.gen/sources_1/bd/MicroBlaze/ipshared/c960/hdl/axi_timer_v2_0_rfs.vhd:364]
INFO: [Synth 8-3491] module 'MUXCY' declared at 'D:/AMDdesign/2026.1/Vivado/scripts/rt/data/unisim_comp.v:104727' bound to instance 'MUXCY_I' of component 'MUXCY' [d:/Learn/robotdreams/Homework_004/MicroBlaze/MicroBlaze.gen/sources_1/bd/MicroBlaze/ipshared/c960/hdl/axi_timer_v2_0_rfs.vhd:364]
INFO: [Synth 8-3491] module 'MUXCY' declared at 'D:/AMDdesign/2026.1/Vivado/scripts/rt/data/unisim_comp.v:104727' bound to instance 'MUXCY_I' of component 'MUXCY' [d:/Learn/robotdreams/Homework_004/MicroBlaze/MicroBlaze.gen/sources_1/bd/MicroBlaze/ipshared/c960/hdl/axi_timer_v2_0_rfs.vhd:364]
INFO: [Synth 8-3491] module 'MUXCY' declared at 'D:/AMDdesign/2026.1/Vivado/scripts/rt/data/unisim_comp.v:104727' bound to instance 'MUXCY_I' of component 'MUXCY' [d:/Learn/robotdreams/Homework_004/MicroBlaze/MicroBlaze.gen/sources_1/bd/MicroBlaze/ipshared/c960/hdl/axi_timer_v2_0_rfs.vhd:364]
INFO: [Synth 8-3491] module 'MUXCY' declared at 'D:/AMDdesign/2026.1/Vivado/scripts/rt/data/unisim_comp.v:104727' bound to instance 'MUXCY_I' of component 'MUXCY' [d:/Learn/robotdreams/Homework_004/MicroBlaze/MicroBlaze.gen/sources_1/bd/MicroBlaze/ipshared/c960/hdl/axi_timer_v2_0_rfs.vhd:364]
INFO: [Synth 8-3491] module 'MUXCY' declared at 'D:/AMDdesign/2026.1/Vivado/scripts/rt/data/unisim_comp.v:104727' bound to instance 'MUXCY_I' of component 'MUXCY' [d:/Learn/robotdreams/Homework_004/MicroBlaze/MicroBlaze.gen/sources_1/bd/MicroBlaze/ipshared/c960/hdl/axi_timer_v2_0_rfs.vhd:364]
INFO: [Synth 8-3491] module 'MUXCY' declared at 'D:/AMDdesign/2026.1/Vivado/scripts/rt/data/unisim_comp.v:104727' bound to instance 'MUXCY_I' of component 'MUXCY' [d:/Learn/robotdreams/Homework_004/MicroBlaze/MicroBlaze.gen/sources_1/bd/MicroBlaze/ipshared/c960/hdl/axi_timer_v2_0_rfs.vhd:364]
INFO: [Synth 8-3491] module 'MUXCY' declared at 'D:/AMDdesign/2026.1/Vivado/scripts/rt/data/unisim_comp.v:104727' bound to instance 'MUXCY_I' of component 'MUXCY' [d:/Learn/robotdreams/Homework_004/MicroBlaze/MicroBlaze.gen/sources_1/bd/MicroBlaze/ipshared/c960/hdl/axi_timer_v2_0_rfs.vhd:364]
INFO: [Synth 8-3491] module 'MUXCY' declared at 'D:/AMDdesign/2026.1/Vivado/scripts/rt/data/unisim_comp.v:104727' bound to instance 'MUXCY_I' of component 'MUXCY' [d:/Learn/robotdreams/Homework_004/MicroBlaze/MicroBlaze.gen/sources_1/bd/MicroBlaze/ipshared/c960/hdl/axi_timer_v2_0_rfs.vhd:364]
INFO: [Synth 8-3491] module 'MUXCY' declared at 'D:/AMDdesign/2026.1/Vivado/scripts/rt/data/unisim_comp.v:104727' bound to instance 'MUXCY_I' of component 'MUXCY' [d:/Learn/robotdreams/Homework_004/MicroBlaze/MicroBlaze.gen/sources_1/bd/MicroBlaze/ipshared/c960/hdl/axi_timer_v2_0_rfs.vhd:364]
INFO: [Synth 8-3491] module 'MUXCY' declared at 'D:/AMDdesign/2026.1/Vivado/scripts/rt/data/unisim_comp.v:104727' bound to instance 'MUXCY_I' of component 'MUXCY' [d:/Learn/robotdreams/Homework_004/MicroBlaze/MicroBlaze.gen/sources_1/bd/MicroBlaze/ipshared/c960/hdl/axi_timer_v2_0_rfs.vhd:364]
INFO: [Synth 8-3491] module 'MUXCY' declared at 'D:/AMDdesign/2026.1/Vivado/scripts/rt/data/unisim_comp.v:104727' bound to instance 'MUXCY_I' of component 'MUXCY' [d:/Learn/robotdreams/Homework_004/MicroBlaze/MicroBlaze.gen/sources_1/bd/MicroBlaze/ipshared/c960/hdl/axi_timer_v2_0_rfs.vhd:364]
INFO: [Synth 8-3491] module 'MUXCY' declared at 'D:/AMDdesign/2026.1/Vivado/scripts/rt/data/unisim_comp.v:104727' bound to instance 'MUXCY_I' of component 'MUXCY' [d:/Learn/robotdreams/Homework_004/MicroBlaze/MicroBlaze.gen/sources_1/bd/MicroBlaze/ipshared/c960/hdl/axi_timer_v2_0_rfs.vhd:364]
INFO: [Synth 8-3491] module 'MUXCY' declared at 'D:/AMDdesign/2026.1/Vivado/scripts/rt/data/unisim_comp.v:104727' bound to instance 'MUXCY_I' of component 'MUXCY' [d:/Learn/robotdreams/Homework_004/MicroBlaze/MicroBlaze.gen/sources_1/bd/MicroBlaze/ipshared/c960/hdl/axi_timer_v2_0_rfs.vhd:364]
INFO: [Synth 8-3491] module 'MUXCY' declared at 'D:/AMDdesign/2026.1/Vivado/scripts/rt/data/unisim_comp.v:104727' bound to instance 'MUXCY_I' of component 'MUXCY' [d:/Learn/robotdreams/Homework_004/MicroBlaze/MicroBlaze.gen/sources_1/bd/MicroBlaze/ipshared/c960/hdl/axi_timer_v2_0_rfs.vhd:364]
INFO: [Synth 8-3491] module 'MUXCY' declared at 'D:/AMDdesign/2026.1/Vivado/scripts/rt/data/unisim_comp.v:104727' bound to instance 'MUXCY_I' of component 'MUXCY' [d:/Learn/robotdreams/Homework_004/MicroBlaze/MicroBlaze.gen/sources_1/bd/MicroBlaze/ipshared/c960/hdl/axi_timer_v2_0_rfs.vhd:364]
INFO: [Synth 8-3491] module 'MUXCY' declared at 'D:/AMDdesign/2026.1/Vivado/scripts/rt/data/unisim_comp.v:104727' bound to instance 'MUXCY_I' of component 'MUXCY' [d:/Learn/robotdreams/Homework_004/MicroBlaze/MicroBlaze.gen/sources_1/bd/MicroBlaze/ipshared/c960/hdl/axi_timer_v2_0_rfs.vhd:364]
INFO: [Synth 8-3491] module 'MUXCY' declared at 'D:/AMDdesign/2026.1/Vivado/scripts/rt/data/unisim_comp.v:104727' bound to instance 'MUXCY_I' of component 'MUXCY' [d:/Learn/robotdreams/Homework_004/MicroBlaze/MicroBlaze.gen/sources_1/bd/MicroBlaze/ipshared/c960/hdl/axi_timer_v2_0_rfs.vhd:364]
INFO: [Synth 8-3491] module 'MUXCY' declared at 'D:/AMDdesign/2026.1/Vivado/scripts/rt/data/unisim_comp.v:104727' bound to instance 'MUXCY_I' of component 'MUXCY' [d:/Learn/robotdreams/Homework_004/MicroBlaze/MicroBlaze.gen/sources_1/bd/MicroBlaze/ipshared/c960/hdl/axi_timer_v2_0_rfs.vhd:364]
INFO: [Synth 8-3491] module 'MUXCY' declared at 'D:/AMDdesign/2026.1/Vivado/scripts/rt/data/unisim_comp.v:104727' bound to instance 'MUXCY_I' of component 'MUXCY' [d:/Learn/robotdreams/Homework_004/MicroBlaze/MicroBlaze.gen/sources_1/bd/MicroBlaze/ipshared/c960/hdl/axi_timer_v2_0_rfs.vhd:364]
INFO: [Synth 8-3491] module 'MUXCY' declared at 'D:/AMDdesign/2026.1/Vivado/scripts/rt/data/unisim_comp.v:104727' bound to instance 'MUXCY_I' of component 'MUXCY' [d:/Learn/robotdreams/Homework_004/MicroBlaze/MicroBlaze.gen/sources_1/bd/MicroBlaze/ipshared/c960/hdl/axi_timer_v2_0_rfs.vhd:364]
INFO: [Synth 8-3491] module 'MUXCY' declared at 'D:/AMDdesign/2026.1/Vivado/scripts/rt/data/unisim_comp.v:104727' bound to instance 'MUXCY_I' of component 'MUXCY' [d:/Learn/robotdreams/Homework_004/MicroBlaze/MicroBlaze.gen/sources_1/bd/MicroBlaze/ipshared/c960/hdl/axi_timer_v2_0_rfs.vhd:364]
INFO: [Synth 8-3491] module 'MUXCY' declared at 'D:/AMDdesign/2026.1/Vivado/scripts/rt/data/unisim_comp.v:104727' bound to instance 'MUXCY_I' of component 'MUXCY' [d:/Learn/robotdreams/Homework_004/MicroBlaze/MicroBlaze.gen/sources_1/bd/MicroBlaze/ipshared/c960/hdl/axi_timer_v2_0_rfs.vhd:364]
INFO: [Synth 8-3491] module 'MUXCY' declared at 'D:/AMDdesign/2026.1/Vivado/scripts/rt/data/unisim_comp.v:104727' bound to instance 'MUXCY_I' of component 'MUXCY' [d:/Learn/robotdreams/Homework_004/MicroBlaze/MicroBlaze.gen/sources_1/bd/MicroBlaze/ipshared/c960/hdl/axi_timer_v2_0_rfs.vhd:364]
INFO: [Synth 8-3491] module 'MUXCY' declared at 'D:/AMDdesign/2026.1/Vivado/scripts/rt/data/unisim_comp.v:104727' bound to instance 'MUXCY_I' of component 'MUXCY' [d:/Learn/robotdreams/Homework_004/MicroBlaze/MicroBlaze.gen/sources_1/bd/MicroBlaze/ipshared/c960/hdl/axi_timer_v2_0_rfs.vhd:364]
INFO: [Synth 8-3491] module 'MUXCY' declared at 'D:/AMDdesign/2026.1/Vivado/scripts/rt/data/unisim_comp.v:104727' bound to instance 'MUXCY_I' of component 'MUXCY' [d:/Learn/robotdreams/Homework_004/MicroBlaze/MicroBlaze.gen/sources_1/bd/MicroBlaze/ipshared/c960/hdl/axi_timer_v2_0_rfs.vhd:364]
INFO: [Synth 8-3491] module 'MUXCY' declared at 'D:/AMDdesign/2026.1/Vivado/scripts/rt/data/unisim_comp.v:104727' bound to instance 'MUXCY_I' of component 'MUXCY' [d:/Learn/robotdreams/Homework_004/MicroBlaze/MicroBlaze.gen/sources_1/bd/MicroBlaze/ipshared/c960/hdl/axi_timer_v2_0_rfs.vhd:364]
INFO: [Synth 8-3491] module 'MUXCY' declared at 'D:/AMDdesign/2026.1/Vivado/scripts/rt/data/unisim_comp.v:104727' bound to instance 'MUXCY_I' of component 'MUXCY' [d:/Learn/robotdreams/Homework_004/MicroBlaze/MicroBlaze.gen/sources_1/bd/MicroBlaze/ipshared/c960/hdl/axi_timer_v2_0_rfs.vhd:364]
INFO: [Synth 8-3491] module 'MUXCY' declared at 'D:/AMDdesign/2026.1/Vivado/scripts/rt/data/unisim_comp.v:104727' bound to instance 'MUXCY_I' of component 'MUXCY' [d:/Learn/robotdreams/Homework_004/MicroBlaze/MicroBlaze.gen/sources_1/bd/MicroBlaze/ipshared/c960/hdl/axi_timer_v2_0_rfs.vhd:364]
INFO: [Synth 8-3491] module 'MUXCY' declared at 'D:/AMDdesign/2026.1/Vivado/scripts/rt/data/unisim_comp.v:104727' bound to instance 'MUXCY_I' of component 'MUXCY' [d:/Learn/robotdreams/Homework_004/MicroBlaze/MicroBlaze.gen/sources_1/bd/MicroBlaze/ipshared/c960/hdl/axi_timer_v2_0_rfs.vhd:364]
INFO: [Synth 8-3491] module 'MUXCY' declared at 'D:/AMDdesign/2026.1/Vivado/scripts/rt/data/unisim_comp.v:104727' bound to instance 'MUXCY_I' of component 'MUXCY' [d:/Learn/robotdreams/Homework_004/MicroBlaze/MicroBlaze.gen/sources_1/bd/MicroBlaze/ipshared/c960/hdl/axi_timer_v2_0_rfs.vhd:364]
INFO: [Synth 8-3491] module 'MUXCY' declared at 'D:/AMDdesign/2026.1/Vivado/scripts/rt/data/unisim_comp.v:104727' bound to instance 'MUXCY_I' of component 'MUXCY' [d:/Learn/robotdreams/Homework_004/MicroBlaze/MicroBlaze.gen/sources_1/bd/MicroBlaze/ipshared/c960/hdl/axi_timer_v2_0_rfs.vhd:364]
INFO: [Synth 8-3491] module 'MUXCY' declared at 'D:/AMDdesign/2026.1/Vivado/scripts/rt/data/unisim_comp.v:104727' bound to instance 'MUXCY_I' of component 'MUXCY' [d:/Learn/robotdreams/Homework_004/MicroBlaze/MicroBlaze.gen/sources_1/bd/MicroBlaze/ipshared/c960/hdl/axi_timer_v2_0_rfs.vhd:364]
INFO: [Synth 8-3491] module 'MUXCY' declared at 'D:/AMDdesign/2026.1/Vivado/scripts/rt/data/unisim_comp.v:104727' bound to instance 'MUXCY_I' of component 'MUXCY' [d:/Learn/robotdreams/Homework_004/MicroBlaze/MicroBlaze.gen/sources_1/bd/MicroBlaze/ipshared/c960/hdl/axi_timer_v2_0_rfs.vhd:364]
INFO: [Synth 8-3491] module 'MUXCY' declared at 'D:/AMDdesign/2026.1/Vivado/scripts/rt/data/unisim_comp.v:104727' bound to instance 'MUXCY_I' of component 'MUXCY' [d:/Learn/robotdreams/Homework_004/MicroBlaze/MicroBlaze.gen/sources_1/bd/MicroBlaze/ipshared/c960/hdl/axi_timer_v2_0_rfs.vhd:364]
INFO: [Synth 8-3491] module 'MUXCY' declared at 'D:/AMDdesign/2026.1/Vivado/scripts/rt/data/unisim_comp.v:104727' bound to instance 'MUXCY_I' of component 'MUXCY' [d:/Learn/robotdreams/Homework_004/MicroBlaze/MicroBlaze.gen/sources_1/bd/MicroBlaze/ipshared/c960/hdl/axi_timer_v2_0_rfs.vhd:364]
INFO: [Synth 8-3491] module 'MUXCY' declared at 'D:/AMDdesign/2026.1/Vivado/scripts/rt/data/unisim_comp.v:104727' bound to instance 'MUXCY_I' of component 'MUXCY' [d:/Learn/robotdreams/Homework_004/MicroBlaze/MicroBlaze.gen/sources_1/bd/MicroBlaze/ipshared/c960/hdl/axi_timer_v2_0_rfs.vhd:364]
INFO: [Synth 8-3491] module 'MUXCY' declared at 'D:/AMDdesign/2026.1/Vivado/scripts/rt/data/unisim_comp.v:104727' bound to instance 'MUXCY_I' of component 'MUXCY' [d:/Learn/robotdreams/Homework_004/MicroBlaze/MicroBlaze.gen/sources_1/bd/MicroBlaze/ipshared/c960/hdl/axi_timer_v2_0_rfs.vhd:364]
INFO: [Synth 8-3491] module 'MUXCY' declared at 'D:/AMDdesign/2026.1/Vivado/scripts/rt/data/unisim_comp.v:104727' bound to instance 'MUXCY_I' of component 'MUXCY' [d:/Learn/robotdreams/Homework_004/MicroBlaze/MicroBlaze.gen/sources_1/bd/MicroBlaze/ipshared/c960/hdl/axi_timer_v2_0_rfs.vhd:364]
INFO: [Synth 8-3491] module 'MUXCY' declared at 'D:/AMDdesign/2026.1/Vivado/scripts/rt/data/unisim_comp.v:104727' bound to instance 'MUXCY_I' of component 'MUXCY' [d:/Learn/robotdreams/Homework_004/MicroBlaze/MicroBlaze.gen/sources_1/bd/MicroBlaze/ipshared/c960/hdl/axi_timer_v2_0_rfs.vhd:364]
INFO: [Synth 8-3491] module 'MUXCY' declared at 'D:/AMDdesign/2026.1/Vivado/scripts/rt/data/unisim_comp.v:104727' bound to instance 'MUXCY_I' of component 'MUXCY' [d:/Learn/robotdreams/Homework_004/MicroBlaze/MicroBlaze.gen/sources_1/bd/MicroBlaze/ipshared/c960/hdl/axi_timer_v2_0_rfs.vhd:364]
INFO: [Synth 8-3491] module 'MUXCY' declared at 'D:/AMDdesign/2026.1/Vivado/scripts/rt/data/unisim_comp.v:104727' bound to instance 'MUXCY_I' of component 'MUXCY' [d:/Learn/robotdreams/Homework_004/MicroBlaze/MicroBlaze.gen/sources_1/bd/MicroBlaze/ipshared/c960/hdl/axi_timer_v2_0_rfs.vhd:364]
INFO: [Synth 8-3491] module 'MUXCY' declared at 'D:/AMDdesign/2026.1/Vivado/scripts/rt/data/unisim_comp.v:104727' bound to instance 'MUXCY_I' of component 'MUXCY' [d:/Learn/robotdreams/Homework_004/MicroBlaze/MicroBlaze.gen/sources_1/bd/MicroBlaze/ipshared/c960/hdl/axi_timer_v2_0_rfs.vhd:364]
INFO: [Synth 8-3491] module 'MUXCY' declared at 'D:/AMDdesign/2026.1/Vivado/scripts/rt/data/unisim_comp.v:104727' bound to instance 'MUXCY_I' of component 'MUXCY' [d:/Learn/robotdreams/Homework_004/MicroBlaze/MicroBlaze.gen/sources_1/bd/MicroBlaze/ipshared/c960/hdl/axi_timer_v2_0_rfs.vhd:364]
INFO: [Synth 8-3491] module 'MUXCY' declared at 'D:/AMDdesign/2026.1/Vivado/scripts/rt/data/unisim_comp.v:104727' bound to instance 'MUXCY_I' of component 'MUXCY' [d:/Learn/robotdreams/Homework_004/MicroBlaze/MicroBlaze.gen/sources_1/bd/MicroBlaze/ipshared/c960/hdl/axi_timer_v2_0_rfs.vhd:364]
INFO: [Synth 8-3491] module 'MUXCY' declared at 'D:/AMDdesign/2026.1/Vivado/scripts/rt/data/unisim_comp.v:104727' bound to instance 'MUXCY_I' of component 'MUXCY' [d:/Learn/robotdreams/Homework_004/MicroBlaze/MicroBlaze.gen/sources_1/bd/MicroBlaze/ipshared/c960/hdl/axi_timer_v2_0_rfs.vhd:364]
INFO: [Synth 8-3491] module 'MUXCY' declared at 'D:/AMDdesign/2026.1/Vivado/scripts/rt/data/unisim_comp.v:104727' bound to instance 'MUXCY_I' of component 'MUXCY' [d:/Learn/robotdreams/Homework_004/MicroBlaze/MicroBlaze.gen/sources_1/bd/MicroBlaze/ipshared/c960/hdl/axi_timer_v2_0_rfs.vhd:364]
INFO: [Synth 8-3491] module 'MUXCY' declared at 'D:/AMDdesign/2026.1/Vivado/scripts/rt/data/unisim_comp.v:104727' bound to instance 'MUXCY_I' of component 'MUXCY' [d:/Learn/robotdreams/Homework_004/MicroBlaze/MicroBlaze.gen/sources_1/bd/MicroBlaze/ipshared/c960/hdl/axi_timer_v2_0_rfs.vhd:364]
INFO: [Synth 8-3491] module 'MUXCY' declared at 'D:/AMDdesign/2026.1/Vivado/scripts/rt/data/unisim_comp.v:104727' bound to instance 'MUXCY_I' of component 'MUXCY' [d:/Learn/robotdreams/Homework_004/MicroBlaze/MicroBlaze.gen/sources_1/bd/MicroBlaze/ipshared/c960/hdl/axi_timer_v2_0_rfs.vhd:364]
INFO: [Synth 8-3491] module 'MUXCY' declared at 'D:/AMDdesign/2026.1/Vivado/scripts/rt/data/unisim_comp.v:104727' bound to instance 'MUXCY_I' of component 'MUXCY' [d:/Learn/robotdreams/Homework_004/MicroBlaze/MicroBlaze.gen/sources_1/bd/MicroBlaze/ipshared/c960/hdl/axi_timer_v2_0_rfs.vhd:364]
INFO: [Synth 8-3491] module 'MUXCY' declared at 'D:/AMDdesign/2026.1/Vivado/scripts/rt/data/unisim_comp.v:104727' bound to instance 'MUXCY_I' of component 'MUXCY' [d:/Learn/robotdreams/Homework_004/MicroBlaze/MicroBlaze.gen/sources_1/bd/MicroBlaze/ipshared/c960/hdl/axi_timer_v2_0_rfs.vhd:364]
INFO: [Synth 8-3491] module 'MUXCY' declared at 'D:/AMDdesign/2026.1/Vivado/scripts/rt/data/unisim_comp.v:104727' bound to instance 'MUXCY_I' of component 'MUXCY' [d:/Learn/robotdreams/Homework_004/MicroBlaze/MicroBlaze.gen/sources_1/bd/MicroBlaze/ipshared/c960/hdl/axi_timer_v2_0_rfs.vhd:364]
INFO: [Synth 8-3491] module 'MUXCY' declared at 'D:/AMDdesign/2026.1/Vivado/scripts/rt/data/unisim_comp.v:104727' bound to instance 'MUXCY_I' of component 'MUXCY' [d:/Learn/robotdreams/Homework_004/MicroBlaze/MicroBlaze.gen/sources_1/bd/MicroBlaze/ipshared/c960/hdl/axi_timer_v2_0_rfs.vhd:364]
INFO: [Synth 8-3491] module 'MUXCY' declared at 'D:/AMDdesign/2026.1/Vivado/scripts/rt/data/unisim_comp.v:104727' bound to instance 'MUXCY_I' of component 'MUXCY' [d:/Learn/robotdreams/Homework_004/MicroBlaze/MicroBlaze.gen/sources_1/bd/MicroBlaze/ipshared/c960/hdl/axi_timer_v2_0_rfs.vhd:364]
INFO: [Synth 8-3491] module 'MUXCY' declared at 'D:/AMDdesign/2026.1/Vivado/scripts/rt/data/unisim_comp.v:104727' bound to instance 'MUXCY_I' of component 'MUXCY' [d:/Learn/robotdreams/Homework_004/MicroBlaze/MicroBlaze.gen/sources_1/bd/MicroBlaze/ipshared/c960/hdl/axi_timer_v2_0_rfs.vhd:364]
INFO: [Synth 8-256] done synthesizing module 'mux_onehot_f' (0#1) [d:/Learn/robotdreams/Homework_004/MicroBlaze/MicroBlaze.gen/sources_1/bd/MicroBlaze/ipshared/c960/hdl/axi_timer_v2_0_rfs.vhd:267]
INFO: [Synth 8-638] synthesizing module 'count_module' [d:/Learn/robotdreams/Homework_004/MicroBlaze/MicroBlaze.gen/sources_1/bd/MicroBlaze/ipshared/c960/hdl/axi_timer_v2_0_rfs.vhd:1331]
INFO: [Synth 8-113] binding component instance 'LOAD_REG_I' to cell 'FDRE' [d:/Learn/robotdreams/Homework_004/MicroBlaze/MicroBlaze.gen/sources_1/bd/MicroBlaze/ipshared/c960/hdl/axi_timer_v2_0_rfs.vhd:1367]
INFO: [Synth 8-113] binding component instance 'LOAD_REG_I' to cell 'FDRE' [d:/Learn/robotdreams/Homework_004/MicroBlaze/MicroBlaze.gen/sources_1/bd/MicroBlaze/ipshared/c960/hdl/axi_timer_v2_0_rfs.vhd:1367]
INFO: [Synth 8-113] binding component instance 'LOAD_REG_I' to cell 'FDRE' [d:/Learn/robotdreams/Homework_004/MicroBlaze/MicroBlaze.gen/sources_1/bd/MicroBlaze/ipshared/c960/hdl/axi_timer_v2_0_rfs.vhd:1367]
INFO: [Synth 8-113] binding component instance 'LOAD_REG_I' to cell 'FDRE' [d:/Learn/robotdreams/Homework_004/MicroBlaze/MicroBlaze.gen/sources_1/bd/MicroBlaze/ipshared/c960/hdl/axi_timer_v2_0_rfs.vhd:1367]
INFO: [Synth 8-113] binding component instance 'LOAD_REG_I' to cell 'FDRE' [d:/Learn/robotdreams/Homework_004/MicroBlaze/MicroBlaze.gen/sources_1/bd/MicroBlaze/ipshared/c960/hdl/axi_timer_v2_0_rfs.vhd:1367]
INFO: [Synth 8-113] binding component instance 'LOAD_REG_I' to cell 'FDRE' [d:/Learn/robotdreams/Homework_004/MicroBlaze/MicroBlaze.gen/sources_1/bd/MicroBlaze/ipshared/c960/hdl/axi_timer_v2_0_rfs.vhd:1367]
INFO: [Synth 8-113] binding component instance 'LOAD_REG_I' to cell 'FDRE' [d:/Learn/robotdreams/Homework_004/MicroBlaze/MicroBlaze.gen/sources_1/bd/MicroBlaze/ipshared/c960/hdl/axi_timer_v2_0_rfs.vhd:1367]
INFO: [Synth 8-113] binding component instance 'LOAD_REG_I' to cell 'FDRE' [d:/Learn/robotdreams/Homework_004/MicroBlaze/MicroBlaze.gen/sources_1/bd/MicroBlaze/ipshared/c960/hdl/axi_timer_v2_0_rfs.vhd:1367]
INFO: [Synth 8-113] binding component instance 'LOAD_REG_I' to cell 'FDRE' [d:/Learn/robotdreams/Homework_004/MicroBlaze/MicroBlaze.gen/sources_1/bd/MicroBlaze/ipshared/c960/hdl/axi_timer_v2_0_rfs.vhd:1367]
INFO: [Synth 8-113] binding component instance 'LOAD_REG_I' to cell 'FDRE' [d:/Learn/robotdreams/Homework_004/MicroBlaze/MicroBlaze.gen/sources_1/bd/MicroBlaze/ipshared/c960/hdl/axi_timer_v2_0_rfs.vhd:1367]
INFO: [Synth 8-113] binding component instance 'LOAD_REG_I' to cell 'FDRE' [d:/Learn/robotdreams/Homework_004/MicroBlaze/MicroBlaze.gen/sources_1/bd/MicroBlaze/ipshared/c960/hdl/axi_timer_v2_0_rfs.vhd:1367]
INFO: [Synth 8-113] binding component instance 'LOAD_REG_I' to cell 'FDRE' [d:/Learn/robotdreams/Homework_004/MicroBlaze/MicroBlaze.gen/sources_1/bd/MicroBlaze/ipshared/c960/hdl/axi_timer_v2_0_rfs.vhd:1367]
INFO: [Synth 8-113] binding component instance 'LOAD_REG_I' to cell 'FDRE' [d:/Learn/robotdreams/Homework_004/MicroBlaze/MicroBlaze.gen/sources_1/bd/MicroBlaze/ipshared/c960/hdl/axi_timer_v2_0_rfs.vhd:1367]
INFO: [Synth 8-113] binding component instance 'LOAD_REG_I' to cell 'FDRE' [d:/Learn/robotdreams/Homework_004/MicroBlaze/MicroBlaze.gen/sources_1/bd/MicroBlaze/ipshared/c960/hdl/axi_timer_v2_0_rfs.vhd:1367]
INFO: [Synth 8-113] binding component instance 'LOAD_REG_I' to cell 'FDRE' [d:/Learn/robotdreams/Homework_004/MicroBlaze/MicroBlaze.gen/sources_1/bd/MicroBlaze/ipshared/c960/hdl/axi_timer_v2_0_rfs.vhd:1367]
INFO: [Synth 8-113] binding component instance 'LOAD_REG_I' to cell 'FDRE' [d:/Learn/robotdreams/Homework_004/MicroBlaze/MicroBlaze.gen/sources_1/bd/MicroBlaze/ipshared/c960/hdl/axi_timer_v2_0_rfs.vhd:1367]
INFO: [Synth 8-113] binding component instance 'LOAD_REG_I' to cell 'FDRE' [d:/Learn/robotdreams/Homework_004/MicroBlaze/MicroBlaze.gen/sources_1/bd/MicroBlaze/ipshared/c960/hdl/axi_timer_v2_0_rfs.vhd:1367]
INFO: [Synth 8-113] binding component instance 'LOAD_REG_I' to cell 'FDRE' [d:/Learn/robotdreams/Homework_004/MicroBlaze/MicroBlaze.gen/sources_1/bd/MicroBlaze/ipshared/c960/hdl/axi_timer_v2_0_rfs.vhd:1367]
INFO: [Synth 8-113] binding component instance 'LOAD_REG_I' to cell 'FDRE' [d:/Learn/robotdreams/Homework_004/MicroBlaze/MicroBlaze.gen/sources_1/bd/MicroBlaze/ipshared/c960/hdl/axi_timer_v2_0_rfs.vhd:1367]
INFO: [Synth 8-113] binding component instance 'LOAD_REG_I' to cell 'FDRE' [d:/Learn/robotdreams/Homework_004/MicroBlaze/MicroBlaze.gen/sources_1/bd/MicroBlaze/ipshared/c960/hdl/axi_timer_v2_0_rfs.vhd:1367]
INFO: [Synth 8-113] binding component instance 'LOAD_REG_I' to cell 'FDRE' [d:/Learn/robotdreams/Homework_004/MicroBlaze/MicroBlaze.gen/sources_1/bd/MicroBlaze/ipshared/c960/hdl/axi_timer_v2_0_rfs.vhd:1367]
INFO: [Synth 8-113] binding component instance 'LOAD_REG_I' to cell 'FDRE' [d:/Learn/robotdreams/Homework_004/MicroBlaze/MicroBlaze.gen/sources_1/bd/MicroBlaze/ipshared/c960/hdl/axi_timer_v2_0_rfs.vhd:1367]
INFO: [Synth 8-113] binding component instance 'LOAD_REG_I' to cell 'FDRE' [d:/Learn/robotdreams/Homework_004/MicroBlaze/MicroBlaze.gen/sources_1/bd/MicroBlaze/ipshared/c960/hdl/axi_timer_v2_0_rfs.vhd:1367]
INFO: [Synth 8-113] binding component instance 'LOAD_REG_I' to cell 'FDRE' [d:/Learn/robotdreams/Homework_004/MicroBlaze/MicroBlaze.gen/sources_1/bd/MicroBlaze/ipshared/c960/hdl/axi_timer_v2_0_rfs.vhd:1367]
INFO: [Synth 8-113] binding component instance 'LOAD_REG_I' to cell 'FDRE' [d:/Learn/robotdreams/Homework_004/MicroBlaze/MicroBlaze.gen/sources_1/bd/MicroBlaze/ipshared/c960/hdl/axi_timer_v2_0_rfs.vhd:1367]
INFO: [Synth 8-113] binding component instance 'LOAD_REG_I' to cell 'FDRE' [d:/Learn/robotdreams/Homework_004/MicroBlaze/MicroBlaze.gen/sources_1/bd/MicroBlaze/ipshared/c960/hdl/axi_timer_v2_0_rfs.vhd:1367]
INFO: [Synth 8-113] binding component instance 'LOAD_REG_I' to cell 'FDRE' [d:/Learn/robotdreams/Homework_004/MicroBlaze/MicroBlaze.gen/sources_1/bd/MicroBlaze/ipshared/c960/hdl/axi_timer_v2_0_rfs.vhd:1367]
INFO: [Synth 8-113] binding component instance 'LOAD_REG_I' to cell 'FDRE' [d:/Learn/robotdreams/Homework_004/MicroBlaze/MicroBlaze.gen/sources_1/bd/MicroBlaze/ipshared/c960/hdl/axi_timer_v2_0_rfs.vhd:1367]
INFO: [Synth 8-113] binding component instance 'LOAD_REG_I' to cell 'FDRE' [d:/Learn/robotdreams/Homework_004/MicroBlaze/MicroBlaze.gen/sources_1/bd/MicroBlaze/ipshared/c960/hdl/axi_timer_v2_0_rfs.vhd:1367]
INFO: [Synth 8-113] binding component instance 'LOAD_REG_I' to cell 'FDRE' [d:/Learn/robotdreams/Homework_004/MicroBlaze/MicroBlaze.gen/sources_1/bd/MicroBlaze/ipshared/c960/hdl/axi_timer_v2_0_rfs.vhd:1367]
INFO: [Synth 8-113] binding component instance 'LOAD_REG_I' to cell 'FDRE' [d:/Learn/robotdreams/Homework_004/MicroBlaze/MicroBlaze.gen/sources_1/bd/MicroBlaze/ipshared/c960/hdl/axi_timer_v2_0_rfs.vhd:1367]
INFO: [Synth 8-113] binding component instance 'LOAD_REG_I' to cell 'FDRE' [d:/Learn/robotdreams/Homework_004/MicroBlaze/MicroBlaze.gen/sources_1/bd/MicroBlaze/ipshared/c960/hdl/axi_timer_v2_0_rfs.vhd:1367]
INFO: [Synth 8-638] synthesizing module 'counter_f' [d:/Learn/robotdreams/Homework_004/MicroBlaze/MicroBlaze.gen/sources_1/bd/MicroBlaze/ipshared/c960/hdl/axi_timer_v2_0_rfs.vhd:102]
INFO: [Synth 8-256] done synthesizing module 'counter_f' (0#1) [d:/Learn/robotdreams/Homework_004/MicroBlaze/MicroBlaze.gen/sources_1/bd/MicroBlaze/ipshared/c960/hdl/axi_timer_v2_0_rfs.vhd:102]
INFO: [Synth 8-256] done synthesizing module 'count_module' (0#1) [d:/Learn/robotdreams/Homework_004/MicroBlaze/MicroBlaze.gen/sources_1/bd/MicroBlaze/ipshared/c960/hdl/axi_timer_v2_0_rfs.vhd:1331]
INFO: [Synth 8-638] synthesizing module 'timer_control' [d:/Learn/robotdreams/Homework_004/MicroBlaze/MicroBlaze.gen/sources_1/bd/MicroBlaze/ipshared/c960/hdl/axi_timer_v2_0_rfs.vhd:741]
INFO: [Synth 8-113] binding component instance 'TCSR0_FF_I' to cell 'FDRSE' [d:/Learn/robotdreams/Homework_004/MicroBlaze/MicroBlaze.gen/sources_1/bd/MicroBlaze/ipshared/c960/hdl/axi_timer_v2_0_rfs.vhd:830]
INFO: [Synth 8-113] binding component instance 'TCSR0_FF_I' to cell 'FDRSE' [d:/Learn/robotdreams/Homework_004/MicroBlaze/MicroBlaze.gen/sources_1/bd/MicroBlaze/ipshared/c960/hdl/axi_timer_v2_0_rfs.vhd:830]
INFO: [Synth 8-113] binding component instance 'TCSR0_FF_I' to cell 'FDRSE' [d:/Learn/robotdreams/Homework_004/MicroBlaze/MicroBlaze.gen/sources_1/bd/MicroBlaze/ipshared/c960/hdl/axi_timer_v2_0_rfs.vhd:830]
INFO: [Synth 8-113] binding component instance 'TCSR0_FF_I' to cell 'FDRSE' [d:/Learn/robotdreams/Homework_004/MicroBlaze/MicroBlaze.gen/sources_1/bd/MicroBlaze/ipshared/c960/hdl/axi_timer_v2_0_rfs.vhd:830]
INFO: [Synth 8-113] binding component instance 'TCSR0_FF_I' to cell 'FDRSE' [d:/Learn/robotdreams/Homework_004/MicroBlaze/MicroBlaze.gen/sources_1/bd/MicroBlaze/ipshared/c960/hdl/axi_timer_v2_0_rfs.vhd:830]
INFO: [Synth 8-113] binding component instance 'TCSR0_FF_I' to cell 'FDRSE' [d:/Learn/robotdreams/Homework_004/MicroBlaze/MicroBlaze.gen/sources_1/bd/MicroBlaze/ipshared/c960/hdl/axi_timer_v2_0_rfs.vhd:830]
INFO: [Synth 8-113] binding component instance 'TCSR0_FF_I' to cell 'FDRSE' [d:/Learn/robotdreams/Homework_004/MicroBlaze/MicroBlaze.gen/sources_1/bd/MicroBlaze/ipshared/c960/hdl/axi_timer_v2_0_rfs.vhd:830]
INFO: [Synth 8-113] binding component instance 'TCSR0_FF_I' to cell 'FDRSE' [d:/Learn/robotdreams/Homework_004/MicroBlaze/MicroBlaze.gen/sources_1/bd/MicroBlaze/ipshared/c960/hdl/axi_timer_v2_0_rfs.vhd:830]
INFO: [Synth 8-113] binding component instance 'TCSR0_FF_I' to cell 'FDRSE' [d:/Learn/robotdreams/Homework_004/MicroBlaze/MicroBlaze.gen/sources_1/bd/MicroBlaze/ipshared/c960/hdl/axi_timer_v2_0_rfs.vhd:830]
INFO: [Synth 8-113] binding component instance 'TCSR0_FF_I' to cell 'FDRSE' [d:/Learn/robotdreams/Homework_004/MicroBlaze/MicroBlaze.gen/sources_1/bd/MicroBlaze/ipshared/c960/hdl/axi_timer_v2_0_rfs.vhd:830]
INFO: [Synth 8-113] binding component instance 'TCSR0_FF_I' to cell 'FDRSE' [d:/Learn/robotdreams/Homework_004/MicroBlaze/MicroBlaze.gen/sources_1/bd/MicroBlaze/ipshared/c960/hdl/axi_timer_v2_0_rfs.vhd:830]
INFO: [Synth 8-113] binding component instance 'TCSR0_FF_I' to cell 'FDRSE' [d:/Learn/robotdreams/Homework_004/MicroBlaze/MicroBlaze.gen/sources_1/bd/MicroBlaze/ipshared/c960/hdl/axi_timer_v2_0_rfs.vhd:830]
INFO: [Synth 8-113] binding component instance 'TCSR1_FF_I' to cell 'FDRSE' [d:/Learn/robotdreams/Homework_004/MicroBlaze/MicroBlaze.gen/sources_1/bd/MicroBlaze/ipshared/c960/hdl/axi_timer_v2_0_rfs.vhd:911]
INFO: [Synth 8-113] binding component instance 'TCSR1_FF_I' to cell 'FDRSE' [d:/Learn/robotdreams/Homework_004/MicroBlaze/MicroBlaze.gen/sources_1/bd/MicroBlaze/ipshared/c960/hdl/axi_timer_v2_0_rfs.vhd:911]
INFO: [Synth 8-113] binding component instance 'TCSR1_FF_I' to cell 'FDRSE' [d:/Learn/robotdreams/Homework_004/MicroBlaze/MicroBlaze.gen/sources_1/bd/MicroBlaze/ipshared/c960/hdl/axi_timer_v2_0_rfs.vhd:911]
INFO: [Synth 8-113] binding component instance 'TCSR1_FF_I' to cell 'FDRSE' [d:/Learn/robotdreams/Homework_004/MicroBlaze/MicroBlaze.gen/sources_1/bd/MicroBlaze/ipshared/c960/hdl/axi_timer_v2_0_rfs.vhd:911]
INFO: [Synth 8-113] binding component instance 'TCSR1_FF_I' to cell 'FDRSE' [d:/Learn/robotdreams/Homework_004/MicroBlaze/MicroBlaze.gen/sources_1/bd/MicroBlaze/ipshared/c960/hdl/axi_timer_v2_0_rfs.vhd:911]
INFO: [Synth 8-113] binding component instance 'TCSR1_FF_I' to cell 'FDRSE' [d:/Learn/robotdreams/Homework_004/MicroBlaze/MicroBlaze.gen/sources_1/bd/MicroBlaze/ipshared/c960/hdl/axi_timer_v2_0_rfs.vhd:911]
INFO: [Synth 8-113] binding component instance 'TCSR1_FF_I' to cell 'FDRSE' [d:/Learn/robotdreams/Homework_004/MicroBlaze/MicroBlaze.gen/sources_1/bd/MicroBlaze/ipshared/c960/hdl/axi_timer_v2_0_rfs.vhd:911]
INFO: [Synth 8-113] binding component instance 'TCSR1_FF_I' to cell 'FDRSE' [d:/Learn/robotdreams/Homework_004/MicroBlaze/MicroBlaze.gen/sources_1/bd/MicroBlaze/ipshared/c960/hdl/axi_timer_v2_0_rfs.vhd:911]
INFO: [Synth 8-113] binding component instance 'TCSR1_FF_I' to cell 'FDRSE' [d:/Learn/robotdreams/Homework_004/MicroBlaze/MicroBlaze.gen/sources_1/bd/MicroBlaze/ipshared/c960/hdl/axi_timer_v2_0_rfs.vhd:911]
INFO: [Synth 8-113] binding component instance 'TCSR1_FF_I' to cell 'FDRSE' [d:/Learn/robotdreams/Homework_004/MicroBlaze/MicroBlaze.gen/sources_1/bd/MicroBlaze/ipshared/c960/hdl/axi_timer_v2_0_rfs.vhd:911]
INFO: [Synth 8-113] binding component instance 'TCSR1_FF_I' to cell 'FDRSE' [d:/Learn/robotdreams/Homework_004/MicroBlaze/MicroBlaze.gen/sources_1/bd/MicroBlaze/ipshared/c960/hdl/axi_timer_v2_0_rfs.vhd:911]
INFO: [Synth 8-113] binding component instance 'READ_DONE0_I' to cell 'FDRSE' [d:/Learn/robotdreams/Homework_004/MicroBlaze/MicroBlaze.gen/sources_1/bd/MicroBlaze/ipshared/c960/hdl/axi_timer_v2_0_rfs.vhd:983]
INFO: [Synth 8-113] binding component instance 'READ_DONE1_I' to cell 'FDRSE' [d:/Learn/robotdreams/Homework_004/MicroBlaze/MicroBlaze.gen/sources_1/bd/MicroBlaze/ipshared/c960/hdl/axi_timer_v2_0_rfs.vhd:993]
	Parameter DEST_SYNC_FF bound to: 4 - type: integer 
	Parameter INIT_SYNC_FF bound to: 0 - type: integer 
	Parameter SIM_ASSERT_CHK bound to: 0 - type: integer 
	Parameter SRC_INPUT_REG bound to: 0 - type: integer 
INFO: [Synth 8-3491] module 'xpm_cdc_single' declared at 'D:/AMDdesign/2026.1/Vivado/data/ip/xpm/xpm_cdc/hdl/xpm_cdc.sv:152' bound to instance 'INPUT_DOUBLE_REGS3' of component 'xpm_cdc_single' [d:/Learn/robotdreams/Homework_004/MicroBlaze/MicroBlaze.gen/sources_1/bd/MicroBlaze/ipshared/c960/hdl/axi_timer_v2_0_rfs.vhd:1003]
INFO: [Synth 8-6157] synthesizing module 'xpm_cdc_single' [D:/AMDdesign/2026.1/Vivado/data/ip/xpm/xpm_cdc/hdl/xpm_cdc.sv:152]
INFO: [Synth 8-6155] done synthesizing module 'xpm_cdc_single' (0#1) [D:/AMDdesign/2026.1/Vivado/data/ip/xpm/xpm_cdc/hdl/xpm_cdc.sv:152]
	Parameter DEST_SYNC_FF bound to: 4 - type: integer 
	Parameter INIT_SYNC_FF bound to: 0 - type: integer 
	Parameter SIM_ASSERT_CHK bound to: 0 - type: integer 
	Parameter SRC_INPUT_REG bound to: 0 - type: integer 
INFO: [Synth 8-3491] module 'xpm_cdc_single' declared at 'D:/AMDdesign/2026.1/Vivado/data/ip/xpm/xpm_cdc/hdl/xpm_cdc.sv:152' bound to instance 'INPUT_DOUBLE_REGS' of component 'xpm_cdc_single' [d:/Learn/robotdreams/Homework_004/MicroBlaze/MicroBlaze.gen/sources_1/bd/MicroBlaze/ipshared/c960/hdl/axi_timer_v2_0_rfs.vhd:1070]
	Parameter DEST_SYNC_FF bound to: 4 - type: integer 
	Parameter INIT_SYNC_FF bound to: 0 - type: integer 
	Parameter SIM_ASSERT_CHK bound to: 0 - type: integer 
	Parameter SRC_INPUT_REG bound to: 0 - type: integer 
INFO: [Synth 8-3491] module 'xpm_cdc_single' declared at 'D:/AMDdesign/2026.1/Vivado/data/ip/xpm/xpm_cdc/hdl/xpm_cdc.sv:152' bound to instance 'INPUT_DOUBLE_REGS2' of component 'xpm_cdc_single' [d:/Learn/robotdreams/Homework_004/MicroBlaze/MicroBlaze.gen/sources_1/bd/MicroBlaze/ipshared/c960/hdl/axi_timer_v2_0_rfs.vhd:1085]
INFO: [Synth 8-256] done synthesizing module 'timer_control' (0#1) [d:/Learn/robotdreams/Homework_004/MicroBlaze/MicroBlaze.gen/sources_1/bd/MicroBlaze/ipshared/c960/hdl/axi_timer_v2_0_rfs.vhd:741]
INFO: [Synth 8-113] binding component instance 'PWM_FF_I' to cell 'FDRS' [d:/Learn/robotdreams/Homework_004/MicroBlaze/MicroBlaze.gen/sources_1/bd/MicroBlaze/ipshared/c960/hdl/axi_timer_v2_0_rfs.vhd:1805]
INFO: [Synth 8-256] done synthesizing module 'tc_core' (0#1) [d:/Learn/robotdreams/Homework_004/MicroBlaze/MicroBlaze.gen/sources_1/bd/MicroBlaze/ipshared/c960/hdl/axi_timer_v2_0_rfs.vhd:1599]
INFO: [Synth 8-638] synthesizing module 'axi_lite_ipif' [d:/Learn/robotdreams/Homework_004/MicroBlaze/MicroBlaze.gen/sources_1/bd/MicroBlaze/ipshared/de33/hdl/axi_lite_ipif_v3_1_rfs.vhd:2948]
INFO: [Synth 8-638] synthesizing module 'slave_attachment' [d:/Learn/robotdreams/Homework_004/MicroBlaze/MicroBlaze.gen/sources_1/bd/MicroBlaze/ipshared/de33/hdl/axi_lite_ipif_v3_1_rfs.vhd:2341]
INFO: [Synth 8-3919] null assignment ignored [d:/Learn/robotdreams/Homework_004/MicroBlaze/MicroBlaze.gen/sources_1/bd/MicroBlaze/ipshared/de33/hdl/axi_lite_ipif_v3_1_rfs.vhd:2370]
INFO: [Synth 8-638] synthesizing module 'address_decoder' [d:/Learn/robotdreams/Homework_004/MicroBlaze/MicroBlaze.gen/sources_1/bd/MicroBlaze/ipshared/de33/hdl/axi_lite_ipif_v3_1_rfs.vhd:1775]
INFO: [Synth 8-638] synthesizing module 'pselect_f' [d:/Learn/robotdreams/Homework_004/MicroBlaze/MicroBlaze.gen/sources_1/bd/MicroBlaze/ipshared/de33/hdl/axi_lite_ipif_v3_1_rfs.vhd:1534]
INFO: [Synth 8-256] done synthesizing module 'pselect_f' (0#1) [d:/Learn/robotdreams/Homework_004/MicroBlaze/MicroBlaze.gen/sources_1/bd/MicroBlaze/ipshared/de33/hdl/axi_lite_ipif_v3_1_rfs.vhd:1534]
INFO: [Synth 8-638] synthesizing module 'pselect_f__parameterized0' [d:/Learn/robotdreams/Homework_004/MicroBlaze/MicroBlaze.gen/sources_1/bd/MicroBlaze/ipshared/de33/hdl/axi_lite_ipif_v3_1_rfs.vhd:1534]
INFO: [Synth 8-256] done synthesizing module 'pselect_f__parameterized0' (0#1) [d:/Learn/robotdreams/Homework_004/MicroBlaze/MicroBlaze.gen/sources_1/bd/MicroBlaze/ipshared/de33/hdl/axi_lite_ipif_v3_1_rfs.vhd:1534]
INFO: [Synth 8-638] synthesizing module 'pselect_f__parameterized1' [d:/Learn/robotdreams/Homework_004/MicroBlaze/MicroBlaze.gen/sources_1/bd/MicroBlaze/ipshared/de33/hdl/axi_lite_ipif_v3_1_rfs.vhd:1534]
INFO: [Synth 8-256] done synthesizing module 'pselect_f__parameterized1' (0#1) [d:/Learn/robotdreams/Homework_004/MicroBlaze/MicroBlaze.gen/sources_1/bd/MicroBlaze/ipshared/de33/hdl/axi_lite_ipif_v3_1_rfs.vhd:1534]
INFO: [Synth 8-638] synthesizing module 'pselect_f__parameterized2' [d:/Learn/robotdreams/Homework_004/MicroBlaze/MicroBlaze.gen/sources_1/bd/MicroBlaze/ipshared/de33/hdl/axi_lite_ipif_v3_1_rfs.vhd:1534]
INFO: [Synth 8-256] done synthesizing module 'pselect_f__parameterized2' (0#1) [d:/Learn/robotdreams/Homework_004/MicroBlaze/MicroBlaze.gen/sources_1/bd/MicroBlaze/ipshared/de33/hdl/axi_lite_ipif_v3_1_rfs.vhd:1534]
INFO: [Synth 8-638] synthesizing module 'pselect_f__parameterized3' [d:/Learn/robotdreams/Homework_004/MicroBlaze/MicroBlaze.gen/sources_1/bd/MicroBlaze/ipshared/de33/hdl/axi_lite_ipif_v3_1_rfs.vhd:1534]
INFO: [Synth 8-256] done synthesizing module 'pselect_f__parameterized3' (0#1) [d:/Learn/robotdreams/Homework_004/MicroBlaze/MicroBlaze.gen/sources_1/bd/MicroBlaze/ipshared/de33/hdl/axi_lite_ipif_v3_1_rfs.vhd:1534]
INFO: [Synth 8-638] synthesizing module 'pselect_f__parameterized4' [d:/Learn/robotdreams/Homework_004/MicroBlaze/MicroBlaze.gen/sources_1/bd/MicroBlaze/ipshared/de33/hdl/axi_lite_ipif_v3_1_rfs.vhd:1534]
INFO: [Synth 8-256] done synthesizing module 'pselect_f__parameterized4' (0#1) [d:/Learn/robotdreams/Homework_004/MicroBlaze/MicroBlaze.gen/sources_1/bd/MicroBlaze/ipshared/de33/hdl/axi_lite_ipif_v3_1_rfs.vhd:1534]
INFO: [Synth 8-638] synthesizing module 'pselect_f__parameterized5' [d:/Learn/robotdreams/Homework_004/MicroBlaze/MicroBlaze.gen/sources_1/bd/MicroBlaze/ipshared/de33/hdl/axi_lite_ipif_v3_1_rfs.vhd:1534]
INFO: [Synth 8-256] done synthesizing module 'pselect_f__parameterized5' (0#1) [d:/Learn/robotdreams/Homework_004/MicroBlaze/MicroBlaze.gen/sources_1/bd/MicroBlaze/ipshared/de33/hdl/axi_lite_ipif_v3_1_rfs.vhd:1534]
INFO: [Synth 8-638] synthesizing module 'pselect_f__parameterized6' [d:/Learn/robotdreams/Homework_004/MicroBlaze/MicroBlaze.gen/sources_1/bd/MicroBlaze/ipshared/de33/hdl/axi_lite_ipif_v3_1_rfs.vhd:1534]
INFO: [Synth 8-256] done synthesizing module 'pselect_f__parameterized6' (0#1) [d:/Learn/robotdreams/Homework_004/MicroBlaze/MicroBlaze.gen/sources_1/bd/MicroBlaze/ipshared/de33/hdl/axi_lite_ipif_v3_1_rfs.vhd:1534]
INFO: [Synth 8-256] done synthesizing module 'address_decoder' (0#1) [d:/Learn/robotdreams/Homework_004/MicroBlaze/MicroBlaze.gen/sources_1/bd/MicroBlaze/ipshared/de33/hdl/axi_lite_ipif_v3_1_rfs.vhd:1775]
INFO: [Synth 8-226] default block is never used [d:/Learn/robotdreams/Homework_004/MicroBlaze/MicroBlaze.gen/sources_1/bd/MicroBlaze/ipshared/de33/hdl/axi_lite_ipif_v3_1_rfs.vhd:2550]
INFO: [Synth 8-256] done synthesizing module 'slave_attachment' (0#1) [d:/Learn/robotdreams/Homework_004/MicroBlaze/MicroBlaze.gen/sources_1/bd/MicroBlaze/ipshared/de33/hdl/axi_lite_ipif_v3_1_rfs.vhd:2341]
INFO: [Synth 8-256] done synthesizing module 'axi_lite_ipif' (0#1) [d:/Learn/robotdreams/Homework_004/MicroBlaze/MicroBlaze.gen/sources_1/bd/MicroBlaze/ipshared/de33/hdl/axi_lite_ipif_v3_1_rfs.vhd:2948]
INFO: [Synth 8-256] done synthesizing module 'axi_timer' (0#1) [d:/Learn/robotdreams/Homework_004/MicroBlaze/MicroBlaze.gen/sources_1/bd/MicroBlaze/ipshared/c960/hdl/axi_timer_v2_0_rfs.vhd:2040]
INFO: [Synth 8-256] done synthesizing module 'MicroBlaze_axi_timer_0_0' (0#1) [d:/Learn/robotdreams/Homework_004/MicroBlaze/MicroBlaze.gen/sources_1/bd/MicroBlaze/ip/MicroBlaze_axi_timer_0_0/synth/MicroBlaze_axi_timer_0_0.vhd:90]
INFO: [Synth 8-7129] Port Address_In_Erly[3] in module address_decoder is either unconnected or has no load
INFO: [Synth 8-7129] Port Address_In_Erly[4] in module address_decoder is either unconnected or has no load
INFO: [Synth 8-7129] Port Bus_RNW in module address_decoder is either unconnected or has no load
INFO: [Synth 8-7129] Port S_AXI_WSTRB[3] in module slave_attachment is either unconnected or has no load
INFO: [Synth 8-7129] Port S_AXI_WSTRB[2] in module slave_attachment is either unconnected or has no load
INFO: [Synth 8-7129] Port S_AXI_WSTRB[1] in module slave_attachment is either unconnected or has no load
INFO: [Synth 8-7129] Port S_AXI_WSTRB[0] in module slave_attachment is either unconnected or has no load
INFO: [Synth 8-7129] Port src_clk in module xpm_cdc_single is either unconnected or has no load
INFO: [Synth 8-7129] Port Bus2ip_data[0] in module timer_control is either unconnected or has no load
INFO: [Synth 8-7129] Port Bus2ip_data[1] in module timer_control is either unconnected or has no load
INFO: [Synth 8-7129] Port Bus2ip_data[2] in module timer_control is either unconnected or has no load
INFO: [Synth 8-7129] Port Bus2ip_data[3] in module timer_control is either unconnected or has no load
INFO: [Synth 8-7129] Port Bus2ip_data[4] in module timer_control is either unconnected or has no load
INFO: [Synth 8-7129] Port Bus2ip_data[5] in module timer_control is either unconnected or has no load
INFO: [Synth 8-7129] Port Bus2ip_data[6] in module timer_control is either unconnected or has no load
INFO: [Synth 8-7129] Port Bus2ip_data[7] in module timer_control is either unconnected or has no load
INFO: [Synth 8-7129] Port Bus2ip_data[8] in module timer_control is either unconnected or has no load
INFO: [Synth 8-7129] Port Bus2ip_data[9] in module timer_control is either unconnected or has no load
INFO: [Synth 8-7129] Port Bus2ip_data[10] in module timer_control is either unconnected or has no load
INFO: [Synth 8-7129] Port Bus2ip_data[11] in module timer_control is either unconnected or has no load
INFO: [Synth 8-7129] Port Bus2ip_data[12] in module timer_control is either unconnected or has no load
INFO: [Synth 8-7129] Port Bus2ip_data[13] in module timer_control is either unconnected or has no load
INFO: [Synth 8-7129] Port Bus2ip_data[14] in module timer_control is either unconnected or has no load
INFO: [Synth 8-7129] Port Bus2ip_data[15] in module timer_control is either unconnected or has no load
INFO: [Synth 8-7129] Port Bus2ip_data[16] in module timer_control is either unconnected or has no load
INFO: [Synth 8-7129] Port Bus2ip_data[17] in module timer_control is either unconnected or has no load
INFO: [Synth 8-7129] Port Bus2ip_data[18] in module timer_control is either unconnected or has no load
INFO: [Synth 8-7129] Port Bus2ip_data[19] in module timer_control is either unconnected or has no load
INFO: [Synth 8-7129] Port BE[0] in module timer_control is either unconnected or has no load
INFO: [Synth 8-7129] Port BE[1] in module timer_control is either unconnected or has no load
INFO: [Synth 8-7129] Port Bus2ip_rdce[0] in module timer_control is either unconnected or has no load
INFO: [Synth 8-7129] Port Bus2ip_rdce[2] in module timer_control is either unconnected or has no load
INFO: [Synth 8-7129] Port Bus2ip_rdce[3] in module timer_control is either unconnected or has no load
INFO: [Synth 8-7129] Port Bus2ip_rdce[4] in module timer_control is either unconnected or has no load
INFO: [Synth 8-7129] Port Bus2ip_rdce[6] in module timer_control is either unconnected or has no load
INFO: [Synth 8-7129] Port Bus2ip_rdce[7] in module timer_control is either unconnected or has no load
INFO: [Synth 8-7129] Port Bus2ip_wrce[2] in module timer_control is either unconnected or has no load
INFO: [Synth 8-7129] Port Bus2ip_wrce[3] in module timer_control is either unconnected or has no load
INFO: [Synth 8-7129] Port Bus2ip_wrce[6] in module timer_control is either unconnected or has no load
INFO: [Synth 8-7129] Port Bus2ip_wrce[7] in module timer_control is either unconnected or has no load
INFO: [Synth 8-7129] Port Bus2ip_addr[0] in module tc_core is either unconnected or has no load
INFO: [Synth 8-7129] Port Bus2ip_addr[1] in module tc_core is either unconnected or has no load
INFO: [Synth 8-7129] Port Bus2ip_addr[2] in module tc_core is either unconnected or has no load
INFO: [Synth 8-7129] Port Bus2ip_addr[3] in module tc_core is either unconnected or has no load
INFO: [Synth 8-7129] Port Bus2ip_addr[4] in module tc_core is either unconnected or has no load
---------------------------------------------------------------------------------
Finished RTL Elaboration : Time (s): cpu = 00:00:10 ; elapsed = 00:00:14 . Memory (MB): peak = 1541.945 ; gain = 715.672
---------------------------------------------------------------------------------
---------------------------------------------------------------------------------
Start Handling Custom Attributes
---------------------------------------------------------------------------------
---------------------------------------------------------------------------------
Finished Handling Custom Attributes : Time (s): cpu = 00:00:10 ; elapsed = 00:00:14 . Memory (MB): peak = 1541.945 ; gain = 715.672
---------------------------------------------------------------------------------
---------------------------------------------------------------------------------
Finished RTL Optimization Phase 1 : Time (s): cpu = 00:00:10 ; elapsed = 00:00:14 . Memory (MB): peak = 1541.945 ; gain = 715.672
---------------------------------------------------------------------------------
Netlist sorting complete. Time (s): cpu = 00:00:00 ; elapsed = 00:00:00.006 . Memory (MB): peak = 1541.945 ; gain = 0.000
INFO: [Netlist 29-17] Analyzing 90 Unisim elements for replacement
INFO: [Netlist 29-28] Unisim Transformation completed in 0 CPU seconds
INFO: [Project 1-570] Preparing netlist for logic optimization

Processing XDC Constraints
Initializing timing engine
Parsing XDC File [d:/Learn/robotdreams/Homework_004/MicroBlaze/MicroBlaze.gen/sources_1/bd/MicroBlaze/ip/MicroBlaze_axi_timer_0_0/MicroBlaze_axi_timer_0_0_ooc.xdc] for cell 'U0'
Finished Parsing XDC File [d:/Learn/robotdreams/Homework_004/MicroBlaze/MicroBlaze.gen/sources_1/bd/MicroBlaze/ip/MicroBlaze_axi_timer_0_0/MicroBlaze_axi_timer_0_0_ooc.xdc] for cell 'U0'
Parsing XDC File [D:/Learn/robotdreams/Homework_004/MicroBlaze/MicroBlaze.runs/MicroBlaze_axi_timer_0_0_synth_1/dont_touch.xdc]
Finished Parsing XDC File [D:/Learn/robotdreams/Homework_004/MicroBlaze/MicroBlaze.runs/MicroBlaze_axi_timer_0_0_synth_1/dont_touch.xdc]
INFO: [Project 1-236] Implementation specific constraints were found while reading constraint file [D:/AMDdesign/2026.1/Vivado/data/ip/xpm/xpm_cdc/tcl/xpm_cdc_single.tcl]. These constraints will be ignored for synthesis but will be used in implementation. Impacted constraints are listed in the file [.Xil/MicroBlaze_axi_timer_0_0_propImpl.xdc].
Resolution: To avoid this warning, move constraints listed in [.Xil/MicroBlaze_axi_timer_0_0_propImpl.xdc] to another XDC file and exclude this new file from synthesis with the used_in_synthesis property (File Properties dialog in GUI) and re-run elaboration/synthesis.
INFO: [Project 1-1714] 3 XPM XDC files have been applied to the design.
Completed Processing XDC Constraints

Netlist sorting complete. Time (s): cpu = 00:00:00 ; elapsed = 00:00:00.002 . Memory (MB): peak = 1604.191 ; gain = 0.000
INFO: [Project 1-111] Unisim Transformation Summary:
  A total of 26 instances were transformed.
  FDRS => FDRS (FDRE, LUT2, VCC): 1 instance 
  FDRSE => FDRSE (FDRE, LUT4, VCC): 25 instances

Constraint Validation Runtime : Time (s): cpu = 00:00:00 ; elapsed = 00:00:00.091 . Memory (MB): peak = 1604.277 ; gain = 0.000
INFO: [Designutils 20-5008] Incremental synthesis strategy off
---------------------------------------------------------------------------------
Finished Constraint Validation : Time (s): cpu = 00:00:23 ; elapsed = 00:00:31 . Memory (MB): peak = 1604.277 ; gain = 778.004
---------------------------------------------------------------------------------
---------------------------------------------------------------------------------
Start Loading Part and Timing Information
---------------------------------------------------------------------------------
Loading part: xc7z010clg400-2
---------------------------------------------------------------------------------
Finished Loading Part and Timing Information : Time (s): cpu = 00:00:23 ; elapsed = 00:00:31 . Memory (MB): peak = 1604.277 ; gain = 778.004
---------------------------------------------------------------------------------
---------------------------------------------------------------------------------
Start Applying 'set_property' XDC Constraints
---------------------------------------------------------------------------------
---------------------------------------------------------------------------------
Finished applying 'set_property' XDC Constraints : Time (s): cpu = 00:00:23 ; elapsed = 00:00:32 . Memory (MB): peak = 1604.277 ; gain = 778.004
---------------------------------------------------------------------------------
INFO: [Synth 8-802] inferred FSM for state register 'state_reg' in module 'slave_attachment'
---------------------------------------------------------------------------------------------------
                   State |                     New Encoding |                Previous Encoding 
---------------------------------------------------------------------------------------------------
                 iSTATE2 |                             0001 |                               00
                  iSTATE |                             0010 |                               01
                 iSTATE0 |                             0100 |                               10
                 iSTATE1 |                             1000 |                               11
---------------------------------------------------------------------------------------------------
INFO: [Synth 8-3354] encoded FSM with state register 'state_reg' using encoding 'one-hot' in module 'slave_attachment'
---------------------------------------------------------------------------------
Finished RTL Optimization Phase 2 : Time (s): cpu = 00:00:24 ; elapsed = 00:00:32 . Memory (MB): peak = 1604.277 ; gain = 778.004
---------------------------------------------------------------------------------
---------------------------------------------------------------------------------
Start RTL Component Statistics 
---------------------------------------------------------------------------------
Detailed RTL Component Info : 
+---Adders : 
	   2 Input   33 Bit       Adders := 2     
	   2 Input    6 Bit       Adders := 1     
+---Registers : 
	               33 Bit    Registers := 2     
	               32 Bit    Registers := 1     
	                6 Bit    Registers := 1     
	                5 Bit    Registers := 1     
	                4 Bit    Registers := 3     
	                2 Bit    Registers := 4     
	                1 Bit    Registers := 29    
+---Muxes : 
	   3 Input   33 Bit        Muxes := 2     
	   2 Input   33 Bit        Muxes := 2     
	   2 Input   32 Bit        Muxes := 2     
	   2 Input   12 Bit        Muxes := 1     
	   2 Input   11 Bit        Muxes := 1     
	   2 Input    9 Bit        Muxes := 3     
	   3 Input    9 Bit        Muxes := 1     
	   2 Input    5 Bit        Muxes := 1     
	   4 Input    4 Bit        Muxes := 1     
	   2 Input    4 Bit        Muxes := 5     
	   2 Input    2 Bit        Muxes := 3     
	   3 Input    2 Bit        Muxes := 1     
	   4 Input    2 Bit        Muxes := 1     
	   2 Input    1 Bit        Muxes := 24    
	   4 Input    1 Bit        Muxes := 3     
---------------------------------------------------------------------------------
Finished RTL Component Statistics 
---------------------------------------------------------------------------------
---------------------------------------------------------------------------------
Start Part Resource Summary
---------------------------------------------------------------------------------
Part Resources:
DSPs: 80 (col length:40)
BRAMs: 120 (col length: RAMB18 40 RAMB36 20)
---------------------------------------------------------------------------------
Finished Part Resource Summary
---------------------------------------------------------------------------------
---------------------------------------------------------------------------------
Start Cross Boundary and Area Optimization
---------------------------------------------------------------------------------
INFO: [Synth 8-7129] Port src_clk in module xpm_cdc_single is either unconnected or has no load
INFO: [Synth 8-7129] Port s_axi_wstrb[3] in module axi_timer is either unconnected or has no load
INFO: [Synth 8-7129] Port s_axi_wstrb[2] in module axi_timer is either unconnected or has no load
INFO: [Synth 8-7129] Port s_axi_wstrb[1] in module axi_timer is either unconnected or has no load
INFO: [Synth 8-7129] Port s_axi_wstrb[0] in module axi_timer is either unconnected or has no load
---------------------------------------------------------------------------------
Finished Cross Boundary and Area Optimization : Time (s): cpu = 00:00:27 ; elapsed = 00:00:36 . Memory (MB): peak = 1618.855 ; gain = 792.582
---------------------------------------------------------------------------------
---------------------------------------------------------------------------------
Start Applying XDC Timing Constraints
---------------------------------------------------------------------------------
---------------------------------------------------------------------------------
Finished Applying XDC Timing Constraints : Time (s): cpu = 00:00:36 ; elapsed = 00:00:49 . Memory (MB): peak = 1756.195 ; gain = 929.922
---------------------------------------------------------------------------------
---------------------------------------------------------------------------------
Start Timing Optimization
---------------------------------------------------------------------------------
---------------------------------------------------------------------------------
Finished Timing Optimization : Time (s): cpu = 00:00:38 ; elapsed = 00:00:50 . Memory (MB): peak = 1793.340 ; gain = 967.066
---------------------------------------------------------------------------------
---------------------------------------------------------------------------------
Start Technology Mapping
---------------------------------------------------------------------------------
---------------------------------------------------------------------------------
Finished Technology Mapping : Time (s): cpu = 00:00:38 ; elapsed = 00:00:50 . Memory (MB): peak = 1800.664 ; gain = 974.391
---------------------------------------------------------------------------------
---------------------------------------------------------------------------------
Start IO Insertion
---------------------------------------------------------------------------------
---------------------------------------------------------------------------------
Start Flattening Before IO Insertion
---------------------------------------------------------------------------------
---------------------------------------------------------------------------------
Finished Flattening Before IO Insertion
---------------------------------------------------------------------------------
---------------------------------------------------------------------------------
Start Final Netlist Cleanup
---------------------------------------------------------------------------------
---------------------------------------------------------------------------------
Finished Final Netlist Cleanup
---------------------------------------------------------------------------------
---------------------------------------------------------------------------------
Finished IO Insertion : Time (s): cpu = 00:00:42 ; elapsed = 00:00:55 . Memory (MB): peak = 2051.223 ; gain = 1224.949
---------------------------------------------------------------------------------
---------------------------------------------------------------------------------
Start Renaming Generated Instances
---------------------------------------------------------------------------------
---------------------------------------------------------------------------------
Finished Renaming Generated Instances : Time (s): cpu = 00:00:42 ; elapsed = 00:00:55 . Memory (MB): peak = 2051.223 ; gain = 1224.949
---------------------------------------------------------------------------------
---------------------------------------------------------------------------------
Start Rebuilding User Hierarchy
---------------------------------------------------------------------------------
---------------------------------------------------------------------------------
Finished Rebuilding User Hierarchy : Time (s): cpu = 00:00:42 ; elapsed = 00:00:55 . Memory (MB): peak = 2051.223 ; gain = 1224.949
---------------------------------------------------------------------------------
---------------------------------------------------------------------------------
Start Renaming Generated Ports
---------------------------------------------------------------------------------
---------------------------------------------------------------------------------
Finished Renaming Generated Ports : Time (s): cpu = 00:00:42 ; elapsed = 00:00:55 . Memory (MB): peak = 2051.223 ; gain = 1224.949
---------------------------------------------------------------------------------
---------------------------------------------------------------------------------
Start Handling Custom Attributes
---------------------------------------------------------------------------------
---------------------------------------------------------------------------------
Finished Handling Custom Attributes : Time (s): cpu = 00:00:42 ; elapsed = 00:00:55 . Memory (MB): peak = 2051.223 ; gain = 1224.949
---------------------------------------------------------------------------------
---------------------------------------------------------------------------------
Start Renaming Generated Nets
---------------------------------------------------------------------------------
---------------------------------------------------------------------------------
Finished Renaming Generated Nets : Time (s): cpu = 00:00:42 ; elapsed = 00:00:55 . Memory (MB): peak = 2051.223 ; gain = 1224.949
---------------------------------------------------------------------------------
---------------------------------------------------------------------------------
Start Writing Synthesis Report
---------------------------------------------------------------------------------

Report BlackBoxes: 
+-+--------------+----------+
| |BlackBox name |Instances |
+-+--------------+----------+
+-+--------------+----------+

Report Cell Usage: 
+------+-------+------+
|      |Cell   |Count |
+------+-------+------+
|1     |CARRY4 |    16|
|2     |LUT1   |     6|
|3     |LUT2   |    85|
|4     |LUT3   |   104|
|5     |LUT4   |    76|
|6     |LUT5   |    20|
|7     |LUT6   |    64|
|8     |MUXCY  |    64|
|9     |FDRE   |   243|
|10    |FDSE   |     1|
+------+-------+------+
---------------------------------------------------------------------------------
Finished Writing Synthesis Report : Time (s): cpu = 00:00:42 ; elapsed = 00:00:55 . Memory (MB): peak = 2051.223 ; gain = 1224.949
---------------------------------------------------------------------------------
Synthesis finished with 0 errors, 0 critical warnings and 0 warnings.
Synthesis Optimization Runtime : Time (s): cpu = 00:00:30 ; elapsed = 00:00:52 . Memory (MB): peak = 2051.223 ; gain = 1162.617
Synthesis Optimization Complete : Time (s): cpu = 00:00:42 ; elapsed = 00:00:55 . Memory (MB): peak = 2051.223 ; gain = 1224.949
INFO: [Project 1-571] Translating synthesized netlist
Netlist sorting complete. Time (s): cpu = 00:00:00 ; elapsed = 00:00:00.005 . Memory (MB): peak = 2051.223 ; gain = 0.000
INFO: [Netlist 29-17] Analyzing 80 Unisim elements for replacement
INFO: [Netlist 29-28] Unisim Transformation completed in 0 CPU seconds
INFO: [Project 1-570] Preparing netlist for logic optimization
INFO: [Opt 31-138] Pushed 0 inverter(s) to 0 load pin(s).
Netlist sorting complete. Time (s): cpu = 00:00:00 ; elapsed = 00:00:00.001 . Memory (MB): peak = 2064.055 ; gain = 0.000
INFO: [Project 1-111] Unisim Transformation Summary:
  A total of 32 instances were transformed.
  (MUXCY,XORCY) => CARRY4: 32 instances

Synth Design complete | Checksum: 691cb7b3
INFO: [Common 17-83] Releasing license: Vivado_Synthesis
240 Infos, 0 Warnings, 0 Critical Warnings and 0 Errors encountered.
synth_design completed successfully
synth_design: Time (s): cpu = 00:00:48 ; elapsed = 00:01:20 . Memory (MB): peak = 2064.055 ; gain = 1434.746
Write ShapeDB Complete: Time (s): cpu = 00:00:00 ; elapsed = 00:00:00.004 . Memory (MB): peak = 2064.055 ; gain = 0.000
INFO: [Common 17-1381] The checkpoint 'D:/Learn/robotdreams/Homework_004/MicroBlaze/MicroBlaze.runs/MicroBlaze_axi_timer_0_0_synth_1/MicroBlaze_axi_timer_0_0.dcp' has been generated.
INFO: [Ipptcl 7-1612] Added synthesis output to IP cache for IP MicroBlaze_axi_timer_0_0, cache-ID = 675ce436a5ab7f93
INFO: [Coretcl 2-1174] Renamed 20 cell refs.
Write ShapeDB Complete: Time (s): cpu = 00:00:00 ; elapsed = 00:00:00.002 . Memory (MB): peak = 2064.055 ; gain = 0.000
INFO: [Common 17-1381] The checkpoint 'D:/Learn/robotdreams/Homework_004/MicroBlaze/MicroBlaze.runs/MicroBlaze_axi_timer_0_0_synth_1/MicroBlaze_axi_timer_0_0.dcp' has been generated.
INFO: [Vivado 12-24828] Executing command : report_utilization -file MicroBlaze_axi_timer_0_0_utilization_synth.rpt -pb MicroBlaze_axi_timer_0_0_utilization_synth.pb
INFO: [Common 17-206] Exiting Vivado at Fri Oct  2 13:03:24 2026...
