
*** Running vivado
    with args -log MicroBlaze_mdm_1_0.vds -m64 -product Vivado -mode batch -messageDb vivado.pb -notrace -source MicroBlaze_mdm_1_0.tcl


INFO: [Common 17-3922] A valid Vivado Design Suite BASIC license has been detected. Your current license is active and will expire on 03-aug-2027.
#-----------------------------------------------------------
# Vivado v2026.1 (64-bit)
# SW Build 6511674 on Tue Jun 16 11:02:23 MDT 2026
# IP Build 6504888 on Tue Jun 09 09:05:25 MDT 2026
# SharedData Build 6501428 on Mon Jun 08 17:34:18 MDT 2026
# Start of session at: Fri Oct  2 13:01:37 2026
# Process ID         : 37004
# Current directory  : D:/Learn/robotdreams/Homework_004/MicroBlaze/MicroBlaze.runs/MicroBlaze_mdm_1_0_synth_1
# Command line       : vivado.exe -log MicroBlaze_mdm_1_0.vds -product Vivado -mode batch -messageDb vivado.pb -notrace -source MicroBlaze_mdm_1_0.tcl
# Log file           : D:/Learn/robotdreams/Homework_004/MicroBlaze/MicroBlaze.runs/MicroBlaze_mdm_1_0_synth_1/MicroBlaze_mdm_1_0.vds
# Journal file       : D:/Learn/robotdreams/Homework_004/MicroBlaze/MicroBlaze.runs/MicroBlaze_mdm_1_0_synth_1\vivado.jou
# Running On         : DESKTOP-IOFH4PG
# Platform           : Windows 11
# Operating System   : 26200
# Processor Detail   : 13th Gen Intel(R) Core(TM) i7-13650HX
# CPU Frequency      : 2803 MHz
# CPU Physical cores : 14
# CPU Logical cores  : 20
# Host memory        : 34053 MB
# Swap memory        : 18253 MB
# Total Virtual      : 52307 MB
# Available Virtual  : 8603 MB
#-----------------------------------------------------------

****** Vivado v2026.1 (64-bit)
  **** SW Build 6511674 on Tue Jun 16 11:02:23 MDT 2026
  **** IP Build 6504888 on Tue Jun 09 09:05:25 MDT 2026
  **** SharedData Build 6501428 on Mon Jun 08 17:34:18 MDT 2026
  **** Start of session at: Fri Oct  2 13:01:37 2026
    ** Copyright 1986-2022 Xilinx, Inc. All Rights Reserved.
    ** Copyright 2022-2026 Advanced Micro Devices, Inc. All Rights Reserved.

source MicroBlaze_mdm_1_0.tcl -notrace
create_project: Time (s): cpu = 00:00:12 ; elapsed = 00:00:12 . Memory (MB): peak = 614.023 ; gain = 271.941
Command: synth_design -top MicroBlaze_mdm_1_0 -part xc7z010clg400-2 -incremental_mode off -mode out_of_context
Starting synth_design
Attempting to get a license for feature 'Vivado_Synthesis' and/or device 'xc7z010'
INFO: [Common 17-349] Got license for feature 'Vivado_Synthesis' and/or device 'xc7z010'
INFO: [Device 21-403] Loading part xc7z010clg400-2
INFO: [Designutils 20-5008] Incremental synthesis strategy off
INFO: [Synth 8-7079] Multithreading enabled for synth_design using a maximum of 2 processes.
INFO: [Synth 8-7078] Launching helper process for spawning children vivado processes
INFO: [Synth 8-7075] Helper process launched with PID 17756
---------------------------------------------------------------------------------
Starting RTL Elaboration : Time (s): cpu = 00:00:07 ; elapsed = 00:00:08 . Memory (MB): peak = 1413.504 ; gain = 577.582
---------------------------------------------------------------------------------
INFO: [Synth 8-638] synthesizing module 'MicroBlaze_mdm_1_0' [d:/Learn/robotdreams/Homework_004/MicroBlaze/MicroBlaze.gen/sources_1/bd/MicroBlaze/ip/MicroBlaze_mdm_1_0/synth/MicroBlaze_mdm_1_0.vhd:74]
	Parameter C_FAMILY bound to: zynq - type: string 
	Parameter C_DEVICE bound to: xc7z010 - type: string 
	Parameter C_JTAG_CHAIN bound to: 2 - type: integer 
	Parameter C_USE_BSCAN bound to: 0 - type: integer 
	Parameter C_BSCANID bound to: 76547328 - type: integer 
	Parameter C_DEBUG_INTERFACE bound to: 0 - type: integer 
	Parameter C_USE_CONFIG_RESET bound to: 0 - type: integer 
	Parameter C_AVOID_PRIMITIVES bound to: 0 - type: integer 
	Parameter C_INTERCONNECT bound to: 2 - type: integer 
	Parameter C_MB_DBG_PORTS bound to: 1 - type: integer 
	Parameter C_USE_UART bound to: 0 - type: integer 
	Parameter C_DBG_REG_ACCESS bound to: 0 - type: integer 
	Parameter C_DBG_MEM_ACCESS bound to: 0 - type: integer 
	Parameter C_USE_CROSS_TRIGGER bound to: 0 - type: integer 
	Parameter C_EXT_TRIG_RESET_VALUE bound to: 20'b11110001001000110100 
	Parameter C_TRACE_OUTPUT bound to: 0 - type: integer 
	Parameter C_TRACE_DATA_WIDTH bound to: 32 - type: integer 
	Parameter C_TRACE_CLK_FREQ_HZ bound to: 200000000 - type: integer 
	Parameter C_TRACE_CLK_OUT_PHASE bound to: 90 - type: integer 
	Parameter C_TRACE_ASYNC_RESET bound to: 0 - type: integer 
	Parameter C_TRACE_PROTOCOL bound to: 1 - type: integer 
	Parameter C_TRACE_ID bound to: 110 - type: integer 
	Parameter C_S_AXI_ADDR_WIDTH bound to: 4 - type: integer 
	Parameter C_S_AXI_DATA_WIDTH bound to: 32 - type: integer 
	Parameter C_S_AXI_ACLK_FREQ_HZ bound to: 100000000 - type: integer 
	Parameter C_M_AXI_ADDR_WIDTH bound to: 32 - type: integer 
	Parameter C_M_AXI_DATA_WIDTH bound to: 32 - type: integer 
	Parameter C_M_AXI_THREAD_ID_WIDTH bound to: 1 - type: integer 
	Parameter C_ADDR_SIZE bound to: 32 - type: integer 
	Parameter C_DATA_SIZE bound to: 32 - type: integer 
	Parameter C_LMB_PROTOCOL bound to: 0 - type: integer 
	Parameter C_M_AXIS_DATA_WIDTH bound to: 32 - type: integer 
	Parameter C_M_AXIS_ID_WIDTH bound to: 7 - type: integer 
INFO: [Synth 8-3491] module 'MDM' declared at 'd:/Learn/robotdreams/Homework_004/MicroBlaze/MicroBlaze.gen/sources_1/bd/MicroBlaze/ipshared/23b0/hdl/mdm_v3_2_rfs.vhd:12696' bound to instance 'U0' of component 'MDM' [d:/Learn/robotdreams/Homework_004/MicroBlaze/MicroBlaze.gen/sources_1/bd/MicroBlaze/ip/MicroBlaze_mdm_1_0/synth/MicroBlaze_mdm_1_0.vhd:1659]
INFO: [Synth 8-638] synthesizing module 'MDM' [d:/Learn/robotdreams/Homework_004/MicroBlaze/MicroBlaze.gen/sources_1/bd/MicroBlaze/ipshared/23b0/hdl/mdm_v3_2_rfs.vhd:14379]
	Parameter C_TARGET bound to: 3 - type: integer 
	Parameter DISABLE_JTAG bound to: FALSE - type: string 
	Parameter JTAG_CHAIN bound to: 2 - type: integer 
INFO: [Synth 8-3491] module 'MB_BSCANE2' declared at 'd:/Learn/robotdreams/Homework_004/MicroBlaze/MicroBlaze.gen/sources_1/bd/MicroBlaze/ipshared/23b0/hdl/mdm_v3_2_rfs.vhd:330' bound to instance 'BSCAN_I' of component 'MB_BSCANE2' [d:/Learn/robotdreams/Homework_004/MicroBlaze/MicroBlaze.gen/sources_1/bd/MicroBlaze/ipshared/23b0/hdl/mdm_v3_2_rfs.vhd:15995]
INFO: [Synth 8-638] synthesizing module 'MB_BSCANE2' [d:/Learn/robotdreams/Homework_004/MicroBlaze/MicroBlaze.gen/sources_1/bd/MicroBlaze/ipshared/23b0/hdl/mdm_v3_2_rfs.vhd:354]
	Parameter DISABLE_JTAG bound to: FALSE - type: string 
	Parameter JTAG_CHAIN bound to: 2 - type: integer 
INFO: [Synth 8-113] binding component instance 'BSCANE2_I' to cell 'BSCANE2' [d:/Learn/robotdreams/Homework_004/MicroBlaze/MicroBlaze.gen/sources_1/bd/MicroBlaze/ipshared/23b0/hdl/mdm_v3_2_rfs.vhd:364]
INFO: [Synth 8-256] done synthesizing module 'MB_BSCANE2' (0#1) [d:/Learn/robotdreams/Homework_004/MicroBlaze/MicroBlaze.gen/sources_1/bd/MicroBlaze/ipshared/23b0/hdl/mdm_v3_2_rfs.vhd:354]
	Parameter C_TARGET bound to: 3 - type: integer 
	Parameter INIT bound to: 2'b10 
INFO: [Synth 8-3491] module 'MB_LUT1' declared at 'd:/Learn/robotdreams/Homework_004/MicroBlaze/MicroBlaze.gen/sources_1/bd/MicroBlaze/ipshared/23b0/hdl/mdm_v3_2_rfs.vhd:1555' bound to instance 'LUT1_I' of component 'MB_LUT1' [d:/Learn/robotdreams/Homework_004/MicroBlaze/MicroBlaze.gen/sources_1/bd/MicroBlaze/ipshared/23b0/hdl/mdm_v3_2_rfs.vhd:16013]
INFO: [Synth 8-638] synthesizing module 'MB_LUT1' [d:/Learn/robotdreams/Homework_004/MicroBlaze/MicroBlaze.gen/sources_1/bd/MicroBlaze/ipshared/23b0/hdl/mdm_v3_2_rfs.vhd:1569]
	Parameter INIT bound to: 2'b10 
INFO: [Synth 8-113] binding component instance 'Native' to cell 'LUT1' [d:/Learn/robotdreams/Homework_004/MicroBlaze/MicroBlaze.gen/sources_1/bd/MicroBlaze/ipshared/23b0/hdl/mdm_v3_2_rfs.vhd:1591]
INFO: [Synth 8-256] done synthesizing module 'MB_LUT1' (0#1) [d:/Learn/robotdreams/Homework_004/MicroBlaze/MicroBlaze.gen/sources_1/bd/MicroBlaze/ipshared/23b0/hdl/mdm_v3_2_rfs.vhd:1569]
	Parameter C_TARGET bound to: 3 - type: integer 
INFO: [Synth 8-3491] module 'MB_BUFG' declared at 'd:/Learn/robotdreams/Homework_004/MicroBlaze/MicroBlaze.gen/sources_1/bd/MicroBlaze/ipshared/23b0/hdl/mdm_v3_2_rfs.vhd:392' bound to instance 'BUFG_DRCK' of component 'MB_BUFG' [d:/Learn/robotdreams/Homework_004/MicroBlaze/MicroBlaze.gen/sources_1/bd/MicroBlaze/ipshared/23b0/hdl/mdm_v3_2_rfs.vhd:16272]
INFO: [Synth 8-638] synthesizing module 'MB_BUFG' [d:/Learn/robotdreams/Homework_004/MicroBlaze/MicroBlaze.gen/sources_1/bd/MicroBlaze/ipshared/23b0/hdl/mdm_v3_2_rfs.vhd:405]
INFO: [Synth 8-113] binding component instance 'Native' to cell 'BUFG' [d:/Learn/robotdreams/Homework_004/MicroBlaze/MicroBlaze.gen/sources_1/bd/MicroBlaze/ipshared/23b0/hdl/mdm_v3_2_rfs.vhd:415]
INFO: [Synth 8-256] done synthesizing module 'MB_BUFG' (0#1) [d:/Learn/robotdreams/Homework_004/MicroBlaze/MicroBlaze.gen/sources_1/bd/MicroBlaze/ipshared/23b0/hdl/mdm_v3_2_rfs.vhd:405]
	Parameter C_TARGET bound to: 3 - type: integer 
	Parameter C_JTAG_CHAIN bound to: 2 - type: integer 
	Parameter C_USE_BSCAN bound to: 0 - type: integer 
	Parameter C_USE_CONFIG_RESET bound to: 0 - type: integer 
	Parameter C_USE_SRL16 bound to: yes - type: string 
	Parameter C_DEBUG_INTERFACE bound to: 0 - type: integer 
	Parameter C_MB_DBG_PORTS bound to: 1 - type: integer 
	Parameter C_EN_WIDTH bound to: 1 - type: integer 
	Parameter C_DBG_REG_ACCESS bound to: 0 - type: integer 
	Parameter C_REG_NUM_CE bound to: 4 - type: integer 
	Parameter C_REG_DATA_WIDTH bound to: 8 - type: integer 
	Parameter C_DBG_MEM_ACCESS bound to: 0 - type: integer 
	Parameter C_S_AXI_ADDR_WIDTH bound to: 4 - type: integer 
	Parameter C_S_AXI_ACLK_FREQ_HZ bound to: 100000000 - type: integer 
	Parameter C_M_AXI_ADDR_WIDTH bound to: 32 - type: integer 
	Parameter C_M_AXI_DATA_WIDTH bound to: 32 - type: integer 
	Parameter C_USE_CROSS_TRIGGER bound to: 0 - type: integer 
	Parameter C_EXT_TRIG_RESET_VALUE bound to: 20'b11110001001000110100 
	Parameter C_USE_UART bound to: 0 - type: integer 
	Parameter C_UART_WIDTH bound to: 8 - type: integer 
	Parameter C_TRACE_OUTPUT bound to: 0 - type: integer 
	Parameter C_TRACE_DATA_WIDTH bound to: 32 - type: integer 
	Parameter C_TRACE_ASYNC_RESET bound to: 0 - type: integer 
	Parameter C_TRACE_CLK_FREQ_HZ bound to: 200000000 - type: integer 
	Parameter C_TRACE_CLK_OUT_PHASE bound to: 90 - type: integer 
	Parameter C_TRACE_PROTOCOL bound to: 1 - type: integer 
	Parameter C_TRACE_ID bound to: 110 - type: integer 
	Parameter C_M_AXIS_DATA_WIDTH bound to: 32 - type: integer 
	Parameter C_M_AXIS_ID_WIDTH bound to: 7 - type: integer 
INFO: [Synth 8-3491] module 'MDM_Core' declared at 'd:/Learn/robotdreams/Homework_004/MicroBlaze/MicroBlaze.gen/sources_1/bd/MicroBlaze/ipshared/23b0/hdl/mdm_v3_2_rfs.vhd:5815' bound to instance 'MDM_Core_I1' of component 'MDM_Core' [d:/Learn/robotdreams/Homework_004/MicroBlaze/MicroBlaze.gen/sources_1/bd/MicroBlaze/ipshared/23b0/hdl/mdm_v3_2_rfs.vhd:16370]
INFO: [Synth 8-638] synthesizing module 'MDM_Core' [d:/Learn/robotdreams/Homework_004/MicroBlaze/MicroBlaze.gen/sources_1/bd/MicroBlaze/ipshared/23b0/hdl/mdm_v3_2_rfs.vhd:7052]
INFO: [Synth 8-3491] module 'xil_scan_reset_control' declared at 'd:/Learn/robotdreams/Homework_004/MicroBlaze/MicroBlaze.gen/sources_1/bd/MicroBlaze/ipshared/23b0/hdl/mdm_v3_2_rfs.vhd:306' bound to instance 'config_scan_reset_i' of component 'xil_scan_reset_control' [d:/Learn/robotdreams/Homework_004/MicroBlaze/MicroBlaze.gen/sources_1/bd/MicroBlaze/ipshared/23b0/hdl/mdm_v3_2_rfs.vhd:7735]
INFO: [Synth 8-638] synthesizing module 'xil_scan_reset_control' [d:/Learn/robotdreams/Homework_004/MicroBlaze/MicroBlaze.gen/sources_1/bd/MicroBlaze/ipshared/23b0/hdl/mdm_v3_2_rfs.vhd:315]
INFO: [Synth 8-256] done synthesizing module 'xil_scan_reset_control' (0#1) [d:/Learn/robotdreams/Homework_004/MicroBlaze/MicroBlaze.gen/sources_1/bd/MicroBlaze/ipshared/23b0/hdl/mdm_v3_2_rfs.vhd:315]
INFO: [Synth 8-3491] module 'xil_scan_reset_control' declared at 'd:/Learn/robotdreams/Homework_004/MicroBlaze/MicroBlaze.gen/sources_1/bd/MicroBlaze/ipshared/23b0/hdl/mdm_v3_2_rfs.vhd:306' bound to instance 'sel_n_reset_i' of component 'xil_scan_reset_control' [d:/Learn/robotdreams/Homework_004/MicroBlaze/MicroBlaze.gen/sources_1/bd/MicroBlaze/ipshared/23b0/hdl/mdm_v3_2_rfs.vhd:7745]
INFO: [Synth 8-3491] module 'xil_scan_reset_control' declared at 'd:/Learn/robotdreams/Homework_004/MicroBlaze/MicroBlaze.gen/sources_1/bd/MicroBlaze/ipshared/23b0/hdl/mdm_v3_2_rfs.vhd:306' bound to instance 'shift_n_reset_i' of component 'xil_scan_reset_control' [d:/Learn/robotdreams/Homework_004/MicroBlaze/MicroBlaze.gen/sources_1/bd/MicroBlaze/ipshared/23b0/hdl/mdm_v3_2_rfs.vhd:7755]
	Parameter C_TARGET bound to: 3 - type: integer 
	Parameter C_USE_BSCAN bound to: 0 - type: integer 
	Parameter C_MB_DBG_PORTS bound to: 1 - type: integer 
	Parameter C_USE_CONFIG_RESET bound to: 0 - type: integer 
	Parameter C_USE_SRL16 bound to: yes - type: string 
	Parameter C_DEBUG_INTERFACE bound to: 0 - type: integer 
	Parameter C_DBG_REG_ACCESS bound to: 0 - type: integer 
	Parameter C_DBG_MEM_ACCESS bound to: 0 - type: integer 
	Parameter C_M_AXI_ADDR_WIDTH bound to: 32 - type: integer 
	Parameter C_M_AXI_DATA_WIDTH bound to: 32 - type: integer 
	Parameter C_USE_CROSS_TRIGGER bound to: 0 - type: integer 
	Parameter C_EXT_TRIG_RESET_VALUE bound to: 20'b11110001001000110100 
	Parameter C_USE_UART bound to: 0 - type: integer 
	Parameter C_UART_WIDTH bound to: 8 - type: integer 
	Parameter C_TRACE_OUTPUT bound to: 0 - type: integer 
	Parameter C_TRACE_PROTOCOL bound to: 1 - type: integer 
	Parameter C_EN_WIDTH bound to: 1 - type: integer 
INFO: [Synth 8-3491] module 'JTAG_CONTROL' declared at 'd:/Learn/robotdreams/Homework_004/MicroBlaze/MicroBlaze.gen/sources_1/bd/MicroBlaze/ipshared/23b0/hdl/mdm_v3_2_rfs.vhd:3099' bound to instance 'JTAG_CONTROL_I' of component 'JTAG_CONTROL' [d:/Learn/robotdreams/Homework_004/MicroBlaze/MicroBlaze.gen/sources_1/bd/MicroBlaze/ipshared/23b0/hdl/mdm_v3_2_rfs.vhd:10446]
INFO: [Synth 8-638] synthesizing module 'JTAG_CONTROL' [d:/Learn/robotdreams/Homework_004/MicroBlaze/MicroBlaze.gen/sources_1/bd/MicroBlaze/ipshared/23b0/hdl/mdm_v3_2_rfs.vhd:3372]
INFO: [Synth 8-3491] module 'xil_scan_reset_control' declared at 'd:/Learn/robotdreams/Homework_004/MicroBlaze/MicroBlaze.gen/sources_1/bd/MicroBlaze/ipshared/23b0/hdl/mdm_v3_2_rfs.vhd:306' bound to instance 'config_with_scan_reset_i' of component 'xil_scan_reset_control' [d:/Learn/robotdreams/Homework_004/MicroBlaze/MicroBlaze.gen/sources_1/bd/MicroBlaze/ipshared/23b0/hdl/mdm_v3_2_rfs.vhd:3681]
INFO: [Synth 8-3491] module 'xil_scan_reset_control' declared at 'd:/Learn/robotdreams/Homework_004/MicroBlaze/MicroBlaze.gen/sources_1/bd/MicroBlaze/ipshared/23b0/hdl/mdm_v3_2_rfs.vhd:306' bound to instance 'sel_with_scan_reset_i' of component 'xil_scan_reset_control' [d:/Learn/robotdreams/Homework_004/MicroBlaze/MicroBlaze.gen/sources_1/bd/MicroBlaze/ipshared/23b0/hdl/mdm_v3_2_rfs.vhd:3689]
	Parameter C_TARGET bound to: 3 - type: integer 
INFO: [Synth 8-3491] module 'MB_FDC_1' declared at 'd:/Learn/robotdreams/Homework_004/MicroBlaze/MicroBlaze.gen/sources_1/bd/MicroBlaze/ipshared/23b0/hdl/mdm_v3_2_rfs.vhd:768' bound to instance 'FDC_I' of component 'MB_FDC_1' [d:/Learn/robotdreams/Homework_004/MicroBlaze/MicroBlaze.gen/sources_1/bd/MicroBlaze/ipshared/23b0/hdl/mdm_v3_2_rfs.vhd:3746]
INFO: [Synth 8-638] synthesizing module 'MB_FDC_1' [d:/Learn/robotdreams/Homework_004/MicroBlaze/MicroBlaze.gen/sources_1/bd/MicroBlaze/ipshared/23b0/hdl/mdm_v3_2_rfs.vhd:784]
	Parameter INIT bound to: 1'b0 
INFO: [Synth 8-113] binding component instance 'Native' to cell 'FDC_1' [d:/Learn/robotdreams/Homework_004/MicroBlaze/MicroBlaze.gen/sources_1/bd/MicroBlaze/ipshared/23b0/hdl/mdm_v3_2_rfs.vhd:805]
INFO: [Synth 8-256] done synthesizing module 'MB_FDC_1' (0#1) [d:/Learn/robotdreams/Homework_004/MicroBlaze/MicroBlaze.gen/sources_1/bd/MicroBlaze/ipshared/23b0/hdl/mdm_v3_2_rfs.vhd:784]
	Parameter C_TARGET bound to: 3 - type: integer 
INFO: [Synth 8-3491] module 'MB_FDRE_1' declared at 'd:/Learn/robotdreams/Homework_004/MicroBlaze/MicroBlaze.gen/sources_1/bd/MicroBlaze/ipshared/23b0/hdl/mdm_v3_2_rfs.vhd:827' bound to instance 'SYNC_FDRE' of component 'MB_FDRE_1' [d:/Learn/robotdreams/Homework_004/MicroBlaze/MicroBlaze.gen/sources_1/bd/MicroBlaze/ipshared/23b0/hdl/mdm_v3_2_rfs.vhd:3756]
INFO: [Synth 8-638] synthesizing module 'MB_FDRE_1' [d:/Learn/robotdreams/Homework_004/MicroBlaze/MicroBlaze.gen/sources_1/bd/MicroBlaze/ipshared/23b0/hdl/mdm_v3_2_rfs.vhd:844]
	Parameter INIT bound to: 1'b0 
INFO: [Synth 8-113] binding component instance 'Native' to cell 'FDRE_1' [d:/Learn/robotdreams/Homework_004/MicroBlaze/MicroBlaze.gen/sources_1/bd/MicroBlaze/ipshared/23b0/hdl/mdm_v3_2_rfs.vhd:867]
INFO: [Synth 8-256] done synthesizing module 'MB_FDRE_1' (0#1) [d:/Learn/robotdreams/Homework_004/MicroBlaze/MicroBlaze.gen/sources_1/bd/MicroBlaze/ipshared/23b0/hdl/mdm_v3_2_rfs.vhd:844]
	Parameter C_TARGET bound to: 3 - type: integer 
	Parameter C_STATIC bound to: 1 - type: bool 
	Parameter C_USE_SRL16 bound to: yes - type: string 
	Parameter INIT bound to: 16'b0000000101100111 
INFO: [Synth 8-3491] module 'MB_SRL16E' declared at 'd:/Learn/robotdreams/Homework_004/MicroBlaze/MicroBlaze.gen/sources_1/bd/MicroBlaze/ipshared/23b0/hdl/mdm_v3_2_rfs.vhd:890' bound to instance 'SRL16E_1' of component 'MB_SRL16E' [d:/Learn/robotdreams/Homework_004/MicroBlaze/MicroBlaze.gen/sources_1/bd/MicroBlaze/ipshared/23b0/hdl/mdm_v3_2_rfs.vhd:3950]
INFO: [Synth 8-638] synthesizing module 'MB_SRL16E' [d:/Learn/robotdreams/Homework_004/MicroBlaze/MicroBlaze.gen/sources_1/bd/MicroBlaze/ipshared/23b0/hdl/mdm_v3_2_rfs.vhd:914]
	Parameter INIT bound to: 16'b0000000101100111 
INFO: [Synth 8-113] binding component instance 'MB_SRL16E_I1' to cell 'SRL16E' [d:/Learn/robotdreams/Homework_004/MicroBlaze/MicroBlaze.gen/sources_1/bd/MicroBlaze/ipshared/23b0/hdl/mdm_v3_2_rfs.vhd:918]
INFO: [Synth 8-256] done synthesizing module 'MB_SRL16E' (0#1) [d:/Learn/robotdreams/Homework_004/MicroBlaze/MicroBlaze.gen/sources_1/bd/MicroBlaze/ipshared/23b0/hdl/mdm_v3_2_rfs.vhd:914]
	Parameter C_TARGET bound to: 3 - type: integer 
	Parameter C_STATIC bound to: 1 - type: bool 
	Parameter C_USE_SRL16 bound to: yes - type: string 
	Parameter INIT bound to: 16'b0100001010000111 
INFO: [Synth 8-3491] module 'MB_SRL16E' declared at 'd:/Learn/robotdreams/Homework_004/MicroBlaze/MicroBlaze.gen/sources_1/bd/MicroBlaze/ipshared/23b0/hdl/mdm_v3_2_rfs.vhd:890' bound to instance 'SRL16E_2' of component 'MB_SRL16E' [d:/Learn/robotdreams/Homework_004/MicroBlaze/MicroBlaze.gen/sources_1/bd/MicroBlaze/ipshared/23b0/hdl/mdm_v3_2_rfs.vhd:3968]
INFO: [Synth 8-638] synthesizing module 'MB_SRL16E__parameterized1' [d:/Learn/robotdreams/Homework_004/MicroBlaze/MicroBlaze.gen/sources_1/bd/MicroBlaze/ipshared/23b0/hdl/mdm_v3_2_rfs.vhd:914]
	Parameter INIT bound to: 16'b0100001010000111 
INFO: [Synth 8-113] binding component instance 'MB_SRL16E_I1' to cell 'SRL16E' [d:/Learn/robotdreams/Homework_004/MicroBlaze/MicroBlaze.gen/sources_1/bd/MicroBlaze/ipshared/23b0/hdl/mdm_v3_2_rfs.vhd:918]
INFO: [Synth 8-256] done synthesizing module 'MB_SRL16E__parameterized1' (0#1) [d:/Learn/robotdreams/Homework_004/MicroBlaze/MicroBlaze.gen/sources_1/bd/MicroBlaze/ipshared/23b0/hdl/mdm_v3_2_rfs.vhd:914]
	Parameter C_TARGET bound to: 3 - type: integer 
	Parameter C_STATIC bound to: 1 - type: bool 
	Parameter C_USE_SRL16 bound to: yes - type: string 
	Parameter INIT bound to: 16'b0100010001000011 
INFO: [Synth 8-3491] module 'MB_SRL16E' declared at 'd:/Learn/robotdreams/Homework_004/MicroBlaze/MicroBlaze.gen/sources_1/bd/MicroBlaze/ipshared/23b0/hdl/mdm_v3_2_rfs.vhd:890' bound to instance 'SRL16E_ID_1' of component 'MB_SRL16E' [d:/Learn/robotdreams/Homework_004/MicroBlaze/MicroBlaze.gen/sources_1/bd/MicroBlaze/ipshared/23b0/hdl/mdm_v3_2_rfs.vhd:4039]
INFO: [Synth 8-638] synthesizing module 'MB_SRL16E__parameterized3' [d:/Learn/robotdreams/Homework_004/MicroBlaze/MicroBlaze.gen/sources_1/bd/MicroBlaze/ipshared/23b0/hdl/mdm_v3_2_rfs.vhd:914]
	Parameter INIT bound to: 16'b0100010001000011 
INFO: [Synth 8-113] binding component instance 'MB_SRL16E_I1' to cell 'SRL16E' [d:/Learn/robotdreams/Homework_004/MicroBlaze/MicroBlaze.gen/sources_1/bd/MicroBlaze/ipshared/23b0/hdl/mdm_v3_2_rfs.vhd:918]
INFO: [Synth 8-256] done synthesizing module 'MB_SRL16E__parameterized3' (0#1) [d:/Learn/robotdreams/Homework_004/MicroBlaze/MicroBlaze.gen/sources_1/bd/MicroBlaze/ipshared/23b0/hdl/mdm_v3_2_rfs.vhd:914]
	Parameter C_TARGET bound to: 3 - type: integer 
	Parameter C_STATIC bound to: 1 - type: bool 
	Parameter C_USE_SRL16 bound to: yes - type: string 
	Parameter INIT bound to: 16'b0101100001001101 
INFO: [Synth 8-3491] module 'MB_SRL16E' declared at 'd:/Learn/robotdreams/Homework_004/MicroBlaze/MicroBlaze.gen/sources_1/bd/MicroBlaze/ipshared/23b0/hdl/mdm_v3_2_rfs.vhd:890' bound to instance 'SRL16E_ID_2' of component 'MB_SRL16E' [d:/Learn/robotdreams/Homework_004/MicroBlaze/MicroBlaze.gen/sources_1/bd/MicroBlaze/ipshared/23b0/hdl/mdm_v3_2_rfs.vhd:4057]
INFO: [Synth 8-638] synthesizing module 'MB_SRL16E__parameterized5' [d:/Learn/robotdreams/Homework_004/MicroBlaze/MicroBlaze.gen/sources_1/bd/MicroBlaze/ipshared/23b0/hdl/mdm_v3_2_rfs.vhd:914]
	Parameter INIT bound to: 16'b0101100001001101 
INFO: [Synth 8-113] binding component instance 'MB_SRL16E_I1' to cell 'SRL16E' [d:/Learn/robotdreams/Homework_004/MicroBlaze/MicroBlaze.gen/sources_1/bd/MicroBlaze/ipshared/23b0/hdl/mdm_v3_2_rfs.vhd:918]
INFO: [Synth 8-256] done synthesizing module 'MB_SRL16E__parameterized5' (0#1) [d:/Learn/robotdreams/Homework_004/MicroBlaze/MicroBlaze.gen/sources_1/bd/MicroBlaze/ipshared/23b0/hdl/mdm_v3_2_rfs.vhd:914]
INFO: [Synth 8-256] done synthesizing module 'JTAG_CONTROL' (0#1) [d:/Learn/robotdreams/Homework_004/MicroBlaze/MicroBlaze.gen/sources_1/bd/MicroBlaze/ipshared/23b0/hdl/mdm_v3_2_rfs.vhd:3372]
INFO: [Synth 8-256] done synthesizing module 'MDM_Core' (0#1) [d:/Learn/robotdreams/Homework_004/MicroBlaze/MicroBlaze.gen/sources_1/bd/MicroBlaze/ipshared/23b0/hdl/mdm_v3_2_rfs.vhd:7052]
INFO: [Synth 8-256] done synthesizing module 'MDM' (0#1) [d:/Learn/robotdreams/Homework_004/MicroBlaze/MicroBlaze.gen/sources_1/bd/MicroBlaze/ipshared/23b0/hdl/mdm_v3_2_rfs.vhd:14379]
INFO: [Synth 8-256] done synthesizing module 'MicroBlaze_mdm_1_0' (0#1) [d:/Learn/robotdreams/Homework_004/MicroBlaze/MicroBlaze.gen/sources_1/bd/MicroBlaze/ip/MicroBlaze_mdm_1_0/synth/MicroBlaze_mdm_1_0.vhd:74]
WARNING: [Synth 8-6014] Unused sequential element set_Ext_BRK_reg was removed.  [d:/Learn/robotdreams/Homework_004/MicroBlaze/MicroBlaze.gen/sources_1/bd/MicroBlaze/ipshared/23b0/hdl/mdm_v3_2_rfs.vhd:4145]
INFO: [Synth 8-7129] Port Config_Reset in module MB_SRL16E__parameterized5 is either unconnected or has no load
INFO: [Synth 8-7129] Port Config_Reset in module MB_SRL16E__parameterized3 is either unconnected or has no load
INFO: [Synth 8-7129] Port Config_Reset in module MB_SRL16E__parameterized1 is either unconnected or has no load
INFO: [Synth 8-7129] Port Config_Reset in module MB_SRL16E is either unconnected or has no load
INFO: [Synth 8-7129] Port Clk in module JTAG_CONTROL is either unconnected or has no load
INFO: [Synth 8-7129] Port Rst in module JTAG_CONTROL is either unconnected or has no load
INFO: [Synth 8-7129] Port Clear_Ext_BRK in module JTAG_CONTROL is either unconnected or has no load
INFO: [Synth 8-7129] Port Read_RX_FIFO in module JTAG_CONTROL is either unconnected or has no load
INFO: [Synth 8-7129] Port Reset_RX_FIFO in module JTAG_CONTROL is either unconnected or has no load
INFO: [Synth 8-7129] Port Write_TX_FIFO in module JTAG_CONTROL is either unconnected or has no load
INFO: [Synth 8-7129] Port Reset_TX_FIFO in module JTAG_CONTROL is either unconnected or has no load
INFO: [Synth 8-7129] Port TX_Data[0] in module JTAG_CONTROL is either unconnected or has no load
INFO: [Synth 8-7129] Port TX_Data[1] in module JTAG_CONTROL is either unconnected or has no load
INFO: [Synth 8-7129] Port TX_Data[2] in module JTAG_CONTROL is either unconnected or has no load
INFO: [Synth 8-7129] Port TX_Data[3] in module JTAG_CONTROL is either unconnected or has no load
INFO: [Synth 8-7129] Port TX_Data[4] in module JTAG_CONTROL is either unconnected or has no load
INFO: [Synth 8-7129] Port TX_Data[5] in module JTAG_CONTROL is either unconnected or has no load
INFO: [Synth 8-7129] Port TX_Data[6] in module JTAG_CONTROL is either unconnected or has no load
INFO: [Synth 8-7129] Port TX_Data[7] in module JTAG_CONTROL is either unconnected or has no load
INFO: [Synth 8-7129] Port DbgReg_DRCK in module JTAG_CONTROL is either unconnected or has no load
INFO: [Synth 8-7129] Port DbgReg_UPDATE in module JTAG_CONTROL is either unconnected or has no load
INFO: [Synth 8-7129] Port DbgReg_Access_Lock in module JTAG_CONTROL is either unconnected or has no load
INFO: [Synth 8-7129] Port DbgReg_Force_Lock in module JTAG_CONTROL is either unconnected or has no load
INFO: [Synth 8-7129] Port DbgReg_Unlocked in module JTAG_CONTROL is either unconnected or has no load
INFO: [Synth 8-7129] Port AXI_Transaction in module JTAG_CONTROL is either unconnected or has no load
INFO: [Synth 8-7129] Port AXI_Instr_Overrun in module JTAG_CONTROL is either unconnected or has no load
INFO: [Synth 8-7129] Port AXI_Data_Overrun in module JTAG_CONTROL is either unconnected or has no load
INFO: [Synth 8-7129] Port RESET in module JTAG_CONTROL is either unconnected or has no load
INFO: [Synth 8-7129] Port M_AXI_ACLK in module JTAG_CONTROL is either unconnected or has no load
INFO: [Synth 8-7129] Port M_AXI_ARESETn in module JTAG_CONTROL is either unconnected or has no load
INFO: [Synth 8-7129] Port Master_rd_idle in module JTAG_CONTROL is either unconnected or has no load
INFO: [Synth 8-7129] Port Master_rd_resp[1] in module JTAG_CONTROL is either unconnected or has no load
INFO: [Synth 8-7129] Port Master_rd_resp[0] in module JTAG_CONTROL is either unconnected or has no load
INFO: [Synth 8-7129] Port Master_wr_idle in module JTAG_CONTROL is either unconnected or has no load
INFO: [Synth 8-7129] Port Master_wr_resp[1] in module JTAG_CONTROL is either unconnected or has no load
INFO: [Synth 8-7129] Port Master_wr_resp[0] in module JTAG_CONTROL is either unconnected or has no load
INFO: [Synth 8-7129] Port Master_data_out[31] in module JTAG_CONTROL is either unconnected or has no load
INFO: [Synth 8-7129] Port Master_data_out[30] in module JTAG_CONTROL is either unconnected or has no load
INFO: [Synth 8-7129] Port Master_data_out[29] in module JTAG_CONTROL is either unconnected or has no load
INFO: [Synth 8-7129] Port Master_data_out[28] in module JTAG_CONTROL is either unconnected or has no load
INFO: [Synth 8-7129] Port Master_data_out[27] in module JTAG_CONTROL is either unconnected or has no load
INFO: [Synth 8-7129] Port Master_data_out[26] in module JTAG_CONTROL is either unconnected or has no load
INFO: [Synth 8-7129] Port Master_data_out[25] in module JTAG_CONTROL is either unconnected or has no load
INFO: [Synth 8-7129] Port Master_data_out[24] in module JTAG_CONTROL is either unconnected or has no load
INFO: [Synth 8-7129] Port Master_data_out[23] in module JTAG_CONTROL is either unconnected or has no load
INFO: [Synth 8-7129] Port Master_data_out[22] in module JTAG_CONTROL is either unconnected or has no load
INFO: [Synth 8-7129] Port Master_data_out[21] in module JTAG_CONTROL is either unconnected or has no load
INFO: [Synth 8-7129] Port Master_data_out[20] in module JTAG_CONTROL is either unconnected or has no load
INFO: [Synth 8-7129] Port Master_data_out[19] in module JTAG_CONTROL is either unconnected or has no load
INFO: [Synth 8-7129] Port Master_data_out[18] in module JTAG_CONTROL is either unconnected or has no load
INFO: [Synth 8-7129] Port Master_data_out[17] in module JTAG_CONTROL is either unconnected or has no load
INFO: [Synth 8-7129] Port Master_data_out[16] in module JTAG_CONTROL is either unconnected or has no load
INFO: [Synth 8-7129] Port Master_data_out[15] in module JTAG_CONTROL is either unconnected or has no load
INFO: [Synth 8-7129] Port Master_data_out[14] in module JTAG_CONTROL is either unconnected or has no load
INFO: [Synth 8-7129] Port Master_data_out[13] in module JTAG_CONTROL is either unconnected or has no load
INFO: [Synth 8-7129] Port Master_data_out[12] in module JTAG_CONTROL is either unconnected or has no load
INFO: [Synth 8-7129] Port Master_data_out[11] in module JTAG_CONTROL is either unconnected or has no load
INFO: [Synth 8-7129] Port Master_data_out[10] in module JTAG_CONTROL is either unconnected or has no load
INFO: [Synth 8-7129] Port Master_data_out[9] in module JTAG_CONTROL is either unconnected or has no load
INFO: [Synth 8-7129] Port Master_data_out[8] in module JTAG_CONTROL is either unconnected or has no load
INFO: [Synth 8-7129] Port Master_data_out[7] in module JTAG_CONTROL is either unconnected or has no load
INFO: [Synth 8-7129] Port Master_data_out[6] in module JTAG_CONTROL is either unconnected or has no load
INFO: [Synth 8-7129] Port Master_data_out[5] in module JTAG_CONTROL is either unconnected or has no load
INFO: [Synth 8-7129] Port Master_data_out[4] in module JTAG_CONTROL is either unconnected or has no load
INFO: [Synth 8-7129] Port Master_data_out[3] in module JTAG_CONTROL is either unconnected or has no load
INFO: [Synth 8-7129] Port Master_data_out[2] in module JTAG_CONTROL is either unconnected or has no load
INFO: [Synth 8-7129] Port Master_data_out[1] in module JTAG_CONTROL is either unconnected or has no load
INFO: [Synth 8-7129] Port Master_data_out[0] in module JTAG_CONTROL is either unconnected or has no load
INFO: [Synth 8-7129] Port Master_data_exists in module JTAG_CONTROL is either unconnected or has no load
INFO: [Synth 8-7129] Port Master_data_empty in module JTAG_CONTROL is either unconnected or has no load
INFO: [Synth 8-7129] Port Master_dwr_done in module JTAG_CONTROL is either unconnected or has no load
INFO: [Synth 8-7129] Port Master_dwr_resp[1] in module JTAG_CONTROL is either unconnected or has no load
INFO: [Synth 8-7129] Port Master_dwr_resp[0] in module JTAG_CONTROL is either unconnected or has no load
INFO: [Synth 8-7129] Port Dbg_Trig_In_0[0] in module JTAG_CONTROL is either unconnected or has no load
INFO: [Synth 8-7129] Port Dbg_Trig_In_0[1] in module JTAG_CONTROL is either unconnected or has no load
INFO: [Synth 8-7129] Port Dbg_Trig_In_0[2] in module JTAG_CONTROL is either unconnected or has no load
INFO: [Synth 8-7129] Port Dbg_Trig_In_0[3] in module JTAG_CONTROL is either unconnected or has no load
INFO: [Synth 8-7129] Port Dbg_Trig_In_0[4] in module JTAG_CONTROL is either unconnected or has no load
INFO: [Synth 8-7129] Port Dbg_Trig_In_0[5] in module JTAG_CONTROL is either unconnected or has no load
INFO: [Synth 8-7129] Port Dbg_Trig_In_0[6] in module JTAG_CONTROL is either unconnected or has no load
INFO: [Synth 8-7129] Port Dbg_Trig_In_0[7] in module JTAG_CONTROL is either unconnected or has no load
INFO: [Synth 8-7129] Port Dbg_Trig_In_1[0] in module JTAG_CONTROL is either unconnected or has no load
INFO: [Synth 8-7129] Port Dbg_Trig_In_1[1] in module JTAG_CONTROL is either unconnected or has no load
INFO: [Synth 8-7129] Port Dbg_Trig_In_1[2] in module JTAG_CONTROL is either unconnected or has no load
INFO: [Synth 8-7129] Port Dbg_Trig_In_1[3] in module JTAG_CONTROL is either unconnected or has no load
INFO: [Synth 8-7129] Port Dbg_Trig_In_1[4] in module JTAG_CONTROL is either unconnected or has no load
INFO: [Synth 8-7129] Port Dbg_Trig_In_1[5] in module JTAG_CONTROL is either unconnected or has no load
INFO: [Synth 8-7129] Port Dbg_Trig_In_1[6] in module JTAG_CONTROL is either unconnected or has no load
INFO: [Synth 8-7129] Port Dbg_Trig_In_1[7] in module JTAG_CONTROL is either unconnected or has no load
INFO: [Synth 8-7129] Port Dbg_Trig_In_2[0] in module JTAG_CONTROL is either unconnected or has no load
INFO: [Synth 8-7129] Port Dbg_Trig_In_2[1] in module JTAG_CONTROL is either unconnected or has no load
INFO: [Synth 8-7129] Port Dbg_Trig_In_2[2] in module JTAG_CONTROL is either unconnected or has no load
INFO: [Synth 8-7129] Port Dbg_Trig_In_2[3] in module JTAG_CONTROL is either unconnected or has no load
INFO: [Synth 8-7129] Port Dbg_Trig_In_2[4] in module JTAG_CONTROL is either unconnected or has no load
INFO: [Synth 8-7129] Port Dbg_Trig_In_2[5] in module JTAG_CONTROL is either unconnected or has no load
INFO: [Synth 8-7129] Port Dbg_Trig_In_2[6] in module JTAG_CONTROL is either unconnected or has no load
INFO: [Synth 8-7129] Port Dbg_Trig_In_2[7] in module JTAG_CONTROL is either unconnected or has no load
INFO: [Synth 8-7129] Port Dbg_Trig_In_3[0] in module JTAG_CONTROL is either unconnected or has no load
INFO: [Synth 8-7129] Port Dbg_Trig_In_3[1] in module JTAG_CONTROL is either unconnected or has no load
INFO: [Synth 8-7129] Port Dbg_Trig_In_3[2] in module JTAG_CONTROL is either unconnected or has no load
INFO: [Common 17-14] Message 'Synth 8-7129' appears 100 times and further instances of the messages will be disabled. Use the Tcl command set_msg_config to change the current settings.
---------------------------------------------------------------------------------
Finished RTL Elaboration : Time (s): cpu = 00:00:11 ; elapsed = 00:00:17 . Memory (MB): peak = 1565.898 ; gain = 729.977
---------------------------------------------------------------------------------
---------------------------------------------------------------------------------
Start Handling Custom Attributes
---------------------------------------------------------------------------------
---------------------------------------------------------------------------------
Finished Handling Custom Attributes : Time (s): cpu = 00:00:12 ; elapsed = 00:00:17 . Memory (MB): peak = 1565.898 ; gain = 729.977
---------------------------------------------------------------------------------
---------------------------------------------------------------------------------
Finished RTL Optimization Phase 1 : Time (s): cpu = 00:00:12 ; elapsed = 00:00:17 . Memory (MB): peak = 1565.898 ; gain = 729.977
---------------------------------------------------------------------------------
Netlist sorting complete. Time (s): cpu = 00:00:00 ; elapsed = 00:00:00.086 . Memory (MB): peak = 1565.898 ; gain = 0.000
INFO: [Netlist 29-17] Analyzing 2 Unisim elements for replacement
INFO: [Netlist 29-28] Unisim Transformation completed in 0 CPU seconds
INFO: [Project 1-570] Preparing netlist for logic optimization

Processing XDC Constraints
Initializing timing engine
Parsing XDC File [D:/Learn/robotdreams/Homework_004/MicroBlaze/MicroBlaze.runs/MicroBlaze_mdm_1_0_synth_1/dont_touch.xdc]
Finished Parsing XDC File [D:/Learn/robotdreams/Homework_004/MicroBlaze/MicroBlaze.runs/MicroBlaze_mdm_1_0_synth_1/dont_touch.xdc]
Parsing XDC File [d:/Learn/robotdreams/Homework_004/MicroBlaze/MicroBlaze.gen/sources_1/bd/MicroBlaze/ip/MicroBlaze_mdm_1_0/MicroBlaze_mdm_1_0_ooc_trace.xdc] for cell 'U0'
Finished Parsing XDC File [d:/Learn/robotdreams/Homework_004/MicroBlaze/MicroBlaze.gen/sources_1/bd/MicroBlaze/ip/MicroBlaze_mdm_1_0/MicroBlaze_mdm_1_0_ooc_trace.xdc] for cell 'U0'
Parsing XDC File [d:/Learn/robotdreams/Homework_004/MicroBlaze/MicroBlaze.gen/sources_1/bd/MicroBlaze/ip/MicroBlaze_mdm_1_0/MicroBlaze_mdm_1_0.xdc] for cell 'U0'
Finished Parsing XDC File [d:/Learn/robotdreams/Homework_004/MicroBlaze/MicroBlaze.gen/sources_1/bd/MicroBlaze/ip/MicroBlaze_mdm_1_0/MicroBlaze_mdm_1_0.xdc] for cell 'U0'
INFO: [Project 1-236] Implementation specific constraints were found while reading constraint file [d:/Learn/robotdreams/Homework_004/MicroBlaze/MicroBlaze.gen/sources_1/bd/MicroBlaze/ip/MicroBlaze_mdm_1_0/MicroBlaze_mdm_1_0.xdc]. These constraints will be ignored for synthesis but will be used in implementation. Impacted constraints are listed in the file [.Xil/MicroBlaze_mdm_1_0_propImpl.xdc].
Resolution: To avoid this warning, move constraints listed in [.Xil/MicroBlaze_mdm_1_0_propImpl.xdc] to another XDC file and exclude this new file from synthesis with the used_in_synthesis property (File Properties dialog in GUI) and re-run elaboration/synthesis.
Completed Processing XDC Constraints

Netlist sorting complete. Time (s): cpu = 00:00:00 ; elapsed = 00:00:00.002 . Memory (MB): peak = 1627.410 ; gain = 0.000
INFO: [Project 1-111] Unisim Transformation Summary:
  A total of 2 instances were transformed.
  FDC_1 => FDCE (inverted pins: C): 1 instance 
  FDRE_1 => FDRE (inverted pins: C): 1 instance 

Constraint Validation Runtime : Time (s): cpu = 00:00:00 ; elapsed = 00:00:00.056 . Memory (MB): peak = 1629.164 ; gain = 0.000
INFO: [Designutils 20-5008] Incremental synthesis strategy off
---------------------------------------------------------------------------------
Finished Constraint Validation : Time (s): cpu = 00:00:24 ; elapsed = 00:00:34 . Memory (MB): peak = 1629.164 ; gain = 793.242
---------------------------------------------------------------------------------
---------------------------------------------------------------------------------
Start Loading Part and Timing Information
---------------------------------------------------------------------------------
Loading part: xc7z010clg400-2
---------------------------------------------------------------------------------
Finished Loading Part and Timing Information : Time (s): cpu = 00:00:24 ; elapsed = 00:00:34 . Memory (MB): peak = 1629.164 ; gain = 793.242
---------------------------------------------------------------------------------
---------------------------------------------------------------------------------
Start Applying 'set_property' XDC Constraints
---------------------------------------------------------------------------------
---------------------------------------------------------------------------------
Finished applying 'set_property' XDC Constraints : Time (s): cpu = 00:00:24 ; elapsed = 00:00:34 . Memory (MB): peak = 1629.164 ; gain = 793.242
---------------------------------------------------------------------------------
---------------------------------------------------------------------------------
Finished RTL Optimization Phase 2 : Time (s): cpu = 00:00:25 ; elapsed = 00:00:34 . Memory (MB): peak = 1629.164 ; gain = 793.242
---------------------------------------------------------------------------------
---------------------------------------------------------------------------------
Start RTL Component Statistics 
---------------------------------------------------------------------------------
Detailed RTL Component Info : 
+---Adders : 
	   2 Input   10 Bit       Adders := 1     
	   2 Input    6 Bit       Adders := 1     
	   2 Input    5 Bit       Adders := 1     
	   2 Input    2 Bit       Adders := 1     
+---Registers : 
	               32 Bit    Registers := 1     
	               16 Bit    Registers := 1     
	                8 Bit    Registers := 3     
	                6 Bit    Registers := 2     
	                5 Bit    Registers := 1     
	                4 Bit    Registers := 3     
	                3 Bit    Registers := 1     
	                2 Bit    Registers := 1     
	                1 Bit    Registers := 11    
+---Muxes : 
	   2 Input   16 Bit        Muxes := 4     
	   2 Input   10 Bit        Muxes := 3     
	   2 Input    8 Bit        Muxes := 3     
	   2 Input    6 Bit        Muxes := 1     
	   2 Input    5 Bit        Muxes := 1     
	   2 Input    3 Bit        Muxes := 2     
	   2 Input    2 Bit        Muxes := 1     
	   2 Input    1 Bit        Muxes := 23    
	   4 Input    1 Bit        Muxes := 1     
---------------------------------------------------------------------------------
Finished RTL Component Statistics 
---------------------------------------------------------------------------------
---------------------------------------------------------------------------------
Start Part Resource Summary
---------------------------------------------------------------------------------
Part Resources:
DSPs: 80 (col length:40)
BRAMs: 120 (col length: RAMB18 40 RAMB36 20)
---------------------------------------------------------------------------------
Finished Part Resource Summary
---------------------------------------------------------------------------------
---------------------------------------------------------------------------------
Start Cross Boundary and Area Optimization
---------------------------------------------------------------------------------
---------------------------------------------------------------------------------
Finished Cross Boundary and Area Optimization : Time (s): cpu = 00:00:29 ; elapsed = 00:00:40 . Memory (MB): peak = 1629.164 ; gain = 793.242
---------------------------------------------------------------------------------
---------------------------------------------------------------------------------
Start Applying XDC Timing Constraints
---------------------------------------------------------------------------------
---------------------------------------------------------------------------------
Finished Applying XDC Timing Constraints : Time (s): cpu = 00:00:38 ; elapsed = 00:00:51 . Memory (MB): peak = 1765.051 ; gain = 929.129
---------------------------------------------------------------------------------
---------------------------------------------------------------------------------
Start Timing Optimization
---------------------------------------------------------------------------------
---------------------------------------------------------------------------------
Finished Timing Optimization : Time (s): cpu = 00:00:38 ; elapsed = 00:00:51 . Memory (MB): peak = 1798.539 ; gain = 962.617
---------------------------------------------------------------------------------
---------------------------------------------------------------------------------
Start Technology Mapping
---------------------------------------------------------------------------------
---------------------------------------------------------------------------------
Finished Technology Mapping : Time (s): cpu = 00:00:38 ; elapsed = 00:00:52 . Memory (MB): peak = 1798.539 ; gain = 962.617
---------------------------------------------------------------------------------
---------------------------------------------------------------------------------
Start IO Insertion
---------------------------------------------------------------------------------
---------------------------------------------------------------------------------
Start Flattening Before IO Insertion
---------------------------------------------------------------------------------
---------------------------------------------------------------------------------
Finished Flattening Before IO Insertion
---------------------------------------------------------------------------------
---------------------------------------------------------------------------------
Start Final Netlist Cleanup
---------------------------------------------------------------------------------
---------------------------------------------------------------------------------
Finished Final Netlist Cleanup
---------------------------------------------------------------------------------
---------------------------------------------------------------------------------
Finished IO Insertion : Time (s): cpu = 00:00:43 ; elapsed = 00:00:56 . Memory (MB): peak = 2051.590 ; gain = 1215.668
---------------------------------------------------------------------------------
---------------------------------------------------------------------------------
Start Renaming Generated Instances
---------------------------------------------------------------------------------
---------------------------------------------------------------------------------
Finished Renaming Generated Instances : Time (s): cpu = 00:00:43 ; elapsed = 00:00:56 . Memory (MB): peak = 2051.590 ; gain = 1215.668
---------------------------------------------------------------------------------
---------------------------------------------------------------------------------
Start Rebuilding User Hierarchy
---------------------------------------------------------------------------------
---------------------------------------------------------------------------------
Finished Rebuilding User Hierarchy : Time (s): cpu = 00:00:43 ; elapsed = 00:00:56 . Memory (MB): peak = 2051.590 ; gain = 1215.668
---------------------------------------------------------------------------------
---------------------------------------------------------------------------------
Start Renaming Generated Ports
---------------------------------------------------------------------------------
---------------------------------------------------------------------------------
Finished Renaming Generated Ports : Time (s): cpu = 00:00:43 ; elapsed = 00:00:56 . Memory (MB): peak = 2051.590 ; gain = 1215.668
---------------------------------------------------------------------------------
---------------------------------------------------------------------------------
Start Handling Custom Attributes
---------------------------------------------------------------------------------
---------------------------------------------------------------------------------
Finished Handling Custom Attributes : Time (s): cpu = 00:00:43 ; elapsed = 00:00:56 . Memory (MB): peak = 2051.590 ; gain = 1215.668
---------------------------------------------------------------------------------
---------------------------------------------------------------------------------
Start Renaming Generated Nets
---------------------------------------------------------------------------------
---------------------------------------------------------------------------------
Finished Renaming Generated Nets : Time (s): cpu = 00:00:43 ; elapsed = 00:00:56 . Memory (MB): peak = 2051.590 ; gain = 1215.668
---------------------------------------------------------------------------------
---------------------------------------------------------------------------------
Start ROM, RAM, DSP, Shift Register and Retiming Reporting
---------------------------------------------------------------------------------

Static Shift Register Report:
+------------+------------------------------------------+--------+-------+--------------+--------------------+-------------------+--------+---------+
|Module Name | RTL Name                                 | Length | Width | Reset Signal | Pull out first Reg | Pull out last Reg | SRL16E | SRLC32E | 
+------------+------------------------------------------+--------+-------+--------------+--------------------+-------------------+--------+---------+
|MDM         | MDM_Core_I1/Use_BSCAN.Config_Reg_reg[26] | 4      | 1     | YES          | NO                 | YES               | 1      | 0       | 
|MDM         | MDM_Core_I1/Use_BSCAN.Config_Reg_reg[10] | 15     | 1     | YES          | NO                 | YES               | 1      | 0       | 
|MDM         | MDM_Core_I1/Use_BSCAN.Config_Reg_reg[3]  | 6      | 1     | YES          | NO                 | YES               | 1      | 0       | 
+------------+------------------------------------------+--------+-------+--------------+--------------------+-------------------+--------+---------+

---------------------------------------------------------------------------------
Finished ROM, RAM, DSP, Shift Register and Retiming Reporting
---------------------------------------------------------------------------------
---------------------------------------------------------------------------------
Start Writing Synthesis Report
---------------------------------------------------------------------------------

Report BlackBoxes: 
+-+--------------+----------+
| |BlackBox name |Instances |
+-+--------------+----------+
+-+--------------+----------+

Report Cell Usage: 
+------+--------+------+
|      |Cell    |Count |
+------+--------+------+
|1     |BSCANE2 |     1|
|2     |BUFG    |     1|
|3     |LUT1    |     5|
|4     |LUT2    |    13|
|5     |LUT3    |    23|
|6     |LUT4    |    13|
|7     |LUT5    |    16|
|8     |LUT6    |    36|
|9     |SRL16E  |     7|
|10    |FDCE    |    30|
|11    |FDC     |     1|
|12    |FDPE    |     6|
|13    |FDRE    |    74|
+------+--------+------+
---------------------------------------------------------------------------------
Finished Writing Synthesis Report : Time (s): cpu = 00:00:43 ; elapsed = 00:00:56 . Memory (MB): peak = 2051.590 ; gain = 1215.668
---------------------------------------------------------------------------------
Synthesis finished with 0 errors, 0 critical warnings and 0 warnings.
Synthesis Optimization Runtime : Time (s): cpu = 00:00:27 ; elapsed = 00:00:50 . Memory (MB): peak = 2051.590 ; gain = 1152.402
Synthesis Optimization Complete : Time (s): cpu = 00:00:43 ; elapsed = 00:00:56 . Memory (MB): peak = 2051.590 ; gain = 1215.668
INFO: [Project 1-571] Translating synthesized netlist
Netlist sorting complete. Time (s): cpu = 00:00:00 ; elapsed = 00:00:00.018 . Memory (MB): peak = 2051.590 ; gain = 0.000
INFO: [Netlist 29-17] Analyzing 2 Unisim elements for replacement
INFO: [Netlist 29-28] Unisim Transformation completed in 0 CPU seconds
INFO: [Project 1-570] Preparing netlist for logic optimization
INFO: [Opt 31-138] Pushed 0 inverter(s) to 0 load pin(s).
Netlist sorting complete. Time (s): cpu = 00:00:00 ; elapsed = 00:00:00 . Memory (MB): peak = 2064.414 ; gain = 0.000
INFO: [Project 1-111] Unisim Transformation Summary:
  A total of 2 instances were transformed.
  FDC_1 => FDCE (inverted pins: C): 1 instance 
  FDRE_1 => FDRE (inverted pins: C): 1 instance 

Synth Design complete | Checksum: 73f5c00f
INFO: [Common 17-83] Releasing license: Vivado_Synthesis
174 Infos, 1 Warnings, 0 Critical Warnings and 0 Errors encountered.
synth_design completed successfully
synth_design: Time (s): cpu = 00:00:48 ; elapsed = 00:01:19 . Memory (MB): peak = 2064.414 ; gain = 1433.273
Write ShapeDB Complete: Time (s): cpu = 00:00:00 ; elapsed = 00:00:00.001 . Memory (MB): peak = 2064.414 ; gain = 0.000
INFO: [Common 17-1381] The checkpoint 'D:/Learn/robotdreams/Homework_004/MicroBlaze/MicroBlaze.runs/MicroBlaze_mdm_1_0_synth_1/MicroBlaze_mdm_1_0.dcp' has been generated.
INFO: [Ipptcl 7-1612] Added synthesis output to IP cache for IP MicroBlaze_mdm_1_0, cache-ID = 7389a9884341f2eb
INFO: [Coretcl 2-1174] Renamed 12 cell refs.
Write ShapeDB Complete: Time (s): cpu = 00:00:00 ; elapsed = 00:00:00.001 . Memory (MB): peak = 2064.414 ; gain = 0.000
INFO: [Common 17-1381] The checkpoint 'D:/Learn/robotdreams/Homework_004/MicroBlaze/MicroBlaze.runs/MicroBlaze_mdm_1_0_synth_1/MicroBlaze_mdm_1_0.dcp' has been generated.
INFO: [Vivado 12-24828] Executing command : report_utilization -file MicroBlaze_mdm_1_0_utilization_synth.rpt -pb MicroBlaze_mdm_1_0_utilization_synth.pb
INFO: [Common 17-206] Exiting Vivado at Fri Oct  2 13:03:25 2026...
