
*** Running vivado
    with args -log MicroBlaze_ilmb_v10_0.vds -m64 -product Vivado -mode batch -messageDb vivado.pb -notrace -source MicroBlaze_ilmb_v10_0.tcl


INFO: [Common 17-3922] A valid Vivado Design Suite BASIC license has been detected. Your current license is active and will expire on 03-aug-2027.
#-----------------------------------------------------------
# Vivado v2026.1 (64-bit)
# SW Build 6511674 on Tue Jun 16 11:02:23 MDT 2026
# IP Build 6504888 on Tue Jun 09 09:05:25 MDT 2026
# SharedData Build 6501428 on Mon Jun 08 17:34:18 MDT 2026
# Start of session at: Fri Oct  2 13:03:21 2026
# Process ID         : 26840
# Current directory  : D:/Learn/robotdreams/Homework_004/MicroBlaze/MicroBlaze.runs/MicroBlaze_ilmb_v10_0_synth_1
# Command line       : vivado.exe -log MicroBlaze_ilmb_v10_0.vds -product Vivado -mode batch -messageDb vivado.pb -notrace -source MicroBlaze_ilmb_v10_0.tcl
# Log file           : D:/Learn/robotdreams/Homework_004/MicroBlaze/MicroBlaze.runs/MicroBlaze_ilmb_v10_0_synth_1/MicroBlaze_ilmb_v10_0.vds
# Journal file       : D:/Learn/robotdreams/Homework_004/MicroBlaze/MicroBlaze.runs/MicroBlaze_ilmb_v10_0_synth_1\vivado.jou
# Running On         : DESKTOP-IOFH4PG
# Platform           : Windows 11
# Operating System   : 26200
# Processor Detail   : 13th Gen Intel(R) Core(TM) i7-13650HX
# CPU Frequency      : 2803 MHz
# CPU Physical cores : 14
# CPU Logical cores  : 20
# Host memory        : 34053 MB
# Swap memory        : 27973 MB
# Total Virtual      : 62026 MB
# Available Virtual  : 11367 MB
#-----------------------------------------------------------

****** Vivado v2026.1 (64-bit)
  **** SW Build 6511674 on Tue Jun 16 11:02:23 MDT 2026
  **** IP Build 6504888 on Tue Jun 09 09:05:25 MDT 2026
  **** SharedData Build 6501428 on Mon Jun 08 17:34:18 MDT 2026
  **** Start of session at: Fri Oct  2 13:03:21 2026
    ** Copyright 1986-2022 Xilinx, Inc. All Rights Reserved.
    ** Copyright 2022-2026 Advanced Micro Devices, Inc. All Rights Reserved.

source MicroBlaze_ilmb_v10_0.tcl -notrace
create_project: Time (s): cpu = 00:00:12 ; elapsed = 00:00:08 . Memory (MB): peak = 612.152 ; gain = 269.121
INFO: [IP_Flow 19-4838] Using cached IP synthesis design for IP MicroBlaze_ilmb_v10_0, cache-ID = 9f3582718273aa6f.
INFO: [Common 17-206] Exiting Vivado at Fri Oct  2 13:03:35 2026...
